Archive member included to satisfy reference by file (symbol)

../lib\libHXFASTLib_HX280025_libV2.0.a(estlib.o)
                              ./src_control/motor1_drive.o (EST_setParams)
D:/Haawking-IDE_V2.3.3Pre/haawking-tools/segger_lib\libhaawking-segger_imfc.a(floatops.o)
                              ./src_control/motor_common.o (sqrtf)
D:/Haawking-IDE_V2.3.3Pre/haawking-tools/segger_lib\libhaawking-segger_imfc.a(intops.o)
                              ./haawking-drivers/haawking-dsc280025_edc-board/common/syscalls.o (__udivdi3)
D:/Haawking-IDE_V2.3.3Pre/haawking-tools/segger_lib\libhaawking-segger_imfc.a(floatasmops_rv.o)
                              ./haawking-drivers/haawking-dsc280025_edc-board/common/syscalls.o (__subdf3)
D:/Haawking-IDE_V2.3.3Pre/haawking-tools/segger_lib\libhaawking-segger_imfc.a(intasmops_rv.o)
                              D:/Haawking-IDE_V2.3.3Pre/haawking-tools/segger_lib\libhaawking-segger_imfc.a(floatops.o) (__ashldi3)

Discarded input sections

 .text          0x0000000000000000        0x2 ./src_control/motor1_drive.o
 .llvm_addrsig  0x0000000000000000       0xac ./src_control/motor1_drive.o
 .text          0x0000000000000000        0x2 ./src_control/motor_common.o
 .llvm_addrsig  0x0000000000000000       0x3e ./src_control/motor_common.o
 .text          0x0000000000000000        0x2 ./src_board/drv8323s.o
 .text.DRV8323_getPeakSourCurHS
                0x0000000000000000       0x1e ./src_board/drv8323s.o
 .text.DRV8323_getPeakSinkCurHS
                0x0000000000000000       0x1c ./src_board/drv8323s.o
 .text.DRV8323_getPeakSourTime
                0x0000000000000000       0x1a ./src_board/drv8323s.o
 .text.DRV8323_getPeakSourCurLS
                0x0000000000000000       0x1a ./src_board/drv8323s.o
 .text.DRV8323_getPeakSinkCurLS
                0x0000000000000000       0x18 ./src_board/drv8323s.o
 .text.DRV8323_getVDSDeglitch
                0x0000000000000000       0x1e ./src_board/drv8323s.o
 .text.DRV8323_getDeadTime
                0x0000000000000000       0x1e ./src_board/drv8323s.o
 .text.DRV8323_getPWMMode
                0x0000000000000000       0x1a ./src_board/drv8323s.o
 .text.DRV8323_readData
                0x0000000000000000      0x102 ./src_board/drv8323s.o
 .llvm_addrsig  0x0000000000000000       0x17 ./src_board/drv8323s.o
 .text          0x0000000000000000        0x2 ./src_board/hal.o
 .text.HAL_disableGlobalInts
                0x0000000000000000       0x14 ./src_board/hal.o
 .text.HAL_disableWdog
                0x0000000000000000       0x12 ./src_board/hal.o
 .text.HAL_readDRVData
                0x0000000000000000       0x1a ./src_board/hal.o
 .text.HAL_setupMtrFaults
                0x0000000000000000      0x27c ./src_board/hal.o
 .text.XBAR_disableEPWMMux
                0x0000000000000000       0x2a ./src_board/hal.o
 .text.XBAR_enableEPWMMux
                0x0000000000000000       0x26 ./src_board/hal.o
 .text.XBAR_setInputPin
                0x0000000000000000       0x82 ./src_board/hal.o
 .text.XBAR_lockInput
                0x0000000000000000       0x40 ./src_board/hal.o
 .text.EPWM_enableTripZoneSignals
                0x0000000000000000       0x44 ./src_board/hal.o
 .text.EPWM_enableDigitalCompareTripCombinationInput
                0x0000000000000000       0x70 ./src_board/hal.o
 .text.EPWM_setTripZoneDigitalCompareEventCondition
                0x0000000000000000       0x5a ./src_board/hal.o
 .text.EPWM_setDigitalCompareEventSource
                0x0000000000000000       0x74 ./src_board/hal.o
 .text.EPWM_setDigitalCompareEventSyncMode
                0x0000000000000000       0x76 ./src_board/hal.o
 .text.EPWM_setTripZoneAction
                0x0000000000000000       0x5a ./src_board/hal.o
 .text.EPWM_clearTripZoneFlag
                0x0000000000000000       0x64 ./src_board/hal.o
 .text.HAL_setupPeripheralClks
                0x0000000000000000      0x18e ./src_board/hal.o
 .text.HAL_setupADCTriggerTimer
                0x0000000000000000       0x66 ./src_board/hal.o
 .text.CPUTimer_enableInterrupt
                0x0000000000000000       0x40 ./src_board/hal.o
 .text.HAL_clearDataRAM
                0x0000000000000000       0x3c ./src_board/hal.o
 .text.XBAR_isBaseValid
                0x0000000000000000       0x3c ./src_board/hal.o
 .llvm_addrsig  0x0000000000000000      0x13d ./src_board/hal.o
 .text          0x0000000000000000        0x2 ./src_board/user_mtr1.o
 .llvm_addrsig  0x0000000000000000        0x0 ./src_board/user_mtr1.o
 .text          0x0000000000000000        0x2 ./src/main.o
 .llvm_addrsig  0x0000000000000000       0x4e ./src/main.o
 .text          0x0000000000000000        0x4 ./haawking-drivers/haawking-dsc280025_edc-board/common/crt.o
 .text          0x0000000000000000      0x2d6 ./haawking-drivers/haawking-dsc280025_edc-board/common/hx_fintdiv.o
 .debug_info    0x0000000000000000      0x591 ./haawking-drivers/haawking-dsc280025_edc-board/common/hx_fintdiv.o
[...]
Memory Configuration

Name             Origin             Length             Attributes
AdcaRegs_FILE    0x0000000000001800 0x0000000000000110 xrw
AdcaResultRegs_FILE 0x0000000000001940 0x0000000000000050 xrw
AdccRegs_FILE    0x0000000000001c00 0x0000000000000110 xrw
AdccResultRegs_FILE 0x0000000000001d40 0x0000000000000050 xrw
HicRegs_FILE     0x0000000000002800 0x0000000000000100 xrw
DmaRegs_FILE     0x0000000000003000 0x0000000000000380 xrw
BgcrcCpuRegs_FILE 0x0000000000003400 0x0000000000000110 xrw
MemCfgRegs_FILE  0x0000000000003800 0x000000000000005c xrw
MemoryErrorRegs_FILE 0x000000000000385c 0x0000000000000040 xrw
AccessProtectionRegs_FILE 0x000000000000389c 0x0000000000000050 xrw
CpuTimer0Regs_FILE 0x0000000000005000 0x0000000000000010 xrw
CpuTimer1Regs_FILE 0x0000000000005010 0x0000000000000010 xrw
CpuTimer2Regs_FILE 0x0000000000005020 0x0000000000000010 xrw
PieCtrlRegs_FILE 0x0000000000005100 0x0000000000000068 xrw
XintRegs_FILE    0x0000000000005200 0x0000000000000020 xrw
NmiIntruptRegs_FILE 0x0000000000005300 0x0000000000000030 xrw
PieVectTable_FILE 0x0000000000005800 0x0000000000000400 xrw
CanaRegs_FILE    0x0000000000006000 0x0000000000000164 xrw
EPwm1Regs_FILE   0x000000000000a000 0x00000000000003fc xrw
EPwm2Regs_FILE   0x000000000000a400 0x00000000000003fc xrw
EPwm3Regs_FILE   0x000000000000a800 0x00000000000003fc xrw
EPwm4Regs_FILE   0x000000000000ac00 0x00000000000003fc xrw
EPwm5Regs_FILE   0x000000000000b000 0x00000000000003fc xrw
EPwm6Regs_FILE   0x000000000000b400 0x00000000000003fc xrw
EPwm7Regs_FILE   0x000000000000b800 0x00000000000003fc xrw
Clb1LogicCfgRegs_FILE 0x000000000000c000 0x00000000000000ac xrw
Clb1LogicCtrlRegs_FILE 0x000000000000c100 0x0000000000000080 xrw
Clb1DataExchRegs_FILE 0x000000000000c180 0x0000000000000084 xrw
Clb2LogicCfgRegs_FILE 0x000000000000c400 0x00000000000000ac xrw
Clb2LogicCtrlRegs_FILE 0x000000000000c500 0x0000000000000080 xrw
Clb2DataExchRegs_FILE 0x000000000000c580 0x0000000000000084 xrw
EQep1Regs_FILE   0x000000000000d000 0x0000000000000070 xrw
EQep2Regs_FILE   0x000000000000d140 0x0000000000000070 xrw
ECap1Regs_FILE   0x000000000000d400 0x0000000000000040 xrw
ECap2Regs_FILE   0x000000000000d480 0x0000000000000040 xrw
ECap3Regs_FILE   0x000000000000d500 0x0000000000000040 xrw
HRCap3Regs_FILE  0x000000000000d780 0x000000000000006c xrw
Cmpss1Regs_FILE  0x000000000000d800 0x0000000000000058 xrw
Cmpss2Regs_FILE  0x000000000000d880 0x0000000000000058 xrw
Cmpss3Regs_FILE  0x000000000000d900 0x0000000000000058 xrw
Cmpss4Regs_FILE  0x000000000000d980 0x0000000000000058 xrw
SpiaRegs_FILE    0x000000000000e000 0x000000000000003c xrw
SpibRegs_FILE    0x000000000000e080 0x000000000000003c xrw
PmbusaRegs_FILE  0x000000000000e400 0x000000000000003c xrw
FsiRxaRegs_FILE  0x000000000000e800 0x0000000000000200 xrw
FsiTxaRegs_FILE  0x000000000000ea00 0x0000000000000200 xrw
I2saRegs_FILE    0x000000000000ec00 0x0000000000000038 xrw
InputXbarRegs_FILE 0x0000000000031000 0x000000000000007c xrw
XbarRegs_FILE    0x0000000000031080 0x0000000000000020 xrw
ClbInputXbarRegs_FILE 0x0000000000031180 0x000000000000007c xrw
EPwmXbarRegs_FILE 0x0000000000031400 0x0000000000000078 xrw
ClbXbarRegs_FILE 0x0000000000031500 0x0000000000000080 xrw
OutputXbarRegs_FILE 0x0000000000031600 0x0000000000000080 xrw
ClbOutputXbarRegs_FILE 0x0000000000031b00 0x0000000000000080 xrw
EradGlobalRegs_FILE 0x0000000000032800 0x00000000000000fc xrw
EradHWBP1Regs_FILE 0x00000000000328fc 0x0000000000000014 xrw
EradHWBP2Regs_FILE 0x0000000000032910 0x0000000000000014 xrw
EradHWBP3Regs_FILE 0x0000000000032924 0x0000000000000014 xrw
EradHWBP4Regs_FILE 0x0000000000032938 0x0000000000000014 xrw
EradHWBP5Regs_FILE 0x000000000003294c 0x0000000000000014 xrw
EradHWBP6Regs_FILE 0x0000000000032960 0x0000000000000014 xrw
EradHWBP7Regs_FILE 0x0000000000032974 0x0000000000000014 xrw
EradHWBP8Regs_FILE 0x0000000000032988 0x0000000000000014 xrw
EradCounter1Regs_FILE 0x000000000003299c 0x0000000000000024 xrw
EradCounter2Regs_FILE 0x00000000000329c0 0x0000000000000024 xrw
EradCounter3Regs_FILE 0x00000000000329e4 0x0000000000000024 xrw
EradCounter4Regs_FILE 0x0000000000032a08 0x0000000000000024 xrw
EradCRCGlobalRegs_FILE 0x0000000000032a2c 0x0000000000000004 xrw
EradCRC1Regs_FILE 0x0000000000032a30 0x000000000000000c xrw
EradCRC2Regs_FILE 0x0000000000032a3c 0x000000000000000c xrw
EradCRC3Regs_FILE 0x0000000000032a48 0x000000000000000c xrw
EradCRC4Regs_FILE 0x0000000000032a54 0x000000000000000c xrw
EradCRC5Regs_FILE 0x0000000000032a60 0x000000000000000c xrw
EradCRC6Regs_FILE 0x0000000000032a6c 0x000000000000000c xrw
EradCRC7Regs_FILE 0x0000000000032a78 0x000000000000000c xrw
EradCRC8Regs_FILE 0x0000000000032a84 0x000000000000000c xrw
Dcc0Regs_FILE    0x0000000000033000 0x000000000000003c xrw
Dcc1Regs_FILE    0x0000000000033080 0x000000000000003c xrw
GpioCtrlRegs_FILE 0x0000000000033800 0x0000000000000600 xrw
GpioDataRegs_FILE 0x0000000000033e00 0x0000000000000100 xrw
GpioDataReadRegs_FILE 0x0000000000033f00 0x0000000000000074 xrw
LinaRegs_FILE    0x0000000000034000 0x0000000000000074 xrw
LinbRegs_FILE    0x0000000000034080 0x0000000000000074 xrw
SciaRegs_FILE    0x0000000000034400 0x000000000000003c xrw
I2caRegs_FILE    0x0000000000034800 0x000000000000003c xrw
I2cbRegs_FILE    0x0000000000034880 0x000000000000003c xrw
ClkCfgRegs_FILE  0x0000000000038000 0x0000000000000080 xrw
CpuSysRegs_FILE  0x0000000000038200 0x0000000000000108 xrw
DevCfgRegs_FILE  0x0000000000038400 0x000000000000033c xrw
SysPeriphAcRegs_FILE 0x0000000000038800 0x0000000000000400 xrw
SyncSocRegs_FILE 0x0000000000038c00 0x000000000000003c xrw
DmaClaSrcSelRegs_FILE 0x0000000000038d00 0x0000000000000034 xrw
WdRegs_FILE      0x0000000000038e00 0x0000000000000058 xrw
AnalogSubsysRegs_FILE 0x0000000000039000 0x0000000000000024 xrw
DcsmBank0Z1Regs_FILE 0x0000000000039400 0x0000000000000048 xrw
DcsmBank0Z2Regs_FILE 0x0000000000039450 0x0000000000000048 xrw
DcsmCommonRegs_FILE 0x00000000000394a0 0x0000000000000020 xrw
DcsmBank0Z1OtpRegs_FILE 0x00000000007a0000 0x0000000000000400 xrw
DcsmBank0Z2OtpRegs_FILE 0x00000000007a0400 0x0000000000000400 xrw
Flash0CtrlRegs_FILE 0x00000000007af000 0x0000000000000200 xrw
Flash0EccRegs_FILE 0x00000000007af200 0x0000000000000050 xrw
BOOTROM_FILE     0x00000000007e0000 0x0000000000020000 xr
BOOT_RSVD        0x0000000000000000 0x0000000000000200 xrw
PRAMM0           0x0000000000000200 0x0000000000000600 xrw
PRAMM1           0x0000000000000800 0x0000000000000800 xrw
PRAMLS4567       0x0000000000010000 0x0000000000008000 xrw
RAMGS0           0x0000000000018000 0x0000000000002000 xrw
BEGIN            0x0000000000600000 0x0000000000000010 xrw
FLASH            0x0000000000600010 0x000000000003fff0 xrw
USER_OTP_FILE    0x00000000007a0000 0x0000000000000800 rw
IER_REGISTER_FILE 0x0000000000100c10 0x0000000000000004 rw
IFR_REGISTER_FILE 0x0000000000100d10 0x0000000000000004 rw
*default*        0x0000000000000000 0xffffffffffffffff

Linker script and memory map

                0x0000000000000000                IDE_VERSION_2_3_3Pre = 0x0
LOAD ./src_control/motor1_drive.o
LOAD ./src_control/motor_common.o
LOAD ./src_board/drv8323s.o
LOAD ./src_board/hal.o
LOAD ./src_board/user_mtr1.o
LOAD ./src/main.o
LOAD ./haawking-drivers/haawking-dsc280025_edc-board/common/crt.o
LOAD ./haawking-drivers/haawking-dsc280025_edc-board/common/hx_fintdiv.o
LOAD ./haawking-drivers/haawking-dsc280025_edc-board/common/hx_intrinsics.o
LOAD ./haawking-drivers/haawking-dsc280025_edc-board/common/syscalls.o
LOAD ./haawking-drivers/haawking-dsc280025_edc-board/SysCtl_delay.o
LOAD ./haawking-drivers/haawking-dsc280025_edc-board/__disable_interrputs.o
LOAD ./haawking-drivers/haawking-dsc280025_edc-board/__enable_interrupts.o
LOAD ./haawking-drivers/haawking-dsc280025_edc-board/adc.o
LOAD ./haawking-drivers/haawking-dsc280025_edc-board/asysctl.o
LOAD ./haawking-drivers/haawking-dsc280025_edc-board/bgcrc.o
LOAD ./haawking-drivers/haawking-dsc280025_edc-board/can.o
LOAD ./haawking-drivers/haawking-dsc280025_edc-board/clb.o
LOAD ./haawking-drivers/haawking-dsc280025_edc-board/cmpss.o
LOAD ./haawking-drivers/haawking-dsc280025_edc-board/cputimer.o
LOAD ./haawking-drivers/haawking-dsc280025_edc-board/dcc.o
LOAD ./haawking-drivers/haawking-dsc280025_edc-board/dcsm.o
LOAD ./haawking-drivers/haawking-dsc280025_edc-board/dma.o
LOAD ./haawking-drivers/haawking-dsc280025_edc-board/ecap.o
LOAD ./haawking-drivers/haawking-dsc280025_edc-board/epwm.o
LOAD ./haawking-drivers/haawking-dsc280025_edc-board/eqep.o
LOAD ./haawking-drivers/haawking-dsc280025_edc-board/erad.o
LOAD ./haawking-drivers/haawking-dsc280025_edc-board/flash.o
LOAD ./haawking-drivers/haawking-dsc280025_edc-board/fsi.o
LOAD ./haawking-drivers/haawking-dsc280025_edc-board/gpio.o
LOAD ./haawking-drivers/haawking-dsc280025_edc-board/hic.o
LOAD ./haawking-drivers/haawking-dsc280025_edc-board/hrpwm.o
LOAD ./haawking-drivers/haawking-dsc280025_edc-board/i2c.o
LOAD ./haawking-drivers/haawking-dsc280025_edc-board/interrupt.o
LOAD ./haawking-drivers/haawking-dsc280025_edc-board/lin.o
LOAD ./haawking-drivers/haawking-dsc280025_edc-board/memcfg.o
LOAD ./haawking-drivers/haawking-dsc280025_edc-board/pmbus.o
LOAD ./haawking-drivers/haawking-dsc280025_edc-board/sci.o
LOAD ./haawking-drivers/haawking-dsc280025_edc-board/spi.o
LOAD ./haawking-drivers/haawking-dsc280025_edc-board/sysctl.o
LOAD ./haawking-drivers/haawking-dsc280025_edc-board/userotp.o
LOAD ./haawking-drivers/haawking-dsc280025_edc-board/version.o
LOAD ./haawking-drivers/haawking-dsc280025_edc-board/xbar.o
LOAD ./device/device.o
LOAD ../lib\libIQmath_fpu32.a
LOAD ../lib\libHXFASTLib_HX280025_libV2.0.a
LOAD D:/Haawking-IDE_V2.3.3Pre/haawking-tools/segger_lib\libhaawking-segger_imfc.a

.AdcaRegs
 *(.AdcaRegs)

.AdcaResultRegs
 *(.AdcaResultRegs)

.AdccRegs
 *(.AdccRegs)

.AdccResultRegs
 *(.AdccResultRegs)

.HicRegs
 *(.HicRegs)

.DmaRegs
 *(.DmaRegs)

.BgcrcCpuRegs
 *(.BgcrcCpuRegs)

.MemCfgRegs
 *(.MemCfgRegs)

.MemoryErrorRegs
 *(.MemoryErrorRegs)

.AccessProtectionRegs
 *(.AccessProtectionRegs)

.CpuTimer0Regs
 *(.CpuTimer0Regs)

.CpuTimer1Regs
 *(.CpuTimer1Regs)

.CpuTimer2Regs
 *(.CpuTimer2Regs)

.PieCtrlRegs
 *(.PieCtrlRegs)

.XintRegs
 *(.XintRegs)

.NmiIntruptRegs
 *(.NmiIntruptRegs)

.PieVectTable
 *(.PieVectTable)

.CanaRegs
 *(.CanaRegs)

.EPwm1Regs
 *(.EPwm1Regs)

.EPwm2Regs
 *(.EPwm2Regs)

.EPwm3Regs
 *(.EPwm3Regs)

.EPwm4Regs
 *(.EPwm4Regs)

.EPwm5Regs
 *(.EPwm5Regs)

.EPwm6Regs
 *(.EPwm6Regs)

.EPwm7Regs
 *(.EPwm7Regs)

.Clb1LogicCfgRegs
 *(.Clb1LogicCfgRegs)

.Clb1LogicCtrlRegs
 *(.Clb1LogicCtrlRegs)

.Clb1DataExchRegs
 *(.Clb1DataExchRegs)

.Clb2LogicCfgRegs
 *(.Clb2LogicCfgRegs)

.Clb2LogicCtrlRegs
 *(.Clb2LogicCtrlRegs)

.Clb2DataExchRegs
 *(.Clb2DataExchRegs)

.EQep1Regs
 *(.EQep1Regs)

.EQep2Regs
 *(.EQep2Regs)

.ECap1Regs
 *(.ECap1Regs)

.ECap2Regs
 *(.ECap2Regs)

.ECap3Regs
 *(.ECap3Regs)

.HRCap3Regs
 *(.HRCap3Regs)

.Cmpss1Regs
 *(.Cmpss1Regs)

.Cmpss2Regs
 *(.Cmpss2Regs)

.Cmpss3Regs
 *(.Cmpss3Regs)

.Cmpss4Regs
 *(.Cmpss4Regs)

.SpiaRegs
 *(.SpiaRegs)

.SpibRegs
 *(.SpibRegs)

.PmbusaRegs
 *(.PmbusaRegs)

.FsiRxaRegs
 *(.FsiRxaRegs)

.FsiTxaRegs
 *(.FsiTxaRegs)

.I2saRegs
 *(.I2saRegs)

.InputXbarRegs
 *(.InputXbarRegs)

.XbarRegs
 *(.XbarRegs)

.ClbInputXbarRegs
 *(.ClbInputXbarRegs)

.EPwmXbarRegs
 *(.EPwmXbarRegs)

.ClbXbarRegs
 *(.ClbXbarRegs)

.OutputXbarRegs
 *(.OutputXbarRegs)

.ClbOutputXbarRegs
 *(.ClbOutputXbarRegs)

.EradGlobalRegs
 *(.EradGlobalRegs)

.EradHWBP1Regs
 *(.EradHWBP1Regs)

.EradHWBP2Regs
 *(.EradHWBP2Regs)

.EradHWBP3Regs
 *(.EradHWBP3Regs)

.EradHWBP4Regs
 *(.EradHWBP4Regs)

.EradHWBP5Regs
 *(.EradHWBP5Regs)

.EradHWBP6Regs
 *(.EradHWBP6Regs)

.EradHWBP7Regs
 *(.EradHWBP7Regs)

.EradHWBP8Regs
 *(.EradHWBP8Regs)

.EradCounter1Regs
 *(.EradCounter1Regs)

.EradCounter2Regs
 *(.EradCounter2Regs)

.EradCounter3Regs
 *(.EradCounter3Regs)

.EradCounter4Regs
 *(.EradCounter4Regs)

.EradCRCGlobalRegs
 *(.EradCRCGlobalRegs)

.EradCRC1Regs
 *(.EradCRC1Regs)

.EradCRC2Regs
 *(.EradCRC2Regs)

.EradCRC3Regs
 *(.EradCRC3Regs)

.EradCRC4Regs
 *(.EradCRC4Regs)

.EradCRC5Regs
 *(.EradCRC5Regs)

.EradCRC6Regs
 *(.EradCRC6Regs)

.EradCRC7Regs
 *(.EradCRC7Regs)

.EradCRC8Regs
 *(.EradCRC8Regs)

.Dcc0Regs
 *(.Dcc0Regs)

.Dcc1Regs
 *(.Dcc1Regs)

.GpioCtrlRegs
 *(.GpioCtrlRegs)

.GpioDataRegs
 *(.GpioDataRegs)

.GpioDataReadRegs
 *(.GpioDataReadRegs)

.LinaRegs
 *(.LinaRegs)

.LinbRegs
 *(.LinbRegs)

.SciaRegs
 *(.SciaRegs)

.I2caRegs
 *(.I2caRegs)

.I2cbRegs
 *(.I2cbRegs)

.ClkCfgRegs
 *(.ClkCfgRegs)

.CpuSysRegs
 *(.CpuSysRegs)

.DevCfgRegs
 *(.DevCfgRegs)

.SysPeriphAcRegs
 *(.SysPeriphAcRegs)

.SyncSocRegs
 *(.SyncSocRegs)

.DmaClaSrcSelRegs
 *(.DmaClaSrcSelRegs)

.WdRegs
 *(.WdRegs)

.AnalogSubsysRegs
 *(.AnalogSubsysRegs)

.DcsmBank0Z1Regs
 *(.DcsmBank0Z1Regs)

.DcsmBank0Z2Regs
 *(.DcsmBank0Z2Regs)

.DcsmCommonRegs
 *(.DcsmCommonRegs)

.DcsmBank0Z1OtpRegs
 *(.DcsmBank0Z1OtpRegs)

.DcsmBank0Z2OtpRegs
 *(.DcsmBank0Z2OtpRegs)

.Flash0CtrlRegs
 *(.Flash0CtrlRegs)

.Flash0EccRegs
 *(.Flash0EccRegs)

_IQsinTable     0x00000000007e2804        0x0
                0x00000000007e2804                IQsinTable = .
                0x00000000007e2a04                IQcosTable = (. + 0x200)

_IQdivRoundSatTable
                0x00000000007e3208        0x0
                0x00000000007e3208                IQdivRoundSatTable = .

_IQdivTable     0x00000000007e3224        0x0
                0x00000000007e3224                IQdivTable = .

_IQisqrtRoundSatTable
                0x00000000007e3628        0x0
                0x00000000007e3628                IQisqrtRoundSatTable = .

_IQisqrtTable   0x00000000007e3648        0x0
                0x00000000007e3648                IQisqrtTable = .

_IQatan2HalfPITable
                0x00000000007e384c        0x0
                0x00000000007e384c                IQatan2HalfPITable = .

_IQatan2Table   0x00000000007e38c8        0x0
                0x00000000007e38c8                IQatan2Table = .

_IQexpTableMinMax
                0x00000000007e3ea4        0x0
                0x00000000007e3ea4                IQexpTableMinMax = .

_IQexpTableCoeff
                0x00000000007e3f94        0x0
                0x00000000007e3f94                IQexpTableCoeff = .

_IQasinTable    0x00000000007e3fbc        0x0
                0x00000000007e3fbc                IQasinTable = .
                0x0000000000000800                . = 0x800

.M1             0x0000000000000800        0x0
                0x0000000000001000                __global_sp$ = (. + 0x800)
                0x0000000000010000                . = 0x10000

.sdata          0x0000000000010000     0x20de load address 0x00000000006084c0
                0x0000000000010000                __data_start = .
                0x0000000000010800                __global_pointer$ = (. + 0x800)
 *(.data)
 .data          0x0000000000010000      0x73c ./src/main.o
                0x0000000000010000                cpuTime
                0x0000000000010024                cpuTimeHandle
                0x0000000000010028                motorVars_M1
                0x0000000000010304                motorHandle_M1
                0x0000000000010308                userParams_M1
                0x000000000001051c                systemVars
                0x000000000001052c                motorSetVars_M1
                0x00000000000105d0                halMtr_M1
                0x0000000000010614                drvicVars_M1
                0x0000000000010638                clarke_V_M1
                0x0000000000010644                clarke_I_M1
                0x0000000000010650                ipark_V_M1
                0x0000000000010658                park_I_M1
                0x0000000000010660                park_V_M1
                0x0000000000010668                svgen_M1
                0x0000000000010698                pi_Id_M1
                0x00000000000106bc                pi_Iq_M1
                0x00000000000106e0                pi_spd_M1
                0x0000000000010704                pi_pos_M1
                0x0000000000010728                traj_spd_M1
 *(.data.*)
 *(.srodata.cst16)
 *(.srodata.cst8)
 *(.srodata.cst4)
 *(.srodata.cst2)
 *(.srodata*)
 *(.sdata .sdata.* .gnu.linkonce.s.*)
 .sdata         0x000000000001073c       0xac ./src_control/motor1_drive.o
                0x00000000000107dc                speedSampleCount
                0x00000000000107e0                speedSampleTime
                0x00000000000107e4                testDelta_rad
 .sdata         0x00000000000107e8       0x34 ./src_control/motor_common.o
                0x0000000000010814                eqep_trimOvertime
                0x0000000000010818                eqep_trimAngle
 .sdata         0x000000000001081c        0xc ./src_board/hal.o
 .sdata         0x0000000000010828       0x10 ./src_board/user_mtr1.o
 .sdata         0x0000000000010838       0x14 ./haawking-drivers/haawking-dsc280025_edc-board/sysctl.o
 *(LS4567)
 *(ramfuncs)
 ramfuncs       0x000000000001084c     0x158c ./src_control/motor1_drive.o
                0x000000000001084c                motor1CtrlISR
 ramfuncs       0x0000000000011dd8       0x26 ./haawking-drivers/haawking-dsc280025_edc-board/SysCtl_delay.o
                0x0000000000011dd8                SysCtl_delay
 *fill*         0x0000000000011dfe        0x2 
 ramfuncs       0x0000000000011e00      0x2de ./haawking-drivers/haawking-dsc280025_edc-board/flash.o
                0x0000000000011e00                Flash_initModule
                0x000000000001207a                Flash_powerDown
                0x00000000000120ac                Flash_wakeFromLPM
                0x00000000000120e0                __data_end = ALIGN (0x8)

.sbss           0x0000000000012100       0x20 load address 0x000000000060a5c0
                0x0000000000012100                __bss_start = .
 *(.sbss .sbss.* .gnu.linkonce.sb.*)
 .sbss          0x0000000000012100       0x10 ./src_control/motor1_drive.o
                0x0000000000012100                xint3Count
                0x0000000000012104                receivedChar
                0x000000000001210c                testFoc_rad
 .sbss          0x0000000000012110       0x10 ./src_control/motor_common.o
                0x0000000000012110                eqep_count
                0x0000000000012114                eqep_lastCount
                0x0000000000012118                eqepTrimAngleCount
                0x000000000001211c                halHandle
 *(.scommon)

.bss            0x0000000000012120      0x56c load address 0x000000000060a5e0
 *(.bss)
 *(.bss.*)
 .bss.hal       0x0000000000012120       0x44 ./src_control/motor_common.o
                0x0000000000012120                hal
 .bss.est_motor_1
                0x0000000000012164      0x528 ../lib\libHXFASTLib_HX280025_libV2.0.a(estlib.o)
                0x0000000000012164                est_motor_1
 *(COMMON)
                0x0000000000012690                __bss_end = ALIGN (0x8)
                0x0000000000018000                . = 0x18000

.ramgs0         0x0000000000018000        0x0 load address 0x000000000060a5a0
                0x0000000000018000                __gs_data_start = .
 *(ramgs0)
                0x0000000000018000                __gs_data_end = ALIGN (0x8)
                0x0000000000100c10                . = 0x100c10

.IER_REGISTER   0x0000000000100c10        0x4
 *(.ier_register)
 .ier_register  0x0000000000100c10        0x4 ./haawking-drivers/haawking-dsc280025_edc-board/interrupt.o
                0x0000000000100c10                IER
                0x0000000000100d10                . = 0x100d10

.IFR_REGISTER   0x0000000000100d10        0x4
 *(.ifr_register)
 .ifr_register  0x0000000000100d10        0x4 ./haawking-drivers/haawking-dsc280025_edc-board/interrupt.o
                0x0000000000100d10                IFR
                0x0000000000600000                . = 0x600000

.codestart      0x0000000000600000        0x4
 *(codestart)
 codestart      0x0000000000600000        0x4 ./haawking-drivers/haawking-dsc280025_edc-board/common/crt.o
                0x0000000000600000                _start
                0x0000000000600000                haawking_start@VERS_DSC280025_EDC_V1.0.0
                0x0000000000600010                . = 0x600010

.text.init      0x0000000000600010      0x1c2
 *(.text.init)
 .text.init     0x0000000000600010      0x1c2 ./haawking-drivers/haawking-dsc280025_edc-board/common/crt.o
                0x0000000000600010                _ENTRY

.text           0x00000000006001e0     0x82d6
 *(.text)
 .text          0x00000000006001e0        0x6 ./haawking-drivers/haawking-dsc280025_edc-board/__disable_interrputs.o
                0x00000000006001e0                __disable_interrupts
 *fill*         0x00000000006001e6        0x2 
 .text          0x00000000006001e8        0x6 ./haawking-drivers/haawking-dsc280025_edc-board/__enable_interrupts.o
                0x00000000006001e8                __enable_interrupts
 *(.IQmath.*)
 *(.text*)
 .text.initMotor1Handles
                0x00000000006001ee       0x48 ./src_control/motor1_drive.o
                0x00000000006001ee                initMotor1Handles
 .text.initMotor1CtrlParameters
                0x0000000000600236      0x526 ./src_control/motor1_drive.o
                0x0000000000600236                initMotor1CtrlParameters
 .text.TRAJ_setTargetValue
                0x000000000060075c        0xe ./src_control/motor1_drive.o
 .text.TRAJ_setMinValue
                0x000000000060076a        0xe ./src_control/motor1_drive.o
 .text.TRAJ_setMaxValue
                0x0000000000600778        0xe ./src_control/motor1_drive.o
 .text.TRAJ_setMaxDelta
                0x0000000000600786        0xe ./src_control/motor1_drive.o
 .text.HAL_disablePWM
                0x0000000000600794       0x30 ./src_control/motor1_drive.o
 .text.runMotor1OffsetsCalculation
                0x00000000006007c4      0x5cc ./src_control/motor1_drive.o
                0x00000000006007c4                runMotor1OffsetsCalculation
 .text.calcMotorOverCurrentThreshold
                0x0000000000600d90       0x54 ./src_control/motor1_drive.o
 .text.ADC_setPPBReferenceOffset
                0x0000000000600de4       0x3a ./src_control/motor1_drive.o
 .text.HAL_enablePWM
                0x0000000000600e1e       0x68 ./src_control/motor1_drive.o
 .text.ADC_clearInterruptStatus
                0x0000000000600e86       0x2e ./src_control/motor1_drive.o
 .text.ADC_getInterruptStatus
                0x0000000000600eb4       0x2e ./src_control/motor1_drive.o
 .text.runMotor1Control
                0x0000000000600ee2      0x25a ./src_control/motor1_drive.o
                0x0000000000600ee2                runMotor1Control
 .text.HAL_clearMtrFaultStatus
                0x000000000060113c       0x4e ./src_control/motor1_drive.o
 .text.updateControllers
                0x000000000060118a       0xe6 ./src_control/motor1_drive.o
 .text.xint3ISR
                0x0000000000601270      0x170 ./src_control/motor1_drive.o
                0x0000000000601270                xint3ISR
 .text.SCI_readCharBlockingFIFO
                0x00000000006013e0       0x40 ./src_control/motor1_drive.o
 .text.Interrupt_clearACKGroup
                0x0000000000601420        0xe ./src_control/motor1_drive.o
 .text.HAL_readTimerCnt
                0x000000000060142e       0x1a ./src_control/motor1_drive.o
 .text.EPWM_forceTripZoneEvent
                0x0000000000601448       0x56 ./src_control/motor1_drive.o
 .text.EPWM_isBaseValid
                0x000000000060149e       0x5c ./src_control/motor1_drive.o
 .text.ADC_isBaseValid
                0x00000000006014fa       0x22 ./src_control/motor1_drive.o
 .text.EPWM_getTimeBasePeriod
                0x000000000060151c       0x28 ./src_control/motor1_drive.o
 .text.EPWM_setCounterCompareValue
                0x0000000000601544       0x64 ./src_control/motor1_drive.o
 .text.CMPSS_clearFilterLatchHigh
                0x00000000006015a8       0x32 ./src_control/motor1_drive.o
 .text.CMPSS_clearFilterLatchLow
                0x00000000006015da       0x32 ./src_control/motor1_drive.o
 .text.EPWM_clearTripZoneFlag
                0x000000000060160c       0x56 ./src_control/motor1_drive.o
 .text.CMPSS_isBaseValid
                0x0000000000601662       0x38 ./src_control/motor1_drive.o
 .text.ADC_readResult
                0x000000000060169a       0x3c ./src_control/motor1_drive.o
 .text.SCI_isBaseValid
                0x00000000006016d6       0x18 ./src_control/motor1_drive.o
 .text.SCI_getRxFIFOStatus
                0x00000000006016ee       0x2e ./src_control/motor1_drive.o
 .text.SCI_getRxStatus
                0x000000000060171c       0x24 ./src_control/motor1_drive.o
 .text.CPUTimer_getTimerCount
                0x0000000000601740       0x24 ./src_control/motor1_drive.o
 .text.CPUTimer_isBaseValid
                0x0000000000601764       0x28 ./src_control/motor1_drive.o
 .text.TRAJ_getTargetValue
                0x000000000060178c        0xc ./src_control/motor1_drive.o
 .text.TRAJ_getMaxDelta
                0x0000000000601798        0xc ./src_control/motor1_drive.o
 .text.TRAJ_getMinValue
                0x00000000006017a4        0xc ./src_control/motor1_drive.o
 .text.TRAJ_getMaxValue
                0x00000000006017b0        0xc ./src_control/motor1_drive.o
 .text.setupClarke_V
                0x00000000006017bc       0x40 ./src_control/motor_common.o
                0x00000000006017bc                setupClarke_V
 .text.CLARKE_setScaleFactors
                0x00000000006017fc       0x18 ./src_control/motor_common.o
 .text.CLARKE_setNumSensors
                0x0000000000601814       0x12 ./src_control/motor_common.o
 .text.setupClarke_I
                0x0000000000601826       0x50 ./src_control/motor_common.o
                0x0000000000601826                setupClarke_I
 .text.resetMotorControl
                0x0000000000601876       0xec ./src_control/motor_common.o
                0x0000000000601876                resetMotorControl
 .text.TRAJ_setTargetValue
                0x0000000000601962        0xe ./src_control/motor_common.o
 .text.HAL_disablePWM
                0x0000000000601970       0x30 ./src_control/motor_common.o
 .text.setupControllers
                0x00000000006019a0      0x316 ./src_control/motor_common.o
                0x00000000006019a0                setupControllers
 .text.getControllers
                0x0000000000601cb6       0xac ./src_control/motor_common.o
 .text.CPU_TIME_reset
                0x0000000000601d62       0x60 ./src_control/motor_common.o
                0x0000000000601d62                CPU_TIME_reset
 .text.runMotorMonitor
                0x0000000000601dc2      0x22a ./src_control/motor_common.o
                0x0000000000601dc2                runMotorMonitor
 .text.calculateRMSData
                0x0000000000601fec      0x21c ./src_control/motor_common.o
                0x0000000000601fec                calculateRMSData
 .text.posCheckMoinitor
                0x0000000000602208      0x168 ./src_control/motor_common.o
                0x0000000000602208                posCheckMoinitor
 .text.EQEP_getPosition
                0x0000000000602370       0x24 ./src_control/motor_common.o
 .text.restartMotorControl
                0x0000000000602394       0x42 ./src_control/motor_common.o
                0x0000000000602394                restartMotorControl
 .text.stopMotorControl
                0x00000000006023d6       0x26 ./src_control/motor_common.o
                0x00000000006023d6                stopMotorControl
 .text.runRsOnLine
                0x00000000006023fc       0xd2 ./src_control/motor_common.o
                0x00000000006023fc                runRsOnLine
 .text.updateGlobalVariables
                0x00000000006024ce      0x12a ./src_control/motor_common.o
                0x00000000006024ce                updateGlobalVariables
 .text.collectRMSData
                0x00000000006025f8      0x114 ./src_control/motor_common.o
                0x00000000006025f8                collectRMSData
 .text.EPWM_forceTripZoneEvent
                0x000000000060270c       0x56 ./src_control/motor_common.o
 .text.EPWM_isBaseValid
                0x0000000000602762       0x5c ./src_control/motor_common.o
 .text.EQEP_isBaseValid
                0x00000000006027be       0x1e ./src_control/motor_common.o
 .text.DRV8323_init
                0x00000000006027dc       0x16 ./src_board/drv8323s.o
                0x00000000006027dc                DRV8323_init
 .text.DRV8323_resetRxTimeout
                0x00000000006027f2        0xe ./src_board/drv8323s.o
 .text.DRV8323_resetEnableTimeout
                0x0000000000602800        0xe ./src_board/drv8323s.o
 .text.DRV8323_enable
                0x000000000060280e       0xb6 ./src_board/drv8323s.o
                0x000000000060280e                DRV8323_enable
 .text.GPIO_writePin
                0x00000000006028c4       0x50 ./src_board/drv8323s.o
 .text.DRV8323_readSPI
                0x0000000000602914       0xf2 ./src_board/drv8323s.o
                0x0000000000602914                DRV8323_readSPI
 .text.DRV8323_setSPIHandle
                0x0000000000602a06        0xe ./src_board/drv8323s.o
                0x0000000000602a06                DRV8323_setSPIHandle
 .text.DRV8323_setGPIOCSNumber
                0x0000000000602a14        0xe ./src_board/drv8323s.o
                0x0000000000602a14                DRV8323_setGPIOCSNumber
 .text.DRV8323_setGPIOENNumber
                0x0000000000602a22        0xe ./src_board/drv8323s.o
                0x0000000000602a22                DRV8323_setGPIOENNumber
 .text.DRV8323_setupSPI
                0x0000000000602a30       0xca ./src_board/drv8323s.o
                0x0000000000602a30                DRV8323_setupSPI
 .text.DRV8323_buildCtrlWord
                0x0000000000602afa       0x1c ./src_board/drv8323s.o
 .text.SPI_resetRxFIFO
                0x0000000000602b16       0x36 ./src_board/drv8323s.o
 .text.SPI_enableFIFO
                0x0000000000602b4c       0x34 ./src_board/drv8323s.o
 .text.SPI_writeDataBlockingNonFIFO
                0x0000000000602b80       0x36 ./src_board/drv8323s.o
 .text.SPI_getRxFIFOStatus
                0x0000000000602bb6       0x2e ./src_board/drv8323s.o
 .text.SPI_readDataNonBlocking
                0x0000000000602be4       0x2a ./src_board/drv8323s.o
 .text.DRV8323_writeSPI
                0x0000000000602c0e       0x9c ./src_board/drv8323s.o
                0x0000000000602c0e                DRV8323_writeSPI
 .text.DRV8323_writeData
                0x0000000000602caa       0xbe ./src_board/drv8323s.o
                0x0000000000602caa                DRV8323_writeData
 .text.GPIO_isPinValid
                0x0000000000602d68       0x2a ./src_board/drv8323s.o
 .text.SPI_isBaseValid
                0x0000000000602d92       0x1e ./src_board/drv8323s.o
 .text.Interrupt_disableGlobal
                0x0000000000602db0       0x14 ./src_board/hal.o
 .text.SysCtl_disableWatchdog
                0x0000000000602dc4       0x1e ./src_board/hal.o
 .text.HAL_enableCtrlInts
                0x0000000000602de2       0x36 ./src_board/hal.o
                0x0000000000602de2                HAL_enableCtrlInts
 .text.Interrupt_clearACKGroup
                0x0000000000602e18        0xe ./src_board/hal.o
 .text.ADC_enableInterrupt
                0x0000000000602e26       0x54 ./src_board/hal.o
 .text.Interrupt_enableInCPU
                0x0000000000602e7a       0x16 ./src_board/hal.o
 .text.HAL_enableDebugInt
                0x0000000000602e90        0x8 ./src_board/hal.o
                0x0000000000602e90                HAL_enableDebugInt
 .text.HAL_enableGlobalInts
                0x0000000000602e98        0xe ./src_board/hal.o
                0x0000000000602e98                HAL_enableGlobalInts
 .text.Interrupt_enableGlobal
                0x0000000000602ea6       0x14 ./src_board/hal.o
 .text.HAL_init
                0x0000000000602eba       0x7c ./src_board/hal.o
                0x0000000000602eba                HAL_init
 .text.HAL_MTR1_init
                0x0000000000602f36       0x7e ./src_board/hal.o
                0x0000000000602f36                HAL_MTR1_init
 .text.HAL_setParams
                0x0000000000602fb4       0x30 ./src_board/hal.o
                0x0000000000602fb4                HAL_setParams
 .text.HAL_setupGPIOs
                0x0000000000602fe4      0x446 ./src_board/hal.o
                0x0000000000602fe4                HAL_setupGPIOs
 .text.HAL_setupADCs
                0x000000000060342a      0x1e4 ./src_board/hal.o
                0x000000000060342a                HAL_setupADCs
 .text.HAL_setupTimeBaseTimer
                0x000000000060360e       0x46 ./src_board/hal.o
                0x000000000060360e                HAL_setupTimeBaseTimer
 .text.HAL_setupCPUUsageTimer
                0x0000000000603654       0x36 ./src_board/hal.o
                0x0000000000603654                HAL_setupCPUUsageTimer
 .text.HAL_setupSCIA
                0x000000000060368a       0x7a ./src_board/hal.o
                0x000000000060368a                HAL_setupSCIA
 .text.HAL_setupDMA
                0x0000000000603704       0x14 ./src_board/hal.o
                0x0000000000603704                HAL_setupDMA
 .text.HAL_MTR_setParams
                0x0000000000603718       0x34 ./src_board/hal.o
                0x0000000000603718                HAL_MTR_setParams
 .text.HAL_setNumCurrentSensors
                0x000000000060374c       0x12 ./src_board/hal.o
 .text.HAL_setNumVoltageSensors
                0x000000000060375e       0x12 ./src_board/hal.o
 .text.HAL_setupPWMs
                0x0000000000603770      0x370 ./src_board/hal.o
                0x0000000000603770                HAL_setupPWMs
 .text.HAL_setupCMPSSs
                0x0000000000603ae0      0x190 ./src_board/hal.o
                0x0000000000603ae0                HAL_setupCMPSSs
 .text.HAL_setupQEP
                0x0000000000603c70       0xcc ./src_board/hal.o
                0x0000000000603c70                HAL_setupQEP
 .text.HAL_setupSPI
                0x0000000000603d3c       0x68 ./src_board/hal.o
                0x0000000000603d3c                HAL_setupSPI
 .text.HAL_setupGate
                0x0000000000603da4       0x2c ./src_board/hal.o
                0x0000000000603da4                HAL_setupGate
 .text.EQEP_disableInterrupt
                0x0000000000603dd0       0x36 ./src_board/hal.o
 .text.EQEP_clearInterruptStatus
                0x0000000000603e06       0x2e ./src_board/hal.o
 .text.EQEP_selectSource
                0x0000000000603e34       0x44 ./src_board/hal.o
 .text.EQEP_setStrobeSource
                0x0000000000603e78       0x34 ./src_board/hal.o
 .text.EQEP_setDecoderConfig
                0x0000000000603eac       0x3c ./src_board/hal.o
 .text.EQEP_setEmulationMode
                0x0000000000603ee8       0x3c ./src_board/hal.o
 .text.EQEP_setPositionCounterConfig
                0x0000000000603f24       0x40 ./src_board/hal.o
 .text.EQEP_setPosition
                0x0000000000603f64       0x2a ./src_board/hal.o
 .text.EQEP_loadUnitTimer
                0x0000000000603f8e       0x2a ./src_board/hal.o
 .text.EQEP_disableUnitTimer
                0x0000000000603fb8       0x2a ./src_board/hal.o
 .text.EQEP_disableWatchdog
                0x0000000000603fe2       0x2a ./src_board/hal.o
 .text.EQEP_setLatchMode
                0x000000000060400c       0x34 ./src_board/hal.o
 .text.EQEP_setQMAModuleMode
                0x0000000000604040       0x34 ./src_board/hal.o
 .text.EQEP_disableDirectionChangeDuringIndex
                0x0000000000604074       0x2a ./src_board/hal.o
 .text.EQEP_setPositionInitMode
                0x000000000060409e       0x3c ./src_board/hal.o
 .text.EQEP_setSWPositionInit
                0x00000000006040da       0x42 ./src_board/hal.o
 .text.EQEP_setInitialPosition
                0x000000000060411c       0x2a ./src_board/hal.o
 .text.EQEP_enableModule
                0x0000000000604146       0x2c ./src_board/hal.o
 .text.ASysCtl_disableTemperatureSensor
                0x0000000000604172       0x18 ./src_board/hal.o
 .text.ADC_setPrescaler
                0x000000000060418a       0x3a ./src_board/hal.o
 .text.ADC_setInterruptPulseMode
                0x00000000006041c4       0x3a ./src_board/hal.o
 .text.ADC_setSOCPriority
                0x00000000006041fe       0x3a ./src_board/hal.o
 .text.ADC_enableConverter
                0x0000000000604238       0x34 ./src_board/hal.o
 .text.ADC_setInterruptSource
                0x000000000060426c       0x62 ./src_board/hal.o
 .text.ADC_setupSOC
                0x00000000006042ce       0x74 ./src_board/hal.o
 .text.ASysCtl_selectCMPHPMux
                0x0000000000604342       0x4a ./src_board/hal.o
 .text.ASysCtl_selectCMPLPMux
                0x000000000060438c       0x4a ./src_board/hal.o
 .text.CMPSS_enableModule
                0x00000000006043d6       0x3e ./src_board/hal.o
 .text.CMPSS_configHighComparator
                0x0000000000604414       0x3c ./src_board/hal.o
 .text.CMPSS_configLowComparator
                0x0000000000604450       0x44 ./src_board/hal.o
 .text.CMPSS_configOutputsHigh
                0x0000000000604494       0x3c ./src_board/hal.o
 .text.CMPSS_configOutputsLow
                0x00000000006044d0       0x44 ./src_board/hal.o
 .text.CMPSS_initFilterHigh
                0x0000000000604514       0x34 ./src_board/hal.o
 .text.CMPSS_initFilterLow
                0x0000000000604548       0x34 ./src_board/hal.o
 .text.CMPSS_setHysteresis
                0x000000000060457c       0x56 ./src_board/hal.o
 .text.CMPSS_configDAC
                0x00000000006045d2       0x3c ./src_board/hal.o
 .text.CMPSS_setDACValueHigh
                0x000000000060460e       0x40 ./src_board/hal.o
 .text.CMPSS_setDACValueLow
                0x000000000060464e       0x40 ./src_board/hal.o
 .text.CMPSS_clearFilterLatchHigh
                0x000000000060468e       0x34 ./src_board/hal.o
 .text.CMPSS_clearFilterLatchLow
                0x00000000006046c2       0x34 ./src_board/hal.o
 .text.HAL_enableDRV
                0x00000000006046f6       0x14 ./src_board/hal.o
                0x00000000006046f6                HAL_enableDRV
 .text.HAL_writeDRVData
                0x000000000060470a       0x16 ./src_board/hal.o
                0x000000000060470a                HAL_writeDRVData
 .text.HAL_setupDRVSPI
                0x0000000000604720       0x16 ./src_board/hal.o
                0x0000000000604720                HAL_setupDRVSPI
 .text.SPI_disableModule
                0x0000000000604736       0x2c ./src_board/hal.o
 .text.SPI_disableLoopback
                0x0000000000604762       0x2a ./src_board/hal.o
 .text.SPI_setEmulationMode
                0x000000000060478c       0x36 ./src_board/hal.o
 .text.SPI_enableFIFO
                0x00000000006047c2       0x36 ./src_board/hal.o
 .text.SPI_setTxFifoTransmitDelay
                0x00000000006047f8       0x4a ./src_board/hal.o
 .text.SPI_enableModule
                0x0000000000604842       0x2c ./src_board/hal.o
 .text.GPIO_writePin
                0x000000000060486e       0x52 ./src_board/hal.o
 .text.GPIO_setInterruptType
                0x00000000006048c0       0x24 ./src_board/hal.o
 .text.GPIO_enableInterrupt
                0x00000000006048e4       0x1e ./src_board/hal.o
 .text.SysCtl_enablePeripheral
                0x0000000000604902       0x3e ./src_board/hal.o
 .text.SysCtl_disablePeripheral
                0x0000000000604940       0x42 ./src_board/hal.o
 .text.EPWM_forceTripZoneEvent
                0x0000000000604982       0x58 ./src_board/hal.o
 .text.EPWM_setTimeBaseCounterMode
                0x00000000006049da       0x32 ./src_board/hal.o
 .text.EPWM_disablePhaseShiftLoad
                0x0000000000604a0c       0x2a ./src_board/hal.o
 .text.EPWM_setPeriodLoadMode
                0x0000000000604a36       0x3a ./src_board/hal.o
 .text.EPWM_enableSyncOutPulseSource
                0x0000000000604a70       0x4a ./src_board/hal.o
 .text.EPWM_setClockPrescaler
                0x0000000000604aba       0x44 ./src_board/hal.o
 .text.EPWM_setCountModeAfterSync
                0x0000000000604afe       0x42 ./src_board/hal.o
 .text.EPWM_setPhaseShift
                0x0000000000604b40       0x40 ./src_board/hal.o
 .text.EPWM_setTimeBaseCounter
                0x0000000000604b80       0x2a ./src_board/hal.o
 .text.EPWM_setTimeBasePeriod
                0x0000000000604baa       0x2e ./src_board/hal.o
 .text.EPWM_setCounterCompareShadowLoadMode
                0x0000000000604bd8       0x94 ./src_board/hal.o
 .text.EPWM_setActionQualifierAction
                0x0000000000604c6c       0x84 ./src_board/hal.o
 .text.EPWM_setDeadBandDelayMode
                0x0000000000604cf0       0x58 ./src_board/hal.o
 .text.EPWM_setRisingEdgeDeadBandDelayInput
                0x0000000000604d48       0x54 ./src_board/hal.o
 .text.EPWM_setDeadBandDelayPolarity
                0x0000000000604d9c       0x50 ./src_board/hal.o
 .text.EPWM_setRisingEdgeDelayCount
                0x0000000000604dec       0x46 ./src_board/hal.o
 .text.EPWM_setFallingEdgeDelayCount
                0x0000000000604e32       0x46 ./src_board/hal.o
 .text.EPWM_disableChopper
                0x0000000000604e78       0x2c ./src_board/hal.o
 .text.EPWM_disableTripZoneSignals
                0x0000000000604ea4       0x3e ./src_board/hal.o
 .text.EPWM_setInterruptSource
                0x0000000000604ee2       0xd8 ./src_board/hal.o
 .text.EPWM_enableInterrupt
                0x0000000000604fba       0x32 ./src_board/hal.o
 .text.EPWM_setADCTriggerSource
                0x0000000000604fec      0x134 ./src_board/hal.o
 .text.EPWM_enableADCTrigger
                0x0000000000605120       0x44 ./src_board/hal.o
 .text.EPWM_setInterruptEventCount
                0x0000000000605164       0x5e ./src_board/hal.o
 .text.EPWM_setADCTriggerEventPrescale
                0x00000000006051c2       0x82 ./src_board/hal.o
 .text.EPWM_clearEventTriggerInterruptFlag
                0x0000000000605244       0x30 ./src_board/hal.o
 .text.EPWM_clearADCTriggerFlag
                0x0000000000605274       0x3a ./src_board/hal.o
 .text.EPWM_setCounterCompareValue
                0x00000000006052ae       0x64 ./src_board/hal.o
 .text.SCI_clearOverflowStatus
                0x0000000000605312       0x2a ./src_board/hal.o
 .text.SCI_resetTxFIFO
                0x000000000060533c       0x36 ./src_board/hal.o
 .text.SCI_resetRxFIFO
                0x0000000000605372       0x36 ./src_board/hal.o
 .text.SCI_resetChannels
                0x00000000006053a8       0x36 ./src_board/hal.o
 .text.SCI_disableLoopback
                0x00000000006053de       0x28 ./src_board/hal.o
 .text.SCI_performSoftwareReset
                0x0000000000605406       0x34 ./src_board/hal.o
 .text.SCI_enableFIFO
                0x000000000060543a       0x3e ./src_board/hal.o
 .text.SCI_setFIFOInterruptLevel
                0x0000000000605478       0x40 ./src_board/hal.o
 .text.SCI_enableModule
                0x00000000006054b8       0x2a ./src_board/hal.o
 .text.CPUTimer_setPreScaler
                0x00000000006054e2       0x28 ./src_board/hal.o
 .text.CPUTimer_setPeriod
                0x000000000060550a       0x28 ./src_board/hal.o
 .text.CPUTimer_startTimer
                0x0000000000605532       0x3e ./src_board/hal.o
 .text.DMA_initController
                0x0000000000605570       0x1a ./src_board/hal.o
 .text.DMA_setEmulationMode
                0x000000000060558a       0x2e ./src_board/hal.o
 .text.HAL_setMtrCMPSSDACValue
                0x00000000006055b8       0x58 ./src_board/hal.o
                0x00000000006055b8                HAL_setMtrCMPSSDACValue
 .text.HAL_setTriggerPrams
                0x0000000000605610       0x48 ./src_board/hal.o
                0x0000000000605610                HAL_setTriggerPrams
 .text.ADC_isBaseValid
                0x0000000000605658       0x22 ./src_board/hal.o
 .text.EQEP_isBaseValid
                0x000000000060567a       0x1e ./src_board/hal.o
 .text.CMPSS_isBaseValid
                0x0000000000605698       0x38 ./src_board/hal.o
 .text.SPI_isBaseValid
                0x00000000006056d0       0x1e ./src_board/hal.o
 .text.EPWM_isBaseValid
                0x00000000006056ee       0x5c ./src_board/hal.o
 .text.GPIO_isPinValid
                0x000000000060574a       0x2a ./src_board/hal.o
 .text.SCI_isBaseValid
                0x0000000000605774       0x18 ./src_board/hal.o
 .text.CPUTimer_isBaseValid
                0x000000000060578c       0x28 ./src_board/hal.o
 .text.USER_setMotor1Params
                0x00000000006057b4      0x462 ./src_board/user_mtr1.o
                0x00000000006057b4                USER_setMotor1Params
 .text.main     0x0000000000605c16      0x2bc ./src/main.o
                0x0000000000605c16                main
 .text.HAL_initIntVectorTable
                0x0000000000605ed2       0x2a ./src/main.o
 .text.HAL_getCPUTimerStatus
                0x0000000000605efc       0x1a ./src/main.o
 .text.HAL_clearCPUTimerFlag
                0x0000000000605f16       0x1a ./src/main.o
 .text.calcMotorOverCurrentThreshold
                0x0000000000605f30       0x54 ./src/main.o
 .text.HAL_disablePWM
                0x0000000000605f84       0x2a ./src/main.o
 .text.Interrupt_register
                0x0000000000605fae       0x3c ./src/main.o
 .text.CPUTimer_getTimerOverflowStatus
                0x0000000000605fea       0x28 ./src/main.o
 .text.CPUTimer_isBaseValid
                0x0000000000606012       0x28 ./src/main.o
 .text.CPUTimer_clearOverflowFlag
                0x000000000060603a       0x2c ./src/main.o
 .text.GPIO_togglePin
                0x0000000000606066       0x40 ./src/main.o
 .text.GPIO_isPinValid
                0x00000000006060a6       0x2a ./src/main.o
 .text.EPWM_forceTripZoneEvent
                0x00000000006060d0       0x56 ./src/main.o
 .text.EPWM_isBaseValid
                0x0000000000606126       0x5c ./src/main.o
 .text.handle_trap
                0x0000000000606182        0xe ./haawking-drivers/haawking-dsc280025_edc-board/common/syscalls.o
                0x0000000000606182                handle_trap
 .text._clean_bss
                0x0000000000606190       0x2c ./haawking-drivers/haawking-dsc280025_edc-board/common/syscalls.o
                0x0000000000606190                _clean_bss
 .text._init_data_LS4567
                0x00000000006061bc       0x44 ./haawking-drivers/haawking-dsc280025_edc-board/common/syscalls.o
                0x00000000006061bc                _init_data_LS4567
 .text._init_data_gs0
                0x0000000000606200       0x44 ./haawking-drivers/haawking-dsc280025_edc-board/common/syscalls.o
                0x0000000000606200                _init_data_gs0
 .text._init    0x0000000000606244       0x1a ./haawking-drivers/haawking-dsc280025_edc-board/common/syscalls.o
                0x0000000000606244                _init
 .text.SysCtl_disableWatchdog
                0x000000000060625e       0x1e ./haawking-drivers/haawking-dsc280025_edc-board/common/syscalls.o
 .text.SysCtl_enableWatchdog
                0x000000000060627c       0x22 ./haawking-drivers/haawking-dsc280025_edc-board/common/syscalls.o
 .text.CMPSS_configFilterHigh
                0x000000000060629e       0xac ./haawking-drivers/haawking-dsc280025_edc-board/cmpss.o
                0x000000000060629e                CMPSS_configFilterHigh
 .text.CMPSS_isBaseValid
                0x000000000060634a       0x38 ./haawking-drivers/haawking-dsc280025_edc-board/cmpss.o
 .text.CMPSS_configFilterLow
                0x0000000000606382       0xb0 ./haawking-drivers/haawking-dsc280025_edc-board/cmpss.o
                0x0000000000606382                CMPSS_configFilterLow
 .text.CPUTimer_setEmulationMode
                0x0000000000606432       0x34 ./haawking-drivers/haawking-dsc280025_edc-board/cputimer.o
                0x0000000000606432                CPUTimer_setEmulationMode
 .text.CPUTimer_isBaseValid
                0x0000000000606466       0x28 ./haawking-drivers/haawking-dsc280025_edc-board/cputimer.o
 .text.EPWM_setEmulationMode
                0x000000000060648e       0x36 ./haawking-drivers/haawking-dsc280025_edc-board/epwm.o
                0x000000000060648e                EPWM_setEmulationMode
 .text.EPWM_isBaseValid
                0x00000000006064c4       0x5c ./haawking-drivers/haawking-dsc280025_edc-board/epwm.o
 .text.EQEP_isBaseValid
                0x0000000000606520       0x1e ./haawking-drivers/haawking-dsc280025_edc-board/eqep.o
 .text.EQEP_setInputPolarity
                0x000000000060653e       0xa2 ./haawking-drivers/haawking-dsc280025_edc-board/eqep.o
                0x000000000060653e                EQEP_setInputPolarity
 .text.Flash_isCtrlBaseValid
                0x00000000006065e0       0x14 ./haawking-drivers/haawking-dsc280025_edc-board/flash.o
 .text.Flash_isECCBaseValid
                0x00000000006065f4       0x18 ./haawking-drivers/haawking-dsc280025_edc-board/flash.o
 .text.GPIO_setDirectionMode
                0x000000000060660c       0x64 ./haawking-drivers/haawking-dsc280025_edc-board/gpio.o
                0x000000000060660c                GPIO_setDirectionMode
 .text.GPIO_isPinValid
                0x0000000000606670       0x2a ./haawking-drivers/haawking-dsc280025_edc-board/gpio.o
 .text.GPIO_setInterruptPin
                0x000000000060669a       0x6a ./haawking-drivers/haawking-dsc280025_edc-board/gpio.o
                0x000000000060669a                GPIO_setInterruptPin
 .text.XBAR_setInputPin
                0x0000000000606704       0x74 ./haawking-drivers/haawking-dsc280025_edc-board/gpio.o
 .text.GPIO_setPadConfig
                0x0000000000606778       0xaa ./haawking-drivers/haawking-dsc280025_edc-board/gpio.o
                0x0000000000606778                GPIO_setPadConfig
 .text.GPIO_setQualificationMode
                0x0000000000606822      0x1a0 ./haawking-drivers/haawking-dsc280025_edc-board/gpio.o
                0x0000000000606822                GPIO_setQualificationMode
 .text.GPIO_setPinConfig
                0x00000000006069c2       0x6c ./haawking-drivers/haawking-dsc280025_edc-board/gpio.o
                0x00000000006069c2                GPIO_setPinConfig
 .text.XBAR_isBaseValid
                0x0000000000606a2e       0x3c ./haawking-drivers/haawking-dsc280025_edc-board/gpio.o
 .text.Interrupt_initModule
                0x0000000000606a6a       0x8a ./haawking-drivers/haawking-dsc280025_edc-board/interrupt.o
                0x0000000000606a6a                Interrupt_initModule
 .text.Interrupt_disableGlobal
                0x0000000000606af4       0x14 ./haawking-drivers/haawking-dsc280025_edc-board/interrupt.o
 .text.Interrupt_initVectorTable
                0x0000000000606b08       0x4c ./haawking-drivers/haawking-dsc280025_edc-board/interrupt.o
                0x0000000000606b08                Interrupt_initVectorTable
 .text.Interrupt_defaultHandler
                0x0000000000606b54        0xe ./haawking-drivers/haawking-dsc280025_edc-board/interrupt.o
 .text.Interrupt_nmiHandler
                0x0000000000606b62        0x6 ./haawking-drivers/haawking-dsc280025_edc-board/interrupt.o
 .text.Interrupt_enable
                0x0000000000606b68       0x8c ./haawking-drivers/haawking-dsc280025_edc-board/interrupt.o
                0x0000000000606b68                Interrupt_enable
 .text.Interrupt_enableGlobal
                0x0000000000606bf4       0x14 ./haawking-drivers/haawking-dsc280025_edc-board/interrupt.o
 .text.SCI_setConfig
                0x0000000000606c08       0x86 ./haawking-drivers/haawking-dsc280025_edc-board/sci.o
                0x0000000000606c08                SCI_setConfig
 .text.SCI_isBaseValid
                0x0000000000606c8e       0x18 ./haawking-drivers/haawking-dsc280025_edc-board/sci.o
 .text.SCI_disableModule
                0x0000000000606ca6       0x36 ./haawking-drivers/haawking-dsc280025_edc-board/sci.o
 .text.SCI_enableModule
                0x0000000000606cdc       0x2c ./haawking-drivers/haawking-dsc280025_edc-board/sci.o
 .text.SCI_clearInterruptStatus
                0x0000000000606d08       0x78 ./haawking-drivers/haawking-dsc280025_edc-board/sci.o
                0x0000000000606d08                SCI_clearInterruptStatus
 .text.SCI_performSoftwareReset
                0x0000000000606d80       0x36 ./haawking-drivers/haawking-dsc280025_edc-board/sci.o
 .text.SPI_setConfig
                0x0000000000606db6       0xe4 ./haawking-drivers/haawking-dsc280025_edc-board/spi.o
                0x0000000000606db6                SPI_setConfig
 .text.SPI_isBaseValid
                0x0000000000606e9a       0x1e ./haawking-drivers/haawking-dsc280025_edc-board/spi.o
 .text.SPI_clearInterruptStatus
                0x0000000000606eb8       0x88 ./haawking-drivers/haawking-dsc280025_edc-board/spi.o
                0x0000000000606eb8                SPI_clearInterruptStatus
 .text.SysCtl_getClock
                0x0000000000606f40       0x9c ./haawking-drivers/haawking-dsc280025_edc-board/sysctl.o
                0x0000000000606f40                SysCtl_getClock
 .text.SysCtl_isMCDClockFailureDetected
                0x0000000000606fdc        0xe ./haawking-drivers/haawking-dsc280025_edc-board/sysctl.o
 .text.SysCtl_setClock
                0x0000000000606fea      0x298 ./haawking-drivers/haawking-dsc280025_edc-board/sysctl.o
                0x0000000000606fea                SysCtl_setClock
 .text.SysCtl_selectOscSource
                0x0000000000607282       0x8c ./haawking-drivers/haawking-dsc280025_edc-board/sysctl.o
                0x0000000000607282                SysCtl_selectOscSource
 .text.SysCtl_setPLLSysClk
                0x000000000060730e       0x20 ./haawking-drivers/haawking-dsc280025_edc-board/sysctl.o
 .text.SysCtl_isPLLValid
                0x000000000060732e      0x204 ./haawking-drivers/haawking-dsc280025_edc-board/sysctl.o
                0x000000000060732e                SysCtl_isPLLValid
 .text.SysCtl_selectXTAL
                0x0000000000607532       0x64 ./haawking-drivers/haawking-dsc280025_edc-board/sysctl.o
                0x0000000000607532                SysCtl_selectXTAL
 .text.SysCtl_pollX1Counter
                0x0000000000607596       0x54 ./haawking-drivers/haawking-dsc280025_edc-board/sysctl.o
 .text.SysCtl_resetMCD
                0x00000000006075ea       0x1a ./haawking-drivers/haawking-dsc280025_edc-board/sysctl.o
 .text.SysCtl_selectXTALSingleEnded
                0x0000000000607604       0x4c ./haawking-drivers/haawking-dsc280025_edc-board/sysctl.o
                0x0000000000607604                SysCtl_selectXTALSingleEnded
 .text.SysCtl_getLowSpeedClock
                0x0000000000607650       0x2c ./haawking-drivers/haawking-dsc280025_edc-board/sysctl.o
                0x0000000000607650                SysCtl_getLowSpeedClock
 .text.SysCtl_enablePeripheral
                0x000000000060767c       0x3e ./haawking-drivers/haawking-dsc280025_edc-board/sysctl.o
 .text.DCC_clearErrorFlag
                0x00000000006076ba       0x30 ./haawking-drivers/haawking-dsc280025_edc-board/sysctl.o
 .text.DCC_clearDoneFlag
                0x00000000006076ea       0x30 ./haawking-drivers/haawking-dsc280025_edc-board/sysctl.o
 .text.DCC_disableModule
                0x000000000060771a       0x34 ./haawking-drivers/haawking-dsc280025_edc-board/sysctl.o
 .text.DCC_disableErrorSignal
                0x000000000060774e       0x36 ./haawking-drivers/haawking-dsc280025_edc-board/sysctl.o
 .text.DCC_disableDoneSignal
                0x0000000000607784       0x38 ./haawking-drivers/haawking-dsc280025_edc-board/sysctl.o
 .text.DCC_setCounter0ClkSource
                0x00000000006077bc       0x3e ./haawking-drivers/haawking-dsc280025_edc-board/sysctl.o
 .text.DCC_setCounter1ClkSource
                0x00000000006077fa       0x3e ./haawking-drivers/haawking-dsc280025_edc-board/sysctl.o
 .text.DCC_setCounterSeeds
                0x0000000000607838       0xc4 ./haawking-drivers/haawking-dsc280025_edc-board/sysctl.o
 .text.DCC_enableSingleShotMode
                0x00000000006078fc       0x60 ./haawking-drivers/haawking-dsc280025_edc-board/sysctl.o
 .text.DCC_enableModule
                0x000000000060795c       0x34 ./haawking-drivers/haawking-dsc280025_edc-board/sysctl.o
 .text.DCC_isBaseValid
                0x0000000000607990       0x20 ./haawking-drivers/haawking-dsc280025_edc-board/sysctl.o
 .text.Device_init
                0x00000000006079b0       0x7e ./device/device.o
                0x00000000006079b0                Device_init
 .text.SysCtl_disableWatchdog
                0x0000000000607a2e       0x1e ./device/device.o
 .text.SysCtl_deviceCal
                0x0000000000607a4c       0x1e ./device/device.o
 .text.SysCtl_setLowSpeedClock
                0x0000000000607a6a       0x1e ./device/device.o
 .text.__error__
                0x0000000000607a88        0xc ./device/device.o
                0x0000000000607a88                __error__
 .text.Device_enableAllPeripherals
                0x0000000000607a94      0x100 ./device/device.o
                0x0000000000607a94                Device_enableAllPeripherals
 .text.ASysCtl_lockVREG
                0x0000000000607b94       0x1a ./device/device.o
 .text.SysCtl_enablePeripheral
                0x0000000000607bae       0x3e ./device/device.o
 .text.Device_initGPIO
                0x0000000000607bec       0x1c ./device/device.o
                0x0000000000607bec                Device_initGPIO
 .text.GPIO_unlockPortConfig
                0x0000000000607c08       0x2e ./device/device.o
 .text.EST_setParams
                0x0000000000607c36       0x14 ../lib\libHXFASTLib_HX280025_libV2.0.a(estlib.o)
                0x0000000000607c36                EST_setParams
 .text.EST_computeTorque_Nm
                0x0000000000607c4a       0x16 ../lib\libHXFASTLib_HX280025_libV2.0.a(estlib.o)
                0x0000000000607c4a                EST_computeTorque_Nm
 .text.EST_disable
                0x0000000000607c60       0x16 ../lib\libHXFASTLib_HX280025_libV2.0.a(estlib.o)
                0x0000000000607c60                EST_disable
 .text.EST_disableTraj
                0x0000000000607c76       0x16 ../lib\libHXFASTLib_HX280025_libV2.0.a(estlib.o)
                0x0000000000607c76                EST_disableTraj
 .text.EST_getFlag_enableRsOnLine
                0x0000000000607c8c       0x16 ../lib\libHXFASTLib_HX280025_libV2.0.a(estlib.o)
                0x0000000000607c8c                EST_getFlag_enableRsOnLine
 .text.EST_getFlux_Wb
                0x0000000000607ca2       0x16 ../lib\libHXFASTLib_HX280025_libV2.0.a(estlib.o)
                0x0000000000607ca2                EST_getFlux_Wb
 .text.EST_getIdRated_A
                0x0000000000607cb8       0x16 ../lib\libHXFASTLib_HX280025_libV2.0.a(estlib.o)
                0x0000000000607cb8                EST_getIdRated_A
 .text.EST_getLs_d_H
                0x0000000000607cce       0x16 ../lib\libHXFASTLib_HX280025_libV2.0.a(estlib.o)
                0x0000000000607cce                EST_getLs_d_H
 .text.EST_getLs_q_H
                0x0000000000607ce4       0x16 ../lib\libHXFASTLib_HX280025_libV2.0.a(estlib.o)
                0x0000000000607ce4                EST_getLs_q_H
 .text.EST_getRoverL_rps
                0x0000000000607cfa       0x16 ../lib\libHXFASTLib_HX280025_libV2.0.a(estlib.o)
                0x0000000000607cfa                EST_getRoverL_rps
 .text.EST_getRr_Ohm
                0x0000000000607d10       0x16 ../lib\libHXFASTLib_HX280025_libV2.0.a(estlib.o)
                0x0000000000607d10                EST_getRr_Ohm
 .text.EST_getRs_Ohm
                0x0000000000607d26       0x16 ../lib\libHXFASTLib_HX280025_libV2.0.a(estlib.o)
                0x0000000000607d26                EST_getRs_Ohm
 .text.EST_getRsOnLine_Ohm
                0x0000000000607d3c       0x16 ../lib\libHXFASTLib_HX280025_libV2.0.a(estlib.o)
                0x0000000000607d3c                EST_getRsOnLine_Ohm
 .text.EST_getState
                0x0000000000607d52       0x16 ../lib\libHXFASTLib_HX280025_libV2.0.a(estlib.o)
                0x0000000000607d52                EST_getState
 .text.EST_getTrajState
                0x0000000000607d68       0x16 ../lib\libHXFASTLib_HX280025_libV2.0.a(estlib.o)
                0x0000000000607d68                EST_getTrajState
 .text.EST_setFlag_bypassLockRotor
                0x0000000000607d7e       0x1a ../lib\libHXFASTLib_HX280025_libV2.0.a(estlib.o)
                0x0000000000607d7e                EST_setFlag_bypassLockRotor
 .text.EST_setFlag_enableForceAngle
                0x0000000000607d98       0x1a ../lib\libHXFASTLib_HX280025_libV2.0.a(estlib.o)
                0x0000000000607d98                EST_setFlag_enableForceAngle
 .text.EST_setFlag_enablePowerWarp
                0x0000000000607db2       0x1a ../lib\libHXFASTLib_HX280025_libV2.0.a(estlib.o)
                0x0000000000607db2                EST_setFlag_enablePowerWarp
 .text.EST_setFlag_enableRsOnLine
                0x0000000000607dcc       0x1a ../lib\libHXFASTLib_HX280025_libV2.0.a(estlib.o)
                0x0000000000607dcc                EST_setFlag_enableRsOnLine
 .text.EST_setFlag_enableRsRecalc
                0x0000000000607de6       0x1a ../lib\libHXFASTLib_HX280025_libV2.0.a(estlib.o)
                0x0000000000607de6                EST_setFlag_enableRsRecalc
 .text.EST_setFlag_updateRs
                0x0000000000607e00       0x1a ../lib\libHXFASTLib_HX280025_libV2.0.a(estlib.o)
                0x0000000000607e00                EST_setFlag_updateRs
 .text.EST_setRsOnLine_Ohm
                0x0000000000607e1a       0x18 ../lib\libHXFASTLib_HX280025_libV2.0.a(estlib.o)
                0x0000000000607e1a                EST_setRsOnLine_Ohm
 .text.EST_setRsOnLineId_A
                0x0000000000607e32       0x18 ../lib\libHXFASTLib_HX280025_libV2.0.a(estlib.o)
                0x0000000000607e32                EST_setRsOnLineId_A
 .text.EST_setRsOnLineId_mag_A
                0x0000000000607e4a       0x18 ../lib\libHXFASTLib_HX280025_libV2.0.a(estlib.o)
                0x0000000000607e4a                EST_setRsOnLineId_mag_A
 .text.EST_updateId_ref_A
                0x0000000000607e62       0x18 ../lib\libHXFASTLib_HX280025_libV2.0.a(estlib.o)
                0x0000000000607e62                EST_updateId_ref_A
 .text.EST_setOneOverFluxGain_sf
                0x0000000000607e7a       0x1a ../lib\libHXFASTLib_HX280025_libV2.0.a(estlib.o)
                0x0000000000607e7a                EST_setOneOverFluxGain_sf
 .text.EST_setFreqLFP_sf
                0x0000000000607e94       0x1a ../lib\libHXFASTLib_HX280025_libV2.0.a(estlib.o)
                0x0000000000607e94                EST_setFreqLFP_sf
 .text.EST_setBemf_sf
                0x0000000000607eae       0x1a ../lib\libHXFASTLib_HX280025_libV2.0.a(estlib.o)
                0x0000000000607eae                EST_setBemf_sf
 .text.USER_setParams_priv
                0x0000000000607ec8       0x16 ../lib\libHXFASTLib_HX280025_libV2.0.a(estlib.o)
                0x0000000000607ec8                USER_setParams_priv
 .text.sqrtf    0x0000000000607ede        0x6 D:/Haawking-IDE_V2.3.3Pre/haawking-tools/segger_lib\libhaawking-segger_imfc.a(floatops.o)
                0x0000000000607ede                sqrtf
 *(.rodata .rodata.*)
 .rodata.motor1CtrlISR
                0x0000000000607ee4       0x30 ./src_control/motor1_drive.o
 .rodata.str1.1
                0x0000000000607f14      0x11b ./src_control/motor1_drive.o
 .rodata.str1.1
                0x000000000060802f       0x38 ./src_control/motor_common.o
                                         0x70 (size before relaxing)
 .rodata.str1.1
                0x0000000000608067       0x6f ./src_board/drv8323s.o
 .rodata.str1.1
                0x00000000006080d6       0x73 ./src_board/hal.o
                                        0x235 (size before relaxing)
 .rodata.str1.1
                0x0000000000608149       0xac ./src/main.o
 .rodata.str1.1
                0x0000000000608149       0x39 ./haawking-drivers/haawking-dsc280025_edc-board/cmpss.o
 .rodata.str1.1
                0x0000000000608182       0x3c ./haawking-drivers/haawking-dsc280025_edc-board/cputimer.o
 .rodata.str1.1
                0x00000000006081be       0x38 ./haawking-drivers/haawking-dsc280025_edc-board/epwm.o
                                         0x70 (size before relaxing)
 .rodata.str1.1
                0x00000000006081f6       0x38 ./haawking-drivers/haawking-dsc280025_edc-board/eqep.o
 .rodata.str1.1
                0x000000000060822e       0x72 ./haawking-drivers/haawking-dsc280025_edc-board/flash.o
 .rodata.GPIO_setInterruptPin
                0x00000000006082a0       0x44 ./haawking-drivers/haawking-dsc280025_edc-board/gpio.o
 .rodata.str1.1
                0x00000000006082e4       0x38 ./haawking-drivers/haawking-dsc280025_edc-board/gpio.o
                                         0x70 (size before relaxing)
 .rodata.str1.1
                0x000000000060831c       0x6e ./haawking-drivers/haawking-dsc280025_edc-board/sci.o
 .rodata.str1.1
                0x000000000060838a       0x6e ./haawking-drivers/haawking-dsc280025_edc-board/spi.o
 .rodata.str1.1
                0x00000000006083f8       0x71 ./haawking-drivers/haawking-dsc280025_edc-board/sysctl.o
 .rodata.str1.1
                0x0000000000608469       0x4d ./device/device.o

.rela.dyn       0x00000000006084b8        0x0
 .rela.text.init
                0x00000000006084b8        0x0 ./src_control/motor1_drive.o
 .rela.text._clean_bss
                0x00000000006084b8        0x0 ./src_control/motor1_drive.o
 .rela.text._init_data_LS4567
                0x00000000006084b8        0x0 ./src_control/motor1_drive.o
 .rela.text._init_data_gs0
                0x00000000006084b8        0x0 ./src_control/motor1_drive.o

.FLASH_LS4567_DATA
                0x00000000006084c0        0x0
                0x00000000006084c0                __flash_start = .

.FLASH_GS0_DATA
                0x00000000006084c0        0x0
                0x000000000060a5a0                __gs_flash_start = (__flash_start + (__data_end - __data_start))
                0x00000000007a0000                . = 0x7a0000

.USER_OTP_TABLE
 *(.User_Otp_Table)
                0x00000000007a0000                _end = .
OUTPUT(Sanding_PMSMControl_HX0025EDC_v1.3.elf elf32-littleriscv)

.debug_abbrev   0x0000000000000000     0x1861
 .debug_abbrev  0x0000000000000000      0x2d6 ./src_control/motor1_drive.o
 .debug_abbrev  0x00000000000002d6      0x281 ./src_control/motor_common.o
 .debug_abbrev  0x0000000000000557      0x185 ./src_board/drv8323s.o
 .debug_abbrev  0x00000000000006dc      0x260 ./src_board/hal.o
 .debug_abbrev  0x000000000000093c       0xc0 ./src_board/user_mtr1.o
 .debug_abbrev  0x00000000000009fc      0x222 ./src/main.o
 .debug_abbrev  0x0000000000000c1e       0x1f ./haawking-drivers/haawking-dsc280025_edc-board/common/crt.o
 .debug_abbrev  0x0000000000000c3d      0x1a2 ./haawking-drivers/haawking-dsc280025_edc-board/common/syscalls.o
 .debug_abbrev  0x0000000000000ddf       0x21 ./haawking-drivers/haawking-dsc280025_edc-board/SysCtl_delay.o
 .debug_abbrev  0x0000000000000e00       0x21 ./haawking-drivers/haawking-dsc280025_edc-board/__disable_interrputs.o
 .debug_abbrev  0x0000000000000e21       0x21 ./haawking-drivers/haawking-dsc280025_edc-board/__enable_interrupts.o
 .debug_abbrev  0x0000000000000e42       0x82 ./haawking-drivers/haawking-dsc280025_edc-board/cmpss.o
 .debug_abbrev  0x0000000000000ec4       0x89 ./haawking-drivers/haawking-dsc280025_edc-board/cputimer.o
 .debug_abbrev  0x0000000000000f4d      0x104 ./haawking-drivers/haawking-dsc280025_edc-board/epwm.o
 .debug_abbrev  0x0000000000001051       0x91 ./haawking-drivers/haawking-dsc280025_edc-board/eqep.o
 .debug_abbrev  0x00000000000010e2       0xbe ./haawking-drivers/haawking-dsc280025_edc-board/flash.o
 .debug_abbrev  0x00000000000011a0      0x121 ./haawking-drivers/haawking-dsc280025_edc-board/gpio.o
 .debug_abbrev  0x00000000000012c1       0xce ./haawking-drivers/haawking-dsc280025_edc-board/interrupt.o
 .debug_abbrev  0x000000000000138f      0x111 ./haawking-drivers/haawking-dsc280025_edc-board/sci.o
 .debug_abbrev  0x00000000000014a0      0x146 ./haawking-drivers/haawking-dsc280025_edc-board/spi.o
 .debug_abbrev  0x00000000000015e6      0x161 ./haawking-drivers/haawking-dsc280025_edc-board/sysctl.o
 .debug_abbrev  0x0000000000001747      0x11a ./device/device.o

.debug_info     0x0000000000000000    0x1447d
 .debug_info    0x0000000000000000     0x418b ./src_control/motor1_drive.o
 .debug_info    0x000000000000418b     0x356a ./src_control/motor_common.o
 .debug_info    0x00000000000076f5     0x1295 ./src_board/drv8323s.o
 .debug_info    0x000000000000898a     0x3f2e ./src_board/hal.o
 .debug_info    0x000000000000c8b8      0x7c7 ./src_board/user_mtr1.o
 .debug_info    0x000000000000d07f     0x2a78 ./src/main.o
 .debug_info    0x000000000000faf7      0x191 ./haawking-drivers/haawking-dsc280025_edc-board/common/crt.o
 .debug_info    0x000000000000fc88     0x11df ./haawking-drivers/haawking-dsc280025_edc-board/common/syscalls.o
 .debug_info    0x0000000000010e67      0x173 ./haawking-drivers/haawking-dsc280025_edc-board/SysCtl_delay.o
 .debug_info    0x0000000000010fda      0x182 ./haawking-drivers/haawking-dsc280025_edc-board/__disable_interrputs.o
 .debug_info    0x000000000001115c      0x180 ./haawking-drivers/haawking-dsc280025_edc-board/__enable_interrupts.o
 .debug_info    0x00000000000112dc      0x1ea ./haawking-drivers/haawking-dsc280025_edc-board/cmpss.o
 .debug_info    0x00000000000114c6       0xe8 ./haawking-drivers/haawking-dsc280025_edc-board/cputimer.o
 .debug_info    0x00000000000115ae      0x617 ./haawking-drivers/haawking-dsc280025_edc-board/epwm.o
 .debug_info    0x0000000000011bc5      0x146 ./haawking-drivers/haawking-dsc280025_edc-board/eqep.o
 .debug_info    0x0000000000011d0b      0x2af ./haawking-drivers/haawking-dsc280025_edc-board/flash.o
 .debug_info    0x0000000000011fba      0x54d ./haawking-drivers/haawking-dsc280025_edc-board/gpio.o
 .debug_info    0x0000000000012507      0x1f8 ./haawking-drivers/haawking-dsc280025_edc-board/interrupt.o
 .debug_info    0x00000000000126ff      0x519 ./haawking-drivers/haawking-dsc280025_edc-board/sci.o
 .debug_info    0x0000000000012c18      0x9b1 ./haawking-drivers/haawking-dsc280025_edc-board/spi.o
 .debug_info    0x00000000000135c9      0xa4b ./haawking-drivers/haawking-dsc280025_edc-board/sysctl.o
 .debug_info    0x0000000000014014      0x469 ./device/device.o

.debug_ranges   0x0000000000000000      0xf58
 .debug_ranges  0x0000000000000000      0x1a8 ./src_control/motor1_drive.o
 .debug_ranges  0x00000000000001a8       0xb8 ./src_control/motor_common.o
 .debug_ranges  0x0000000000000260       0xf0 ./src_board/drv8323s.o
 .debug_ranges  0x0000000000000350      0x4c8 ./src_board/hal.o
 .debug_ranges  0x0000000000000818       0x78 ./src/main.o
 .debug_ranges  0x0000000000000890       0x28 ./haawking-drivers/haawking-dsc280025_edc-board/common/crt.o
 .debug_ranges  0x00000000000008b8      0x218 ./haawking-drivers/haawking-dsc280025_edc-board/common/syscalls.o
 .debug_ranges  0x0000000000000ad0       0x30 ./haawking-drivers/haawking-dsc280025_edc-board/cmpss.o
 .debug_ranges  0x0000000000000b00       0x18 ./haawking-drivers/haawking-dsc280025_edc-board/cputimer.o
 .debug_ranges  0x0000000000000b18       0x68 ./haawking-drivers/haawking-dsc280025_edc-board/epwm.o
 .debug_ranges  0x0000000000000b80       0x20 ./haawking-drivers/haawking-dsc280025_edc-board/eqep.o
 .debug_ranges  0x0000000000000ba0       0x28 ./haawking-drivers/haawking-dsc280025_edc-board/flash.o
 .debug_ranges  0x0000000000000bc8       0x70 ./haawking-drivers/haawking-dsc280025_edc-board/gpio.o
 .debug_ranges  0x0000000000000c38       0x50 ./haawking-drivers/haawking-dsc280025_edc-board/interrupt.o
 .debug_ranges  0x0000000000000c88       0x98 ./haawking-drivers/haawking-dsc280025_edc-board/sci.o
 .debug_ranges  0x0000000000000d20       0xd8 ./haawking-drivers/haawking-dsc280025_edc-board/spi.o
 .debug_ranges  0x0000000000000df8       0xe8 ./haawking-drivers/haawking-dsc280025_edc-board/sysctl.o
 .debug_ranges  0x0000000000000ee0       0x78 ./device/device.o

.debug_str      0x0000000000000000     0x9347
 .debug_str     0x0000000000000000     0x3638 ./src_control/motor1_drive.o
                                       0x376c (size before relaxing)
 .debug_str     0x0000000000003638      0x2f5 ./src_control/motor_common.o
                                       0x30a1 (size before relaxing)
 .debug_str     0x000000000000392d      0x599 ./src_board/drv8323s.o
                                       0x1684 (size before relaxing)
 .debug_str     0x0000000000003ec6     0x3343 ./src_board/hal.o
                                       0x5128 (size before relaxing)
 .debug_str     0x0000000000007209      0x2a3 ./src_board/user_mtr1.o
                                        0xc5e (size before relaxing)
 .debug_str     0x00000000000074ac      0x2a4 ./src/main.o
                                       0x30f1 (size before relaxing)
 .debug_str     0x0000000000007750      0x316 ./haawking-drivers/haawking-dsc280025_edc-board/common/syscalls.o
                                        0x58f (size before relaxing)
 .debug_str     0x0000000000007a66      0x104 ./haawking-drivers/haawking-dsc280025_edc-board/cmpss.o
                                        0x263 (size before relaxing)
 .debug_str     0x0000000000007b6a       0x6d ./haawking-drivers/haawking-dsc280025_edc-board/cputimer.o
                                        0x236 (size before relaxing)
 .debug_str     0x0000000000007bd7      0x118 ./haawking-drivers/haawking-dsc280025_edc-board/epwm.o
                                        0xa49 (size before relaxing)
 .debug_str     0x0000000000007cef       0xa7 ./haawking-drivers/haawking-dsc280025_edc-board/eqep.o
                                        0x208 (size before relaxing)
 .debug_str     0x0000000000007d96      0x1bf ./haawking-drivers/haawking-dsc280025_edc-board/flash.o
                                        0x31d (size before relaxing)
 .debug_str     0x0000000000007f55      0x1eb ./haawking-drivers/haawking-dsc280025_edc-board/gpio.o
                                        0x518 (size before relaxing)
 .debug_str     0x0000000000008140      0x103 ./haawking-drivers/haawking-dsc280025_edc-board/interrupt.o
                                        0x289 (size before relaxing)
 .debug_str     0x0000000000008243      0x179 ./haawking-drivers/haawking-dsc280025_edc-board/sci.o
                                        0x52f (size before relaxing)
 .debug_str     0x00000000000083bc      0x3df ./haawking-drivers/haawking-dsc280025_edc-board/spi.o
                                        0x7f2 (size before relaxing)
 .debug_str     0x000000000000879b      0x976 ./haawking-drivers/haawking-dsc280025_edc-board/sysctl.o
                                        0xfbb (size before relaxing)
 .debug_str     0x0000000000009111      0x236 ./device/device.o
                                        0x9aa (size before relaxing)

.comment        0x0000000000000000       0xe3
 .comment       0x0000000000000000       0xa2 ./src_control/motor1_drive.o
                                         0xa3 (size before relaxing)
 .comment       0x00000000000000a2       0xa3 ./src_control/motor_common.o
 .comment       0x00000000000000a2       0xa3 ./src_board/drv8323s.o
 .comment       0x00000000000000a2       0xa3 ./src_board/hal.o
 .comment       0x00000000000000a2       0xa3 ./src_board/user_mtr1.o
 .comment       0x00000000000000a2       0xa3 ./src/main.o
 .comment       0x00000000000000a2       0xa3 ./haawking-drivers/haawking-dsc280025_edc-board/common/syscalls.o
 .comment       0x00000000000000a2       0xa3 ./haawking-drivers/haawking-dsc280025_edc-board/cmpss.o
 .comment       0x00000000000000a2       0xa3 ./haawking-drivers/haawking-dsc280025_edc-board/cputimer.o
 .comment       0x00000000000000a2       0xa3 ./haawking-drivers/haawking-dsc280025_edc-board/epwm.o
 .comment       0x00000000000000a2       0xa3 ./haawking-drivers/haawking-dsc280025_edc-board/eqep.o
 .comment       0x00000000000000a2       0xa3 ./haawking-drivers/haawking-dsc280025_edc-board/flash.o
 .comment       0x00000000000000a2       0xa3 ./haawking-drivers/haawking-dsc280025_edc-board/gpio.o
 .comment       0x00000000000000a2       0xa3 ./haawking-drivers/haawking-dsc280025_edc-board/interrupt.o
 .comment       0x00000000000000a2       0xa3 ./haawking-drivers/haawking-dsc280025_edc-board/sci.o
 .comment       0x00000000000000a2       0xa3 ./haawking-drivers/haawking-dsc280025_edc-board/spi.o
 .comment       0x00000000000000a2       0xa3 ./haawking-drivers/haawking-dsc280025_edc-board/sysctl.o
 .comment       0x00000000000000a2       0xa3 ./device/device.o
 .comment       0x00000000000000a2       0xa3 ../lib\libHXFASTLib_HX280025_libV2.0.a(estlib.o)
 .comment       0x00000000000000a2       0x41 D:/Haawking-IDE_V2.3.3Pre/haawking-tools/segger_lib\libhaawking-segger_imfc.a(floatops.o)
                                         0x42 (size before relaxing)

.note.GNU-stack
                0x0000000000000000        0x0
 .note.GNU-stack
                0x0000000000000000        0x0 ./src_control/motor1_drive.o
 .note.GNU-stack
                0x0000000000000000        0x0 ./src_control/motor_common.o
 .note.GNU-stack
                0x0000000000000000        0x0 ./src_board/drv8323s.o
 .note.GNU-stack
                0x0000000000000000        0x0 ./src_board/hal.o
 .note.GNU-stack
                0x0000000000000000        0x0 ./src_board/user_mtr1.o
 .note.GNU-stack
                0x0000000000000000        0x0 ./src/main.o
 .note.GNU-stack
                0x0000000000000000        0x0 ./haawking-drivers/haawking-dsc280025_edc-board/common/syscalls.o
 .note.GNU-stack
                0x0000000000000000        0x0 ./haawking-drivers/haawking-dsc280025_edc-board/cmpss.o
 .note.GNU-stack
                0x0000000000000000        0x0 ./haawking-drivers/haawking-dsc280025_edc-board/cputimer.o
 .note.GNU-stack
                0x0000000000000000        0x0 ./haawking-drivers/haawking-dsc280025_edc-board/epwm.o
 .note.GNU-stack
                0x0000000000000000        0x0 ./haawking-drivers/haawking-dsc280025_edc-board/eqep.o
 .note.GNU-stack
                0x0000000000000000        0x0 ./haawking-drivers/haawking-dsc280025_edc-board/flash.o
 .note.GNU-stack
                0x0000000000000000        0x0 ./haawking-drivers/haawking-dsc280025_edc-board/gpio.o
 .note.GNU-stack
                0x0000000000000000        0x0 ./haawking-drivers/haawking-dsc280025_edc-board/interrupt.o
 .note.GNU-stack
                0x0000000000000000        0x0 ./haawking-drivers/haawking-dsc280025_edc-board/sci.o
 .note.GNU-stack
                0x0000000000000000        0x0 ./haawking-drivers/haawking-dsc280025_edc-board/spi.o
 .note.GNU-stack
                0x0000000000000000        0x0 ./haawking-drivers/haawking-dsc280025_edc-board/sysctl.o
 .note.GNU-stack
                0x0000000000000000        0x0 ./device/device.o
 .note.GNU-stack
                0x0000000000000000        0x0 ../lib\libHXFASTLib_HX280025_libV2.0.a(estlib.o)

.riscv.attributes
                0x0000000000000000       0x2b
 .riscv.attributes
                0x0000000000000000       0x2b ./src_control/motor1_drive.o
 .riscv.attributes
                0x000000000000002b       0x2b ./src_control/motor_common.o
 .riscv.attributes
                0x0000000000000056       0x2b ./src_board/drv8323s.o
 .riscv.attributes
                0x0000000000000081       0x2b ./src_board/hal.o
 .riscv.attributes
                0x00000000000000ac       0x2b ./src_board/user_mtr1.o
 .riscv.attributes
                0x00000000000000d7       0x2b ./src/main.o
 .riscv.attributes
                0x0000000000000102       0x2b ./haawking-drivers/haawking-dsc280025_edc-board/common/syscalls.o
 .riscv.attributes
                0x000000000000012d       0x2b ./haawking-drivers/haawking-dsc280025_edc-board/cmpss.o
 .riscv.attributes
                0x0000000000000158       0x2b ./haawking-drivers/haawking-dsc280025_edc-board/cputimer.o
 .riscv.attributes
                0x0000000000000183       0x2b ./haawking-drivers/haawking-dsc280025_edc-board/epwm.o
 .riscv.attributes
                0x00000000000001ae       0x2b ./haawking-drivers/haawking-dsc280025_edc-board/eqep.o
 .riscv.attributes
                0x00000000000001d9       0x2b ./haawking-drivers/haawking-dsc280025_edc-board/flash.o
 .riscv.attributes
                0x0000000000000204       0x2b ./haawking-drivers/haawking-dsc280025_edc-board/gpio.o
 .riscv.attributes
                0x000000000000022f       0x2b ./haawking-drivers/haawking-dsc280025_edc-board/interrupt.o
 .riscv.attributes
                0x000000000000025a       0x2b ./haawking-drivers/haawking-dsc280025_edc-board/sci.o
 .riscv.attributes
                0x0000000000000285       0x2b ./haawking-drivers/haawking-dsc280025_edc-board/spi.o
 .riscv.attributes
                0x00000000000002b0       0x2b ./haawking-drivers/haawking-dsc280025_edc-board/sysctl.o
 .riscv.attributes
                0x00000000000002db       0x2b ./device/device.o
 .riscv.attributes
                0x0000000000000306       0x2b ../lib\libHXFASTLib_HX280025_libV2.0.a(estlib.o)
 .riscv.attributes
                0x0000000000000331       0x2b D:/Haawking-IDE_V2.3.3Pre/haawking-tools/segger_lib\libhaawking-segger_imfc.a(floatops.o)

.debug_frame    0x0000000000000000     0x29e0
 .debug_frame   0x0000000000000000      0x470 ./src_control/motor1_drive.o
 .debug_frame   0x0000000000000470      0x1fc ./src_control/motor_common.o
 .debug_frame   0x000000000000066c      0x2b0 ./src_board/drv8323s.o
 .debug_frame   0x000000000000091c      0xe00 ./src_board/hal.o
 .debug_frame   0x000000000000171c       0x24 ./src_board/user_mtr1.o
 .debug_frame   0x0000000000001740      0x164 ./src/main.o
 .debug_frame   0x00000000000018a4      0x3b0 ./haawking-drivers/haawking-dsc280025_edc-board/common/syscalls.o
 .debug_frame   0x0000000000001c54       0x84 ./haawking-drivers/haawking-dsc280025_edc-board/cmpss.o
 .debug_frame   0x0000000000001cd8       0x3c ./haawking-drivers/haawking-dsc280025_edc-board/cputimer.o
 .debug_frame   0x0000000000001d14      0x12c ./haawking-drivers/haawking-dsc280025_edc-board/epwm.o
 .debug_frame   0x0000000000001e40       0x54 ./haawking-drivers/haawking-dsc280025_edc-board/eqep.o
 .debug_frame   0x0000000000001e94      0x128 ./haawking-drivers/haawking-dsc280025_edc-board/flash.o
 .debug_frame   0x0000000000001fbc      0x13c ./haawking-drivers/haawking-dsc280025_edc-board/gpio.o
 .debug_frame   0x00000000000020f8       0xdc ./haawking-drivers/haawking-dsc280025_edc-board/interrupt.o
 .debug_frame   0x00000000000021d4      0x1b8 ./haawking-drivers/haawking-dsc280025_edc-board/sci.o
 .debug_frame   0x000000000000238c      0x280 ./haawking-drivers/haawking-dsc280025_edc-board/spi.o
 .debug_frame   0x000000000000260c      0x290 ./haawking-drivers/haawking-dsc280025_edc-board/sysctl.o
 .debug_frame   0x000000000000289c      0x144 ./device/device.o

.debug_line     0x0000000000000000    0x1a2ca
 .debug_line    0x0000000000000000     0x5607 ./src_control/motor1_drive.o
 .debug_line    0x0000000000005607     0x27ad ./src_control/motor_common.o
 .debug_line    0x0000000000007db4     0x118f ./src_board/drv8323s.o
 .debug_line    0x0000000000008f43     0x5664 ./src_board/hal.o
 .debug_line    0x000000000000e5a7      0xc39 ./src_board/user_mtr1.o
 .debug_line    0x000000000000f1e0      0xd8e ./src/main.o
 .debug_line    0x000000000000ff6e      0x12f ./haawking-drivers/haawking-dsc280025_edc-board/common/crt.o
 .debug_line    0x000000000001009d     0x2e37 ./haawking-drivers/haawking-dsc280025_edc-board/common/syscalls.o
 .debug_line    0x0000000000012ed4       0x80 ./haawking-drivers/haawking-dsc280025_edc-board/SysCtl_delay.o
 .debug_line    0x0000000000012f54       0x78 ./haawking-drivers/haawking-dsc280025_edc-board/__disable_interrputs.o
 .debug_line    0x0000000000012fcc       0x77 ./haawking-drivers/haawking-dsc280025_edc-board/__enable_interrupts.o
 .debug_line    0x0000000000013043      0x5b2 ./haawking-drivers/haawking-dsc280025_edc-board/cmpss.o
 .debug_line    0x00000000000135f5      0x1fc ./haawking-drivers/haawking-dsc280025_edc-board/cputimer.o
 .debug_line    0x00000000000137f1      0xd98 ./haawking-drivers/haawking-dsc280025_edc-board/epwm.o
 .debug_line    0x0000000000014589      0x3cc ./haawking-drivers/haawking-dsc280025_edc-board/eqep.o
 .debug_line    0x0000000000014955      0x56f ./haawking-drivers/haawking-dsc280025_edc-board/flash.o
 .debug_line    0x0000000000014ec4      0xe82 ./haawking-drivers/haawking-dsc280025_edc-board/gpio.o
 .debug_line    0x0000000000015d46      0x782 ./haawking-drivers/haawking-dsc280025_edc-board/interrupt.o
 .debug_line    0x00000000000164c8      0xc16 ./haawking-drivers/haawking-dsc280025_edc-board/sci.o
 .debug_line    0x00000000000170de     0x13ea ./haawking-drivers/haawking-dsc280025_edc-board/spi.o
 .debug_line    0x00000000000184c8     0x17c6 ./haawking-drivers/haawking-dsc280025_edc-board/sysctl.o
 .debug_line    0x0000000000019c8e      0x63c ./device/device.o

.debug_loc      0x0000000000000000       0x28
 .debug_loc     0x0000000000000000       0x28 ./src_board/hal.o

.debug_aranges  0x0000000000000000       0x88
 .debug_aranges
                0x0000000000000000       0x28 ./haawking-drivers/haawking-dsc280025_edc-board/common/crt.o
 .debug_aranges
                0x0000000000000028       0x20 ./haawking-drivers/haawking-dsc280025_edc-board/SysCtl_delay.o
 .debug_aranges
                0x0000000000000048       0x20 ./haawking-drivers/haawking-dsc280025_edc-board/__disable_interrputs.o
 .debug_aranges
                0x0000000000000068       0x20 ./haawking-drivers/haawking-dsc280025_edc-board/__enable_interrupts.o
00000000 00000000 A IDE_VERSION_2_3_3Pre
00001000 00000000 T __global_sp$
00010000 00000000 T __data_start
00010000 00000024 T cpuTime
00010024 00000004 T cpuTimeHandle
00010028 000002dc T motorVars_M1
00010304 00000004 T motorHandle_M1
00010308 00000214 T userParams_M1
0001051c 00000010 T systemVars
0001052c 000000a4 T motorSetVars_M1
000105d0 00000044 T halMtr_M1
00010614 00000024 T drvicVars_M1
00010638 0000000c T clarke_V_M1
00010644 0000000c T clarke_I_M1
00010650 00000008 T ipark_V_M1
00010658 00000008 T park_I_M1
00010660 00000008 T park_V_M1
00010668 00000030 T svgen_M1
00010698 00000024 T pi_Id_M1
000106bc 00000024 T pi_Iq_M1
000106e0 00000024 T pi_spd_M1
00010704 00000024 T pi_pos_M1
00010728 00000014 T traj_spd_M1
000107dc 00000004 T speedSampleCount
000107e0 00000004 T speedSampleTime
000107e4 00000004 T testDelta_rad
00010800 00000000 T __global_pointer$
00010814 00000004 T eqep_trimOvertime
00010818 00000004 T eqep_trimAngle
0001084c 0000158c T motor1CtrlISR
00011dd8 00000026 T SysCtl_delay
00011e00 00000094 T Flash_initModule
00011e94 00000056 t Flash_setBankPowerMode
00011eea 0000003a t Flash_disableCache
00011f24 0000003a t Flash_disablePrefetch
00011f5e 00000064 t Flash_setWaitstates
00011fc2 0000003c t Flash_enableCache
00011ffe 0000003c t Flash_enablePrefetch
0001203a 00000040 t Flash_enableECC
0001207a 00000032 T Flash_powerDown
000120ac 00000032 T Flash_wakeFromLPM
000120e0 00000000 T __data_end
00012100 00000000 B __bss_start
00012100 00000004 B xint3Count
00012104 00000005 B receivedChar
0001210c 00000004 B testFoc_rad
00012110 00000004 B eqep_count
00012114 00000004 B eqep_lastCount
00012118 00000004 B eqepTrimAngleCount
0001211c 00000004 B halHandle
00012120 00000044 B hal
00012164 00000528 B est_motor_1
00012690 00000000 B __bss_end
00018000 00000000 B __gs_data_end
00018000 00000000 B __gs_data_start
00100c10 00000004 B IER
00100d10 00000004 B IFR
00600000 00000004 T _start
00600000 00000004 T haawking_start@VERS_DSC280025_EDC_V1.0.0
00600010 00000000 T _ENTRY
00600130 00000000 t trap_entry
006001e0 00000006 T __disable_interrupts
006001e8 00000006 T __enable_interrupts
006001ee 00000048 T initMotor1Handles
00600236 00000526 T initMotor1CtrlParameters
0060075c 0000000e t TRAJ_setTargetValue
0060076a 0000000e t TRAJ_setMinValue
00600778 0000000e t TRAJ_setMaxValue
00600786 0000000e t TRAJ_setMaxDelta
00600794 00000030 t HAL_disablePWM
006007c4 000005cc T runMotor1OffsetsCalculation
00600d90 00000054 t calcMotorOverCurrentThreshold
00600de4 0000003a t ADC_setPPBReferenceOffset
00600e1e 00000068 t HAL_enablePWM
00600e86 0000002e t ADC_clearInterruptStatus
00600eb4 0000002e t ADC_getInterruptStatus
00600ee2 0000025a T runMotor1Control
0060113c 0000004e t HAL_clearMtrFaultStatus
0060118a 000000e6 t updateControllers
00601270 00000170 T xint3ISR
006013e0 00000040 t SCI_readCharBlockingFIFO
00601420 0000000e t Interrupt_clearACKGroup
0060142e 0000001a t HAL_readTimerCnt
00601448 00000056 t EPWM_forceTripZoneEvent
0060149e 0000005c t EPWM_isBaseValid
006014fa 00000022 t ADC_isBaseValid
0060151c 00000028 t EPWM_getTimeBasePeriod
00601544 00000064 t EPWM_setCounterCompareValue
006015a8 00000032 t CMPSS_clearFilterLatchHigh
006015da 00000032 t CMPSS_clearFilterLatchLow
0060160c 00000056 t EPWM_clearTripZoneFlag
00601662 00000038 t CMPSS_isBaseValid
0060169a 0000003c t ADC_readResult
006016d6 00000018 t SCI_isBaseValid
006016ee 0000002e t SCI_getRxFIFOStatus
0060171c 00000024 t SCI_getRxStatus
00601740 00000024 t CPUTimer_getTimerCount
00601764 00000028 t CPUTimer_isBaseValid
0060178c 0000000c t TRAJ_getTargetValue
00601798 0000000c t TRAJ_getMaxDelta
006017a4 0000000c t TRAJ_getMinValue
006017b0 0000000c t TRAJ_getMaxValue
006017bc 00000040 T setupClarke_V
006017fc 00000018 t CLARKE_setScaleFactors
00601814 00000012 t CLARKE_setNumSensors
00601826 00000050 T setupClarke_I
00601876 000000ec T resetMotorControl
00601962 0000000e t TRAJ_setTargetValue
00601970 00000030 t HAL_disablePWM
006019a0 00000316 T setupControllers
00601cb6 000000ac t getControllers
00601d62 00000060 T CPU_TIME_reset
00601dc2 0000022a T runMotorMonitor
00601fec 0000021c T calculateRMSData
00602208 00000168 T posCheckMoinitor
00602370 00000024 t EQEP_getPosition
00602394 00000042 T restartMotorControl
006023d6 00000026 T stopMotorControl
006023fc 000000d2 T runRsOnLine
006024ce 0000012a T updateGlobalVariables
006025f8 00000114 T collectRMSData
0060270c 00000056 t EPWM_forceTripZoneEvent
00602762 0000005c t EPWM_isBaseValid
006027be 0000001e t EQEP_isBaseValid
006027dc 00000016 T DRV8323_init
006027f2 0000000e t DRV8323_resetRxTimeout
00602800 0000000e t DRV8323_resetEnableTimeout
0060280e 000000b6 T DRV8323_enable
006028c4 00000050 t GPIO_writePin
00602914 000000f2 T DRV8323_readSPI
00602a06 0000000e T DRV8323_setSPIHandle
00602a14 0000000e T DRV8323_setGPIOCSNumber
00602a22 0000000e T DRV8323_setGPIOENNumber
00602a30 000000ca T DRV8323_setupSPI
00602afa 0000001c t DRV8323_buildCtrlWord
00602b16 00000036 t SPI_resetRxFIFO
00602b4c 00000034 t SPI_enableFIFO
00602b80 00000036 t SPI_writeDataBlockingNonFIFO
00602bb6 0000002e t SPI_getRxFIFOStatus
00602be4 0000002a t SPI_readDataNonBlocking
00602c0e 0000009c T DRV8323_writeSPI
00602caa 000000be T DRV8323_writeData
00602d68 0000002a t GPIO_isPinValid
00602d92 0000001e t SPI_isBaseValid
00602db0 00000014 t Interrupt_disableGlobal
00602dc4 0000001e t SysCtl_disableWatchdog
00602de2 00000036 T HAL_enableCtrlInts
00602e18 0000000e t Interrupt_clearACKGroup
00602e26 00000054 t ADC_enableInterrupt
00602e7a 00000016 t Interrupt_enableInCPU
00602e90 00000008 T HAL_enableDebugInt
00602e98 0000000e T HAL_enableGlobalInts
00602ea6 00000014 t Interrupt_enableGlobal
00602eba 0000007c T HAL_init
00602f36 0000007e T HAL_MTR1_init
00602fb4 00000030 T HAL_setParams
00602fe4 00000446 T HAL_setupGPIOs
0060342a 000001e4 T HAL_setupADCs
0060360e 00000046 T HAL_setupTimeBaseTimer
00603654 00000036 T HAL_setupCPUUsageTimer
0060368a 0000007a T HAL_setupSCIA
00603704 00000014 T HAL_setupDMA
00603718 00000034 T HAL_MTR_setParams
0060374c 00000012 t HAL_setNumCurrentSensors
0060375e 00000012 t HAL_setNumVoltageSensors
00603770 00000370 T HAL_setupPWMs
00603ae0 00000190 T HAL_setupCMPSSs
00603c70 000000cc T HAL_setupQEP
00603d3c 00000068 T HAL_setupSPI
00603da4 0000002c T HAL_setupGate
00603dd0 00000036 t EQEP_disableInterrupt
00603e06 0000002e t EQEP_clearInterruptStatus
00603e34 00000044 t EQEP_selectSource
00603e78 00000034 t EQEP_setStrobeSource
00603eac 0000003c t EQEP_setDecoderConfig
00603ee8 0000003c t EQEP_setEmulationMode
00603f24 00000040 t EQEP_setPositionCounterConfig
00603f64 0000002a t EQEP_setPosition
00603f8e 0000002a t EQEP_loadUnitTimer
00603fb8 0000002a t EQEP_disableUnitTimer
00603fe2 0000002a t EQEP_disableWatchdog
0060400c 00000034 t EQEP_setLatchMode
00604040 00000034 t EQEP_setQMAModuleMode
00604074 0000002a t EQEP_disableDirectionChangeDuringIndex
0060409e 0000003c t EQEP_setPositionInitMode
006040da 00000042 t EQEP_setSWPositionInit
0060411c 0000002a t EQEP_setInitialPosition
00604146 0000002c t EQEP_enableModule
00604172 00000018 t ASysCtl_disableTemperatureSensor
0060418a 0000003a t ADC_setPrescaler
006041c4 0000003a t ADC_setInterruptPulseMode
006041fe 0000003a t ADC_setSOCPriority
00604238 00000034 t ADC_enableConverter
0060426c 00000062 t ADC_setInterruptSource
006042ce 00000074 t ADC_setupSOC
00604342 0000004a t ASysCtl_selectCMPHPMux
0060438c 0000004a t ASysCtl_selectCMPLPMux
006043d6 0000003e t CMPSS_enableModule
00604414 0000003c t CMPSS_configHighComparator
00604450 00000044 t CMPSS_configLowComparator
00604494 0000003c t CMPSS_configOutputsHigh
006044d0 00000044 t CMPSS_configOutputsLow
00604514 00000034 t CMPSS_initFilterHigh
00604548 00000034 t CMPSS_initFilterLow
0060457c 00000056 t CMPSS_setHysteresis
006045d2 0000003c t CMPSS_configDAC
0060460e 00000040 t CMPSS_setDACValueHigh
0060464e 00000040 t CMPSS_setDACValueLow
0060468e 00000034 t CMPSS_clearFilterLatchHigh
006046c2 00000034 t CMPSS_clearFilterLatchLow
006046f6 00000014 T HAL_enableDRV
0060470a 00000016 T HAL_writeDRVData
00604720 00000016 T HAL_setupDRVSPI
00604736 0000002c t SPI_disableModule
00604762 0000002a t SPI_disableLoopback
0060478c 00000036 t SPI_setEmulationMode
006047c2 00000036 t SPI_enableFIFO
006047f8 0000004a t SPI_setTxFifoTransmitDelay
00604842 0000002c t SPI_enableModule
0060486e 00000052 t GPIO_writePin
006048c0 00000024 t GPIO_setInterruptType
006048e4 0000001e t GPIO_enableInterrupt
00604902 0000003e t SysCtl_enablePeripheral
00604940 00000042 t SysCtl_disablePeripheral
00604982 00000058 t EPWM_forceTripZoneEvent
006049da 00000032 t EPWM_setTimeBaseCounterMode
00604a0c 0000002a t EPWM_disablePhaseShiftLoad
00604a36 0000003a t EPWM_setPeriodLoadMode