Archive member included to satisfy reference by file (symbol)

../lib\libHXFASTLib_HX280025_libV2.0.a(estlib.o)
                              ./src_control/motor1_drive.o (EST_setParams)
D:/Haawking-IDE_V2.3.3Pre/haawking-tools/segger_lib\libhaawking-segger_imfc.a(floatops.o)
                              ./src_control/motor_common.o (sqrtf)
D:/Haawking-IDE_V2.3.3Pre/haawking-tools/segger_lib\libhaawking-segger_imfc.a(intops.o)
                              ./haawking-drivers/haawking-dsc280025_edc-board/common/syscalls.o (__udivdi3)
D:/Haawking-IDE_V2.3.3Pre/haawking-tools/segger_lib\libhaawking-segger_imfc.a(floatasmops_rv.o)
                              ./haawking-drivers/haawking-dsc280025_edc-board/common/syscalls.o (__subdf3)
D:/Haawking-IDE_V2.3.3Pre/haawking-tools/segger_lib\libhaawking-segger_imfc.a(intasmops_rv.o)
                              D:/Haawking-IDE_V2.3.3Pre/haawking-tools/segger_lib\libhaawking-segger_imfc.a(floatops.o) (__ashldi3)

Discarded input sections

 .text          0x0000000000000000        0x2 ./src_control/motor1_drive.o
 .llvm_addrsig  0x0000000000000000       0xac ./src_control/motor1_drive.o
 .text          0x0000000000000000        0x2 ./src_control/motor_common.o
 .text.posCheckMoinitor
                0x0000000000000000      0x1c2 ./src_control/motor_common.o
 .text.EQEP_getPosition
                0x0000000000000000       0x2e ./src_control/motor_common.o
 .text.EQEP_isBaseValid
                0x0000000000000000       0x1e ./src_control/motor_common.o
 .llvm_addrsig  0x0000000000000000       0x3c ./src_control/motor_common.o
 .text          0x0000000000000000        0x2 ./src_board/drv8323s.o
 .text.DRV8323_getPeakSourCurHS
                0x0000000000000000       0x1e ./src_board/drv8323s.o
 .text.DRV8323_getPeakSinkCurHS
                0x0000000000000000       0x1c ./src_board/drv8323s.o
 .text.DRV8323_getPeakSourTime
                0x0000000000000000       0x1a ./src_board/drv8323s.o
 .text.DRV8323_getPeakSourCurLS
                0x0000000000000000       0x1a ./src_board/drv8323s.o
 .text.DRV8323_getPeakSinkCurLS
                0x0000000000000000       0x18 ./src_board/drv8323s.o
 .text.DRV8323_getVDSDeglitch
                0x0000000000000000       0x1e ./src_board/drv8323s.o
 .text.DRV8323_getDeadTime
                0x0000000000000000       0x1e ./src_board/drv8323s.o
 .text.DRV8323_getPWMMode
                0x0000000000000000       0x1a ./src_board/drv8323s.o
 .text.DRV8323_readData
                0x0000000000000000      0x102 ./src_board/drv8323s.o
 .llvm_addrsig  0x0000000000000000       0x17 ./src_board/drv8323s.o
 .text          0x0000000000000000        0x2 ./src_board/hal.o
 .text.HAL_disableGlobalInts
                0x0000000000000000       0x14 ./src_board/hal.o
 .text.HAL_disableWdog
                0x0000000000000000       0x12 ./src_board/hal.o
 .text.HAL_readDRVData
                0x0000000000000000       0x1a ./src_board/hal.o
 .text.HAL_setupMtrFaults
                0x0000000000000000      0x27c ./src_board/hal.o
 .text.XBAR_disableEPWMMux
                0x0000000000000000       0x2a ./src_board/hal.o
 .text.XBAR_enableEPWMMux
                0x0000000000000000       0x26 ./src_board/hal.o
 .text.XBAR_setInputPin
                0x0000000000000000       0x82 ./src_board/hal.o
 .text.XBAR_lockInput
                0x0000000000000000       0x40 ./src_board/hal.o
 .text.EPWM_enableTripZoneSignals
                0x0000000000000000       0x44 ./src_board/hal.o
 .text.EPWM_enableDigitalCompareTripCombinationInput
                0x0000000000000000       0x70 ./src_board/hal.o
 .text.EPWM_setTripZoneDigitalCompareEventCondition
                0x0000000000000000       0x5a ./src_board/hal.o
 .text.EPWM_setDigitalCompareEventSource
                0x0000000000000000       0x74 ./src_board/hal.o
 .text.EPWM_setDigitalCompareEventSyncMode
                0x0000000000000000       0x76 ./src_board/hal.o
 .text.EPWM_setTripZoneAction
                0x0000000000000000       0x5a ./src_board/hal.o
 .text.EPWM_clearTripZoneFlag
                0x0000000000000000       0x64 ./src_board/hal.o
 .text.HAL_setupPeripheralClks
                0x0000000000000000      0x18e ./src_board/hal.o
 .text.HAL_setupADCTriggerTimer
                0x0000000000000000       0x66 ./src_board/hal.o
 .text.CPUTimer_enableInterrupt
                0x0000000000000000       0x40 ./src_board/hal.o
 .text.HAL_clearDataRAM
                0x0000000000000000       0x3c ./src_board/hal.o
 .text.XBAR_isBaseValid
                0x0000000000000000       0x3c ./src_board/hal.o
 .llvm_addrsig  0x0000000000000000      0x13d ./src_board/hal.o
 .text          0x0000000000000000        0x2 ./src_board/user_mtr1.o
 .llvm_addrsig  0x0000000000000000        0x0 ./src_board/user_mtr1.o
 .text          0x0000000000000000        0x2 ./src/main.o
 .llvm_addrsig  0x0000000000000000       0x4b ./src/main.o
[...]
Memory Configuration

Name             Origin             Length             Attributes
AdcaRegs_FILE    0x0000000000001800 0x0000000000000110 xrw
AdcaResultRegs_FILE 0x0000000000001940 0x0000000000000050 xrw
AdccRegs_FILE    0x0000000000001c00 0x0000000000000110 xrw
AdccResultRegs_FILE 0x0000000000001d40 0x0000000000000050 xrw
HicRegs_FILE     0x0000000000002800 0x0000000000000100 xrw
DmaRegs_FILE     0x0000000000003000 0x0000000000000380 xrw
BgcrcCpuRegs_FILE 0x0000000000003400 0x0000000000000110 xrw
MemCfgRegs_FILE  0x0000000000003800 0x000000000000005c xrw
MemoryErrorRegs_FILE 0x000000000000385c 0x0000000000000040 xrw
AccessProtectionRegs_FILE 0x000000000000389c 0x0000000000000050 xrw
CpuTimer0Regs_FILE 0x0000000000005000 0x0000000000000010 xrw
CpuTimer1Regs_FILE 0x0000000000005010 0x0000000000000010 xrw
CpuTimer2Regs_FILE 0x0000000000005020 0x0000000000000010 xrw
PieCtrlRegs_FILE 0x0000000000005100 0x0000000000000068 xrw
XintRegs_FILE    0x0000000000005200 0x0000000000000020 xrw
NmiIntruptRegs_FILE 0x0000000000005300 0x0000000000000030 xrw
PieVectTable_FILE 0x0000000000005800 0x0000000000000400 xrw
CanaRegs_FILE    0x0000000000006000 0x0000000000000164 xrw
EPwm1Regs_FILE   0x000000000000a000 0x00000000000003fc xrw
EPwm2Regs_FILE   0x000000000000a400 0x00000000000003fc xrw
EPwm3Regs_FILE   0x000000000000a800 0x00000000000003fc xrw
EPwm4Regs_FILE   0x000000000000ac00 0x00000000000003fc xrw
EPwm5Regs_FILE   0x000000000000b000 0x00000000000003fc xrw
EPwm6Regs_FILE   0x000000000000b400 0x00000000000003fc xrw
EPwm7Regs_FILE   0x000000000000b800 0x00000000000003fc xrw
Clb1LogicCfgRegs_FILE 0x000000000000c000 0x00000000000000ac xrw
Clb1LogicCtrlRegs_FILE 0x000000000000c100 0x0000000000000080 xrw
Clb1DataExchRegs_FILE 0x000000000000c180 0x0000000000000084 xrw
Clb2LogicCfgRegs_FILE 0x000000000000c400 0x00000000000000ac xrw
Clb2LogicCtrlRegs_FILE 0x000000000000c500 0x0000000000000080 xrw
Clb2DataExchRegs_FILE 0x000000000000c580 0x0000000000000084 xrw
EQep1Regs_FILE   0x000000000000d000 0x0000000000000070 xrw
EQep2Regs_FILE   0x000000000000d140 0x0000000000000070 xrw
ECap1Regs_FILE   0x000000000000d400 0x0000000000000040 xrw
ECap2Regs_FILE   0x000000000000d480 0x0000000000000040 xrw
ECap3Regs_FILE   0x000000000000d500 0x0000000000000040 xrw
HRCap3Regs_FILE  0x000000000000d780 0x000000000000006c xrw
Cmpss1Regs_FILE  0x000000000000d800 0x0000000000000058 xrw
Cmpss2Regs_FILE  0x000000000000d880 0x0000000000000058 xrw
Cmpss3Regs_FILE  0x000000000000d900 0x0000000000000058 xrw
Cmpss4Regs_FILE  0x000000000000d980 0x0000000000000058 xrw
SpiaRegs_FILE    0x000000000000e000 0x000000000000003c xrw
SpibRegs_FILE    0x000000000000e080 0x000000000000003c xrw
PmbusaRegs_FILE  0x000000000000e400 0x000000000000003c xrw
FsiRxaRegs_FILE  0x000000000000e800 0x0000000000000200 xrw
FsiTxaRegs_FILE  0x000000000000ea00 0x0000000000000200 xrw
I2saRegs_FILE    0x000000000000ec00 0x0000000000000038 xrw
InputXbarRegs_FILE 0x0000000000031000 0x000000000000007c xrw
XbarRegs_FILE    0x0000000000031080 0x0000000000000020 xrw
ClbInputXbarRegs_FILE 0x0000000000031180 0x000000000000007c xrw
EPwmXbarRegs_FILE 0x0000000000031400 0x0000000000000078 xrw
ClbXbarRegs_FILE 0x0000000000031500 0x0000000000000080 xrw
OutputXbarRegs_FILE 0x0000000000031600 0x0000000000000080 xrw
ClbOutputXbarRegs_FILE 0x0000000000031b00 0x0000000000000080 xrw
EradGlobalRegs_FILE 0x0000000000032800 0x00000000000000fc xrw
EradHWBP1Regs_FILE 0x00000000000328fc 0x0000000000000014 xrw
EradHWBP2Regs_FILE 0x0000000000032910 0x0000000000000014 xrw
EradHWBP3Regs_FILE 0x0000000000032924 0x0000000000000014 xrw
EradHWBP4Regs_FILE 0x0000000000032938 0x0000000000000014 xrw
EradHWBP5Regs_FILE 0x000000000003294c 0x0000000000000014 xrw
EradHWBP6Regs_FILE 0x0000000000032960 0x0000000000000014 xrw
EradHWBP7Regs_FILE 0x0000000000032974 0x0000000000000014 xrw
EradHWBP8Regs_FILE 0x0000000000032988 0x0000000000000014 xrw
EradCounter1Regs_FILE 0x000000000003299c 0x0000000000000024 xrw
EradCounter2Regs_FILE 0x00000000000329c0 0x0000000000000024 xrw
EradCounter3Regs_FILE 0x00000000000329e4 0x0000000000000024 xrw
EradCounter4Regs_FILE 0x0000000000032a08 0x0000000000000024 xrw
EradCRCGlobalRegs_FILE 0x0000000000032a2c 0x0000000000000004 xrw
EradCRC1Regs_FILE 0x0000000000032a30 0x000000000000000c xrw
EradCRC2Regs_FILE 0x0000000000032a3c 0x000000000000000c xrw
EradCRC3Regs_FILE 0x0000000000032a48 0x000000000000000c xrw
EradCRC4Regs_FILE 0x0000000000032a54 0x000000000000000c xrw
EradCRC5Regs_FILE 0x0000000000032a60 0x000000000000000c xrw
EradCRC6Regs_FILE 0x0000000000032a6c 0x000000000000000c xrw
EradCRC7Regs_FILE 0x0000000000032a78 0x000000000000000c xrw
EradCRC8Regs_FILE 0x0000000000032a84 0x000000000000000c xrw
Dcc0Regs_FILE    0x0000000000033000 0x000000000000003c xrw
Dcc1Regs_FILE    0x0000000000033080 0x000000000000003c xrw
GpioCtrlRegs_FILE 0x0000000000033800 0x0000000000000600 xrw
GpioDataRegs_FILE 0x0000000000033e00 0x0000000000000100 xrw
GpioDataReadRegs_FILE 0x0000000000033f00 0x0000000000000074 xrw
LinaRegs_FILE    0x0000000000034000 0x0000000000000074 xrw
LinbRegs_FILE    0x0000000000034080 0x0000000000000074 xrw
SciaRegs_FILE    0x0000000000034400 0x000000000000003c xrw
I2caRegs_FILE    0x0000000000034800 0x000000000000003c xrw
I2cbRegs_FILE    0x0000000000034880 0x000000000000003c xrw
ClkCfgRegs_FILE  0x0000000000038000 0x0000000000000080 xrw
CpuSysRegs_FILE  0x0000000000038200 0x0000000000000108 xrw
DevCfgRegs_FILE  0x0000000000038400 0x000000000000033c xrw
SysPeriphAcRegs_FILE 0x0000000000038800 0x0000000000000400 xrw
SyncSocRegs_FILE 0x0000000000038c00 0x000000000000003c xrw
DmaClaSrcSelRegs_FILE 0x0000000000038d00 0x0000000000000034 xrw
WdRegs_FILE      0x0000000000038e00 0x0000000000000058 xrw
AnalogSubsysRegs_FILE 0x0000000000039000 0x0000000000000024 xrw
DcsmBank0Z1Regs_FILE 0x0000000000039400 0x0000000000000048 xrw
DcsmBank0Z2Regs_FILE 0x0000000000039450 0x0000000000000048 xrw
DcsmCommonRegs_FILE 0x00000000000394a0 0x0000000000000020 xrw
DcsmBank0Z1OtpRegs_FILE 0x00000000007a0000 0x0000000000000400 xrw
DcsmBank0Z2OtpRegs_FILE 0x00000000007a0400 0x0000000000000400 xrw
Flash0CtrlRegs_FILE 0x00000000007af000 0x0000000000000200 xrw
Flash0EccRegs_FILE 0x00000000007af200 0x0000000000000050 xrw
BOOTROM_FILE     0x00000000007e0000 0x0000000000020000 xr
BOOT_RSVD        0x0000000000000000 0x0000000000000200 xrw
PRAMM0           0x0000000000000200 0x0000000000000600 xrw
PRAMM1           0x0000000000000800 0x0000000000000800 xrw
PRAMLS4567       0x0000000000010000 0x0000000000008000 xrw
RAMGS0           0x0000000000018000 0x0000000000002000 xrw
BEGIN            0x0000000000600000 0x0000000000000010 xrw
FLASH            0x0000000000600010 0x000000000003fff0 xrw
USER_OTP_FILE    0x00000000007a0000 0x0000000000000800 rw
IER_REGISTER_FILE 0x0000000000100c10 0x0000000000000004 rw
IFR_REGISTER_FILE 0x0000000000100d10 0x0000000000000004 rw
*default*        0x0000000000000000 0xffffffffffffffff

Linker script and memory map

                0x0000000000000000                IDE_VERSION_2_3_3Pre = 0x0
LOAD ./src_control/motor1_drive.o
LOAD ./src_control/motor_common.o
LOAD ./src_board/drv8323s.o
LOAD ./src_board/hal.o
LOAD ./src_board/user_mtr1.o
LOAD ./src/main.o
LOAD ./haawking-drivers/haawking-dsc280025_edc-board/common/crt.o
LOAD ./haawking-drivers/haawking-dsc280025_edc-board/common/hx_fintdiv.o
LOAD ./haawking-drivers/haawking-dsc280025_edc-board/common/hx_intrinsics.o
LOAD ./haawking-drivers/haawking-dsc280025_edc-board/common/syscalls.o
LOAD ./haawking-drivers/haawking-dsc280025_edc-board/SysCtl_delay.o
LOAD ./haawking-drivers/haawking-dsc280025_edc-board/__disable_interrputs.o
LOAD ./haawking-drivers/haawking-dsc280025_edc-board/__enable_interrupts.o
LOAD ./haawking-drivers/haawking-dsc280025_edc-board/adc.o
LOAD ./haawking-drivers/haawking-dsc280025_edc-board/asysctl.o
LOAD ./haawking-drivers/haawking-dsc280025_edc-board/bgcrc.o
LOAD ./haawking-drivers/haawking-dsc280025_edc-board/can.o
LOAD ./haawking-drivers/haawking-dsc280025_edc-board/clb.o
LOAD ./haawking-drivers/haawking-dsc280025_edc-board/cmpss.o
LOAD ./haawking-drivers/haawking-dsc280025_edc-board/cputimer.o
LOAD ./haawking-drivers/haawking-dsc280025_edc-board/dcc.o
LOAD ./haawking-drivers/haawking-dsc280025_edc-board/dcsm.o
LOAD ./haawking-drivers/haawking-dsc280025_edc-board/dma.o
LOAD ./haawking-drivers/haawking-dsc280025_edc-board/ecap.o
LOAD ./haawking-drivers/haawking-dsc280025_edc-board/epwm.o
LOAD ./haawking-drivers/haawking-dsc280025_edc-board/eqep.o
LOAD ./haawking-drivers/haawking-dsc280025_edc-board/erad.o
LOAD ./haawking-drivers/haawking-dsc280025_edc-board/flash.o
LOAD ./haawking-drivers/haawking-dsc280025_edc-board/fsi.o
LOAD ./haawking-drivers/haawking-dsc280025_edc-board/gpio.o
LOAD ./haawking-drivers/haawking-dsc280025_edc-board/hic.o
LOAD ./haawking-drivers/haawking-dsc280025_edc-board/hrpwm.o
LOAD ./haawking-drivers/haawking-dsc280025_edc-board/i2c.o
LOAD ./haawking-drivers/haawking-dsc280025_edc-board/interrupt.o
LOAD ./haawking-drivers/haawking-dsc280025_edc-board/lin.o
LOAD ./haawking-drivers/haawking-dsc280025_edc-board/memcfg.o
LOAD ./haawking-drivers/haawking-dsc280025_edc-board/pmbus.o
LOAD ./haawking-drivers/haawking-dsc280025_edc-board/sci.o
LOAD ./haawking-drivers/haawking-dsc280025_edc-board/spi.o
LOAD ./haawking-drivers/haawking-dsc280025_edc-board/sysctl.o
LOAD ./haawking-drivers/haawking-dsc280025_edc-board/userotp.o
LOAD ./haawking-drivers/haawking-dsc280025_edc-board/version.o
LOAD ./haawking-drivers/haawking-dsc280025_edc-board/xbar.o
LOAD ./device/device.o
LOAD ../lib\libIQmath_fpu32.a
LOAD ../lib\libHXFASTLib_HX280025_libV2.0.a
LOAD D:/Haawking-IDE_V2.3.3Pre/haawking-tools/segger_lib\libhaawking-segger_imfc.a

.AdcaRegs
 *(.AdcaRegs)

.AdcaResultRegs
 *(.AdcaResultRegs)

.AdccRegs
 *(.AdccRegs)

.AdccResultRegs
 *(.AdccResultRegs)

.HicRegs
 *(.HicRegs)

.DmaRegs
 *(.DmaRegs)

.BgcrcCpuRegs
 *(.BgcrcCpuRegs)

.MemCfgRegs
 *(.MemCfgRegs)

.MemoryErrorRegs
 *(.MemoryErrorRegs)

.AccessProtectionRegs
 *(.AccessProtectionRegs)

.CpuTimer0Regs
 *(.CpuTimer0Regs)

.CpuTimer1Regs
 *(.CpuTimer1Regs)

.CpuTimer2Regs
 *(.CpuTimer2Regs)

.PieCtrlRegs
 *(.PieCtrlRegs)

.XintRegs
 *(.XintRegs)

.NmiIntruptRegs
 *(.NmiIntruptRegs)

.PieVectTable
 *(.PieVectTable)

.CanaRegs
 *(.CanaRegs)

.EPwm1Regs
 *(.EPwm1Regs)

.EPwm2Regs
 *(.EPwm2Regs)

.EPwm3Regs
 *(.EPwm3Regs)

.EPwm4Regs
 *(.EPwm4Regs)

.EPwm5Regs
 *(.EPwm5Regs)

.EPwm6Regs
 *(.EPwm6Regs)

.EPwm7Regs
 *(.EPwm7Regs)

.Clb1LogicCfgRegs
 *(.Clb1LogicCfgRegs)

.Clb1LogicCtrlRegs
 *(.Clb1LogicCtrlRegs)

.Clb1DataExchRegs
 *(.Clb1DataExchRegs)

.Clb2LogicCfgRegs
 *(.Clb2LogicCfgRegs)

.Clb2LogicCtrlRegs
 *(.Clb2LogicCtrlRegs)

.Clb2DataExchRegs
 *(.Clb2DataExchRegs)

.EQep1Regs
 *(.EQep1Regs)

.EQep2Regs
 *(.EQep2Regs)

.ECap1Regs
 *(.ECap1Regs)

.ECap2Regs
 *(.ECap2Regs)

.ECap3Regs
 *(.ECap3Regs)

.HRCap3Regs
 *(.HRCap3Regs)

.Cmpss1Regs
 *(.Cmpss1Regs)

.Cmpss2Regs
 *(.Cmpss2Regs)

.Cmpss3Regs
 *(.Cmpss3Regs)

.Cmpss4Regs
 *(.Cmpss4Regs)

.SpiaRegs
 *(.SpiaRegs)

.SpibRegs
 *(.SpibRegs)

.PmbusaRegs
 *(.PmbusaRegs)

.FsiRxaRegs
 *(.FsiRxaRegs)

.FsiTxaRegs
 *(.FsiTxaRegs)

.I2saRegs
 *(.I2saRegs)

.InputXbarRegs
 *(.InputXbarRegs)

.XbarRegs
 *(.XbarRegs)

.ClbInputXbarRegs
 *(.ClbInputXbarRegs)

.EPwmXbarRegs
 *(.EPwmXbarRegs)

.ClbXbarRegs
 *(.ClbXbarRegs)

.OutputXbarRegs
 *(.OutputXbarRegs)

.ClbOutputXbarRegs
 *(.ClbOutputXbarRegs)

.EradGlobalRegs
 *(.EradGlobalRegs)

.EradHWBP1Regs
 *(.EradHWBP1Regs)

.EradHWBP2Regs
 *(.EradHWBP2Regs)

.EradHWBP3Regs
 *(.EradHWBP3Regs)

.EradHWBP4Regs
 *(.EradHWBP4Regs)

.EradHWBP5Regs
 *(.EradHWBP5Regs)

.EradHWBP6Regs
 *(.EradHWBP6Regs)

.EradHWBP7Regs
 *(.EradHWBP7Regs)

.EradHWBP8Regs
 *(.EradHWBP8Regs)

.EradCounter1Regs
 *(.EradCounter1Regs)

.EradCounter2Regs
 *(.EradCounter2Regs)

.EradCounter3Regs
 *(.EradCounter3Regs)

.EradCounter4Regs
 *(.EradCounter4Regs)

.EradCRCGlobalRegs
 *(.EradCRCGlobalRegs)

.EradCRC1Regs
 *(.EradCRC1Regs)

.EradCRC2Regs
 *(.EradCRC2Regs)

.EradCRC3Regs
 *(.EradCRC3Regs)

.EradCRC4Regs
 *(.EradCRC4Regs)

.EradCRC5Regs
 *(.EradCRC5Regs)

.EradCRC6Regs
 *(.EradCRC6Regs)

.EradCRC7Regs
 *(.EradCRC7Regs)

.EradCRC8Regs
 *(.EradCRC8Regs)

.Dcc0Regs
 *(.Dcc0Regs)

.Dcc1Regs
 *(.Dcc1Regs)

.GpioCtrlRegs
 *(.GpioCtrlRegs)

.GpioDataRegs
 *(.GpioDataRegs)

.GpioDataReadRegs
 *(.GpioDataReadRegs)

.LinaRegs
 *(.LinaRegs)

.LinbRegs
 *(.LinbRegs)

.SciaRegs
 *(.SciaRegs)

.I2caRegs
 *(.I2caRegs)

.I2cbRegs
 *(.I2cbRegs)

.ClkCfgRegs
 *(.ClkCfgRegs)

.CpuSysRegs
 *(.CpuSysRegs)

.DevCfgRegs
 *(.DevCfgRegs)

.SysPeriphAcRegs
 *(.SysPeriphAcRegs)

.SyncSocRegs
 *(.SyncSocRegs)

.DmaClaSrcSelRegs
 *(.DmaClaSrcSelRegs)

.WdRegs
 *(.WdRegs)

.AnalogSubsysRegs
 *(.AnalogSubsysRegs)

.DcsmBank0Z1Regs
 *(.DcsmBank0Z1Regs)

.DcsmBank0Z2Regs
 *(.DcsmBank0Z2Regs)

.DcsmCommonRegs
 *(.DcsmCommonRegs)

.DcsmBank0Z1OtpRegs
 *(.DcsmBank0Z1OtpRegs)

.DcsmBank0Z2OtpRegs
 *(.DcsmBank0Z2OtpRegs)

.Flash0CtrlRegs
 *(.Flash0CtrlRegs)

.Flash0EccRegs
 *(.Flash0EccRegs)

_IQsinTable     0x00000000007e2804        0x0
                0x00000000007e2804                IQsinTable = .
                0x00000000007e2a04                IQcosTable = (. + 0x200)

_IQdivRoundSatTable
                0x00000000007e3208        0x0
                0x00000000007e3208                IQdivRoundSatTable = .

_IQdivTable     0x00000000007e3224        0x0
                0x00000000007e3224                IQdivTable = .

_IQisqrtRoundSatTable
                0x00000000007e3628        0x0
                0x00000000007e3628                IQisqrtRoundSatTable = .

_IQisqrtTable   0x00000000007e3648        0x0
                0x00000000007e3648                IQisqrtTable = .

_IQatan2HalfPITable
                0x00000000007e384c        0x0
                0x00000000007e384c                IQatan2HalfPITable = .

_IQatan2Table   0x00000000007e38c8        0x0
                0x00000000007e38c8                IQatan2Table = .

_IQexpTableMinMax
                0x00000000007e3ea4        0x0
                0x00000000007e3ea4                IQexpTableMinMax = .

_IQexpTableCoeff
                0x00000000007e3f94        0x0
                0x00000000007e3f94                IQexpTableCoeff = .

_IQasinTable    0x00000000007e3fbc        0x0
                0x00000000007e3fbc                IQasinTable = .
                0x0000000000000800                . = 0x800

.M1             0x0000000000000800        0x0
                0x0000000000001000                __global_sp$ = (. + 0x800)
                0x0000000000010000                . = 0x10000

.sdata          0x0000000000010000     0x2092 load address 0x0000000000608390
                0x0000000000010000                __data_start = .
                0x0000000000010800                __global_pointer$ = (. + 0x800)
 *(.data)
 .data          0x0000000000010000      0x730 ./src/main.o
                0x0000000000010000                cpuTime
                0x0000000000010024                cpuTimeHandle
                0x0000000000010028                motorVars_M1
                0x00000000000102f8                motorHandle_M1
                0x00000000000102fc                userParams_M1
                0x0000000000010510                systemVars
                0x0000000000010520                motorSetVars_M1
                0x00000000000105c4                halMtr_M1
                0x0000000000010608                drvicVars_M1
                0x000000000001062c                clarke_V_M1
                0x0000000000010638                clarke_I_M1
                0x0000000000010644                ipark_V_M1
                0x000000000001064c                park_I_M1
                0x0000000000010654                park_V_M1
                0x000000000001065c                svgen_M1
                0x000000000001068c                pi_Id_M1
                0x00000000000106b0                pi_Iq_M1
                0x00000000000106d4                pi_spd_M1
                0x00000000000106f8                pi_pos_M1
                0x000000000001071c                traj_spd_M1
 *(.data.*)
 *(.srodata.cst16)
 *(.srodata.cst8)
 *(.srodata.cst4)
 *(.srodata.cst2)
 *(.srodata*)
 *(.sdata .sdata.* .gnu.linkonce.s.*)
 .sdata         0x0000000000010730       0xb0 ./src_control/motor1_drive.o
                0x00000000000107d4                speedSampleCount
                0x00000000000107d8                speedSampleTime
                0x00000000000107dc                testDelta_rad
 .sdata         0x00000000000107e0       0x38 ./src_control/motor_common.o
 .sdata         0x0000000000010818        0xc ./src_board/hal.o
 .sdata         0x0000000000010824       0x10 ./src_board/user_mtr1.o
 .sdata         0x0000000000010834       0x14 ./haawking-drivers/haawking-dsc280025_edc-board/sysctl.o
 *(LS4567)
 *(ramfuncs)
 ramfuncs       0x0000000000010848     0x1542 ./src_control/motor1_drive.o
                0x0000000000010848                motor1CtrlISR
 *fill*         0x0000000000011d8a        0x2 
 ramfuncs       0x0000000000011d8c       0x26 ./haawking-drivers/haawking-dsc280025_edc-board/SysCtl_delay.o
                0x0000000000011d8c                SysCtl_delay
 *fill*         0x0000000000011db2        0x2 
 ramfuncs       0x0000000000011db4      0x2de ./haawking-drivers/haawking-dsc280025_edc-board/flash.o
                0x0000000000011db4                Flash_initModule
                0x000000000001202e                Flash_powerDown
                0x0000000000012060                Flash_wakeFromLPM
                0x0000000000012098                __data_end = ALIGN (0x8)

.sbss           0x0000000000012100       0x1c load address 0x000000000060a490
                0x0000000000012100                __bss_start = .
 *(.sbss .sbss.* .gnu.linkonce.sb.*)
 .sbss          0x0000000000012100       0x10 ./src_control/motor1_drive.o
                0x0000000000012100                xint3Count
                0x0000000000012104                receivedChar
                0x000000000001210c                testFoc_rad
 .sbss          0x0000000000012110        0xc ./src_control/motor_common.o
                0x0000000000012110                eqep_count
                0x0000000000012114                eqep_lastCount
                0x0000000000012118                halHandle
 *(.scommon)

.bss            0x0000000000012120      0x56c load address 0x000000000060a4b0
 *(.bss)
 *(.bss.*)
 .bss.hal       0x0000000000012120       0x44 ./src_control/motor_common.o
                0x0000000000012120                hal
 .bss.est_motor_1
                0x0000000000012164      0x528 ../lib\libHXFASTLib_HX280025_libV2.0.a(estlib.o)
                0x0000000000012164                est_motor_1
 *(COMMON)
                0x0000000000012690                __bss_end = ALIGN (0x8)
                0x0000000000018000                . = 0x18000

.ramgs0         0x0000000000018000        0x0 load address 0x000000000060a428
                0x0000000000018000                __gs_data_start = .
 *(ramgs0)
                0x0000000000018000                __gs_data_end = ALIGN (0x8)
                0x0000000000100c10                . = 0x100c10

.IER_REGISTER   0x0000000000100c10        0x4
 *(.ier_register)
 .ier_register  0x0000000000100c10        0x4 ./haawking-drivers/haawking-dsc280025_edc-board/interrupt.o
                0x0000000000100c10                IER
                0x0000000000100d10                . = 0x100d10

.IFR_REGISTER   0x0000000000100d10        0x4
 *(.ifr_register)
 .ifr_register  0x0000000000100d10        0x4 ./haawking-drivers/haawking-dsc280025_edc-board/interrupt.o
                0x0000000000100d10                IFR
                0x0000000000600000                . = 0x600000

.codestart      0x0000000000600000        0x4
 *(codestart)
 codestart      0x0000000000600000        0x4 ./haawking-drivers/haawking-dsc280025_edc-board/common/crt.o
                0x0000000000600000                _start
                0x0000000000600000                haawking_start@VERS_DSC280025_EDC_V1.0.0
                0x0000000000600010                . = 0x600010

.text.init      0x0000000000600010      0x1c2
 *(.text.init)
 .text.init     0x0000000000600010      0x1c2 ./haawking-drivers/haawking-dsc280025_edc-board/common/crt.o
                0x0000000000600010                _ENTRY

.text           0x00000000006001e0     0x81aa
 *(.text)
 .text          0x00000000006001e0        0x6 ./haawking-drivers/haawking-dsc280025_edc-board/__disable_interrputs.o
                0x00000000006001e0                __disable_interrupts
 *fill*         0x00000000006001e6        0x2 
 .text          0x00000000006001e8        0x6 ./haawking-drivers/haawking-dsc280025_edc-board/__enable_interrupts.o
                0x00000000006001e8                __enable_interrupts
 *(.IQmath.*)
 *(.text*)
 .text.initMotor1Handles
                0x00000000006001ee       0x48 ./src_control/motor1_drive.o
                0x00000000006001ee                initMotor1Handles
 .text.initMotor1CtrlParameters
                0x0000000000600236      0x520 ./src_control/motor1_drive.o
                0x0000000000600236                initMotor1CtrlParameters
 .text.TRAJ_setTargetValue
                0x0000000000600756        0xe ./src_control/motor1_drive.o
 .text.TRAJ_setMinValue
                0x0000000000600764        0xe ./src_control/motor1_drive.o
 .text.TRAJ_setMaxValue
                0x0000000000600772        0xe ./src_control/motor1_drive.o
 .text.TRAJ_setMaxDelta
                0x0000000000600780        0xe ./src_control/motor1_drive.o
 .text.HAL_disablePWM
                0x000000000060078e       0x30 ./src_control/motor1_drive.o
 .text.runMotor1OffsetsCalculation
                0x00000000006007be      0x5cc ./src_control/motor1_drive.o
                0x00000000006007be                runMotor1OffsetsCalculation
 .text.calcMotorOverCurrentThreshold
                0x0000000000600d8a       0x54 ./src_control/motor1_drive.o
 .text.ADC_setPPBReferenceOffset
                0x0000000000600dde       0x3c ./src_control/motor1_drive.o
 .text.HAL_enablePWM
                0x0000000000600e1a       0x68 ./src_control/motor1_drive.o
 .text.ADC_clearInterruptStatus
                0x0000000000600e82       0x2e ./src_control/motor1_drive.o
 .text.ADC_getInterruptStatus
                0x0000000000600eb0       0x2e ./src_control/motor1_drive.o
 .text.runMotor1Control
                0x0000000000600ede      0x27a ./src_control/motor1_drive.o
                0x0000000000600ede                runMotor1Control
 .text.HAL_clearMtrFaultStatus
                0x0000000000601158       0x4e ./src_control/motor1_drive.o
 .text.updateControllers
                0x00000000006011a6      0x166 ./src_control/motor1_drive.o
 .text.xint3ISR
                0x000000000060130c      0x170 ./src_control/motor1_drive.o
                0x000000000060130c                xint3ISR
 .text.SCI_readCharBlockingFIFO
                0x000000000060147c       0x40 ./src_control/motor1_drive.o
 .text.Interrupt_clearACKGroup
                0x00000000006014bc        0xe ./src_control/motor1_drive.o
 .text.HAL_readTimerCnt
                0x00000000006014ca       0x1a ./src_control/motor1_drive.o
 .text.EPWM_forceTripZoneEvent
                0x00000000006014e4       0x56 ./src_control/motor1_drive.o
 .text.EPWM_isBaseValid
                0x000000000060153a       0x5c ./src_control/motor1_drive.o
 .text.ADC_isBaseValid
                0x0000000000601596       0x22 ./src_control/motor1_drive.o
 .text.EPWM_getTimeBasePeriod
                0x00000000006015b8       0x28 ./src_control/motor1_drive.o
 .text.EPWM_setCounterCompareValue
                0x00000000006015e0       0x64 ./src_control/motor1_drive.o
 .text.CMPSS_clearFilterLatchHigh
                0x0000000000601644       0x32 ./src_control/motor1_drive.o
 .text.CMPSS_clearFilterLatchLow
                0x0000000000601676       0x32 ./src_control/motor1_drive.o
 .text.EPWM_clearTripZoneFlag
                0x00000000006016a8       0x56 ./src_control/motor1_drive.o
 .text.CMPSS_isBaseValid
                0x00000000006016fe       0x38 ./src_control/motor1_drive.o
 .text.ADC_readResult
                0x0000000000601736       0x3c ./src_control/motor1_drive.o
 .text.SCI_isBaseValid
                0x0000000000601772       0x18 ./src_control/motor1_drive.o
 .text.SCI_getRxFIFOStatus
                0x000000000060178a       0x2e ./src_control/motor1_drive.o
 .text.SCI_getRxStatus
                0x00000000006017b8       0x24 ./src_control/motor1_drive.o
 .text.CPUTimer_getTimerCount
                0x00000000006017dc       0x24 ./src_control/motor1_drive.o
 .text.CPUTimer_isBaseValid
                0x0000000000601800       0x28 ./src_control/motor1_drive.o
 .text.TRAJ_getTargetValue
                0x0000000000601828        0xc ./src_control/motor1_drive.o
 .text.TRAJ_getMaxDelta
                0x0000000000601834        0xc ./src_control/motor1_drive.o
 .text.TRAJ_getMinValue
                0x0000000000601840        0xc ./src_control/motor1_drive.o
 .text.TRAJ_getMaxValue
                0x000000000060184c        0xc ./src_control/motor1_drive.o
 .text.setupClarke_V
                0x0000000000601858       0x40 ./src_control/motor_common.o
                0x0000000000601858                setupClarke_V
 .text.CLARKE_setScaleFactors
                0x0000000000601898       0x18 ./src_control/motor_common.o
 .text.CLARKE_setNumSensors
                0x00000000006018b0       0x12 ./src_control/motor_common.o
 .text.setupClarke_I
                0x00000000006018c2       0x50 ./src_control/motor_common.o
                0x00000000006018c2                setupClarke_I
 .text.resetMotorControl
                0x0000000000601912       0xec ./src_control/motor_common.o
                0x0000000000601912                resetMotorControl
 .text.TRAJ_setTargetValue
                0x00000000006019fe        0xe ./src_control/motor_common.o
 .text.HAL_disablePWM
                0x0000000000601a0c       0x30 ./src_control/motor_common.o
 .text.setupControllers
                0x0000000000601a3c      0x322 ./src_control/motor_common.o
                0x0000000000601a3c                setupControllers
 .text.getControllers
                0x0000000000601d5e       0xac ./src_control/motor_common.o
 .text.CPU_TIME_reset
                0x0000000000601e0a       0x60 ./src_control/motor_common.o
                0x0000000000601e0a                CPU_TIME_reset
 .text.runMotorMonitor
                0x0000000000601e6a      0x22a ./src_control/motor_common.o
                0x0000000000601e6a                runMotorMonitor
 .text.calculateRMSData
                0x0000000000602094      0x21c ./src_control/motor_common.o
                0x0000000000602094                calculateRMSData
 .text.restartMotorControl
                0x00000000006022b0       0x42 ./src_control/motor_common.o
                0x00000000006022b0                restartMotorControl
 .text.stopMotorControl
                0x00000000006022f2       0x26 ./src_control/motor_common.o
                0x00000000006022f2                stopMotorControl
 .text.runRsOnLine
                0x0000000000602318       0xd2 ./src_control/motor_common.o
                0x0000000000602318                runRsOnLine
 .text.updateGlobalVariables
                0x00000000006023ea      0x12a ./src_control/motor_common.o
                0x00000000006023ea                updateGlobalVariables
 .text.collectRMSData
                0x0000000000602514      0x114 ./src_control/motor_common.o
                0x0000000000602514                collectRMSData
 .text.EPWM_forceTripZoneEvent
                0x0000000000602628       0x56 ./src_control/motor_common.o
 .text.EPWM_isBaseValid
                0x000000000060267e       0x5c ./src_control/motor_common.o
 .text.DRV8323_init
                0x00000000006026da       0x16 ./src_board/drv8323s.o
                0x00000000006026da                DRV8323_init
 .text.DRV8323_resetRxTimeout
                0x00000000006026f0        0xe ./src_board/drv8323s.o
 .text.DRV8323_resetEnableTimeout
                0x00000000006026fe        0xe ./src_board/drv8323s.o
 .text.DRV8323_enable
                0x000000000060270c       0xb6 ./src_board/drv8323s.o
                0x000000000060270c                DRV8323_enable
 .text.GPIO_writePin
                0x00000000006027c2       0x50 ./src_board/drv8323s.o
 .text.DRV8323_readSPI
                0x0000000000602812       0xf2 ./src_board/drv8323s.o
                0x0000000000602812                DRV8323_readSPI
 .text.DRV8323_setSPIHandle
                0x0000000000602904        0xe ./src_board/drv8323s.o
                0x0000000000602904                DRV8323_setSPIHandle
 .text.DRV8323_setGPIOCSNumber
                0x0000000000602912        0xe ./src_board/drv8323s.o
                0x0000000000602912                DRV8323_setGPIOCSNumber
 .text.DRV8323_setGPIOENNumber
                0x0000000000602920        0xe ./src_board/drv8323s.o
                0x0000000000602920                DRV8323_setGPIOENNumber
 .text.DRV8323_setupSPI
                0x000000000060292e       0xca ./src_board/drv8323s.o
                0x000000000060292e                DRV8323_setupSPI
 .text.DRV8323_buildCtrlWord
                0x00000000006029f8       0x1c ./src_board/drv8323s.o
 .text.SPI_resetRxFIFO
                0x0000000000602a14       0x36 ./src_board/drv8323s.o
 .text.SPI_enableFIFO
                0x0000000000602a4a       0x34 ./src_board/drv8323s.o
 .text.SPI_writeDataBlockingNonFIFO
                0x0000000000602a7e       0x36 ./src_board/drv8323s.o
 .text.SPI_getRxFIFOStatus
                0x0000000000602ab4       0x2e ./src_board/drv8323s.o
 .text.SPI_readDataNonBlocking
                0x0000000000602ae2       0x2a ./src_board/drv8323s.o
 .text.DRV8323_writeSPI
                0x0000000000602b0c       0x9c ./src_board/drv8323s.o
                0x0000000000602b0c                DRV8323_writeSPI
 .text.DRV8323_writeData
                0x0000000000602ba8       0xbe ./src_board/drv8323s.o
                0x0000000000602ba8                DRV8323_writeData
 .text.GPIO_isPinValid
                0x0000000000602c66       0x2a ./src_board/drv8323s.o
 .text.SPI_isBaseValid
                0x0000000000602c90       0x1e ./src_board/drv8323s.o
 .text.Interrupt_disableGlobal
                0x0000000000602cae       0x14 ./src_board/hal.o
 .text.SysCtl_disableWatchdog
                0x0000000000602cc2       0x1e ./src_board/hal.o
 .text.HAL_enableCtrlInts
                0x0000000000602ce0       0x36 ./src_board/hal.o
                0x0000000000602ce0                HAL_enableCtrlInts
 .text.Interrupt_clearACKGroup
                0x0000000000602d16        0xe ./src_board/hal.o
 .text.ADC_enableInterrupt
                0x0000000000602d24       0x54 ./src_board/hal.o
 .text.Interrupt_enableInCPU
                0x0000000000602d78       0x16 ./src_board/hal.o
 .text.HAL_enableDebugInt
                0x0000000000602d8e        0x8 ./src_board/hal.o
                0x0000000000602d8e                HAL_enableDebugInt
 .text.HAL_enableGlobalInts
                0x0000000000602d96        0xe ./src_board/hal.o
                0x0000000000602d96                HAL_enableGlobalInts
 .text.Interrupt_enableGlobal
                0x0000000000602da4       0x14 ./src_board/hal.o
 .text.HAL_init
                0x0000000000602db8       0x7c ./src_board/hal.o
                0x0000000000602db8                HAL_init
 .text.HAL_MTR1_init
                0x0000000000602e34       0x7e ./src_board/hal.o
                0x0000000000602e34                HAL_MTR1_init
 .text.HAL_setParams
                0x0000000000602eb2       0x30 ./src_board/hal.o
                0x0000000000602eb2                HAL_setParams
 .text.HAL_setupGPIOs
                0x0000000000602ee2      0x446 ./src_board/hal.o
                0x0000000000602ee2                HAL_setupGPIOs
 .text.HAL_setupADCs
                0x0000000000603328      0x1e4 ./src_board/hal.o
                0x0000000000603328                HAL_setupADCs
 .text.HAL_setupTimeBaseTimer
                0x000000000060350c       0x46 ./src_board/hal.o
                0x000000000060350c                HAL_setupTimeBaseTimer
 .text.HAL_setupCPUUsageTimer
                0x0000000000603552       0x36 ./src_board/hal.o
                0x0000000000603552                HAL_setupCPUUsageTimer
 .text.HAL_setupSCIA
                0x0000000000603588       0x7a ./src_board/hal.o
                0x0000000000603588                HAL_setupSCIA
 .text.HAL_setupDMA
                0x0000000000603602       0x14 ./src_board/hal.o
                0x0000000000603602                HAL_setupDMA
 .text.HAL_MTR_setParams
                0x0000000000603616       0x34 ./src_board/hal.o
                0x0000000000603616                HAL_MTR_setParams
 .text.HAL_setNumCurrentSensors
                0x000000000060364a       0x12 ./src_board/hal.o
 .text.HAL_setNumVoltageSensors
                0x000000000060365c       0x12 ./src_board/hal.o
 .text.HAL_setupPWMs
                0x000000000060366e      0x370 ./src_board/hal.o
                0x000000000060366e                HAL_setupPWMs
 .text.HAL_setupCMPSSs
                0x00000000006039de      0x190 ./src_board/hal.o
                0x00000000006039de                HAL_setupCMPSSs
 .text.HAL_setupQEP
                0x0000000000603b6e       0xcc ./src_board/hal.o
                0x0000000000603b6e                HAL_setupQEP
 .text.HAL_setupSPI
                0x0000000000603c3a       0x68 ./src_board/hal.o
                0x0000000000603c3a                HAL_setupSPI
 .text.HAL_setupGate
                0x0000000000603ca2       0x2c ./src_board/hal.o
                0x0000000000603ca2                HAL_setupGate
 .text.EQEP_disableInterrupt
                0x0000000000603cce       0x36 ./src_board/hal.o
 .text.EQEP_clearInterruptStatus
                0x0000000000603d04       0x2e ./src_board/hal.o
 .text.EQEP_selectSource
                0x0000000000603d32       0x44 ./src_board/hal.o
 .text.EQEP_setStrobeSource
                0x0000000000603d76       0x34 ./src_board/hal.o
 .text.EQEP_setDecoderConfig
                0x0000000000603daa       0x3c ./src_board/hal.o
 .text.EQEP_setEmulationMode
                0x0000000000603de6       0x3c ./src_board/hal.o
 .text.EQEP_setPositionCounterConfig
                0x0000000000603e22       0x40 ./src_board/hal.o
 .text.EQEP_setPosition
                0x0000000000603e62       0x2a ./src_board/hal.o
 .text.EQEP_loadUnitTimer
                0x0000000000603e8c       0x2a ./src_board/hal.o
 .text.EQEP_disableUnitTimer
                0x0000000000603eb6       0x2a ./src_board/hal.o
 .text.EQEP_disableWatchdog
                0x0000000000603ee0       0x2a ./src_board/hal.o
 .text.EQEP_setLatchMode
                0x0000000000603f0a       0x34 ./src_board/hal.o
 .text.EQEP_setQMAModuleMode
                0x0000000000603f3e       0x34 ./src_board/hal.o
 .text.EQEP_disableDirectionChangeDuringIndex
                0x0000000000603f72       0x2a ./src_board/hal.o
 .text.EQEP_setPositionInitMode
                0x0000000000603f9c       0x3c ./src_board/hal.o
 .text.EQEP_setSWPositionInit
                0x0000000000603fd8       0x42 ./src_board/hal.o
 .text.EQEP_setInitialPosition
                0x000000000060401a       0x2a ./src_board/hal.o
 .text.EQEP_enableModule
                0x0000000000604044       0x2c ./src_board/hal.o
 .text.ASysCtl_disableTemperatureSensor
                0x0000000000604070       0x18 ./src_board/hal.o
 .text.ADC_setPrescaler
                0x0000000000604088       0x3a ./src_board/hal.o
 .text.ADC_setInterruptPulseMode
                0x00000000006040c2       0x3a ./src_board/hal.o
 .text.ADC_setSOCPriority
                0x00000000006040fc       0x3a ./src_board/hal.o
 .text.ADC_enableConverter
                0x0000000000604136       0x34 ./src_board/hal.o
 .text.ADC_setInterruptSource
                0x000000000060416a       0x62 ./src_board/hal.o
 .text.ADC_setupSOC
                0x00000000006041cc       0x74 ./src_board/hal.o
 .text.ASysCtl_selectCMPHPMux
                0x0000000000604240       0x4a ./src_board/hal.o
 .text.ASysCtl_selectCMPLPMux
                0x000000000060428a       0x4a ./src_board/hal.o
 .text.CMPSS_enableModule
                0x00000000006042d4       0x3e ./src_board/hal.o
 .text.CMPSS_configHighComparator
                0x0000000000604312       0x3c ./src_board/hal.o
 .text.CMPSS_configLowComparator
                0x000000000060434e       0x44 ./src_board/hal.o
 .text.CMPSS_configOutputsHigh
                0x0000000000604392       0x3c ./src_board/hal.o
 .text.CMPSS_configOutputsLow
                0x00000000006043ce       0x44 ./src_board/hal.o
 .text.CMPSS_initFilterHigh
                0x0000000000604412       0x34 ./src_board/hal.o
 .text.CMPSS_initFilterLow
                0x0000000000604446       0x34 ./src_board/hal.o
 .text.CMPSS_setHysteresis
                0x000000000060447a       0x56 ./src_board/hal.o
 .text.CMPSS_configDAC
                0x00000000006044d0       0x3c ./src_board/hal.o
 .text.CMPSS_setDACValueHigh
                0x000000000060450c       0x40 ./src_board/hal.o
 .text.CMPSS_setDACValueLow
                0x000000000060454c       0x40 ./src_board/hal.o
 .text.CMPSS_clearFilterLatchHigh
                0x000000000060458c       0x34 ./src_board/hal.o
 .text.CMPSS_clearFilterLatchLow
                0x00000000006045c0       0x34 ./src_board/hal.o
 .text.HAL_enableDRV
                0x00000000006045f4       0x14 ./src_board/hal.o
                0x00000000006045f4                HAL_enableDRV
 .text.HAL_writeDRVData
                0x0000000000604608       0x16 ./src_board/hal.o
                0x0000000000604608                HAL_writeDRVData
 .text.HAL_setupDRVSPI
                0x000000000060461e       0x16 ./src_board/hal.o
                0x000000000060461e                HAL_setupDRVSPI
 .text.SPI_disableModule
                0x0000000000604634       0x2c ./src_board/hal.o
 .text.SPI_disableLoopback
                0x0000000000604660       0x2a ./src_board/hal.o
 .text.SPI_setEmulationMode
                0x000000000060468a       0x36 ./src_board/hal.o
 .text.SPI_enableFIFO
                0x00000000006046c0       0x36 ./src_board/hal.o
 .text.SPI_setTxFifoTransmitDelay
                0x00000000006046f6       0x4a ./src_board/hal.o
 .text.SPI_enableModule
                0x0000000000604740       0x2c ./src_board/hal.o
 .text.GPIO_writePin
                0x000000000060476c       0x52 ./src_board/hal.o
 .text.GPIO_setInterruptType
                0x00000000006047be       0x24 ./src_board/hal.o
 .text.GPIO_enableInterrupt
                0x00000000006047e2       0x1e ./src_board/hal.o
 .text.SysCtl_enablePeripheral
                0x0000000000604800       0x3e ./src_board/hal.o
 .text.SysCtl_disablePeripheral
                0x000000000060483e       0x42 ./src_board/hal.o
 .text.EPWM_forceTripZoneEvent
                0x0000000000604880       0x58 ./src_board/hal.o
 .text.EPWM_setTimeBaseCounterMode
                0x00000000006048d8       0x32 ./src_board/hal.o
 .text.EPWM_disablePhaseShiftLoad
                0x000000000060490a       0x2a ./src_board/hal.o
 .text.EPWM_setPeriodLoadMode
                0x0000000000604934       0x3a ./src_board/hal.o
 .text.EPWM_enableSyncOutPulseSource
                0x000000000060496e       0x4a ./src_board/hal.o
 .text.EPWM_setClockPrescaler
                0x00000000006049b8       0x44 ./src_board/hal.o
 .text.EPWM_setCountModeAfterSync
                0x00000000006049fc       0x42 ./src_board/hal.o
 .text.EPWM_setPhaseShift
                0x0000000000604a3e       0x40 ./src_board/hal.o
 .text.EPWM_setTimeBaseCounter
                0x0000000000604a7e       0x2a ./src_board/hal.o
 .text.EPWM_setTimeBasePeriod
                0x0000000000604aa8       0x2e ./src_board/hal.o
 .text.EPWM_setCounterCompareShadowLoadMode
                0x0000000000604ad6       0x94 ./src_board/hal.o
 .text.EPWM_setActionQualifierAction
                0x0000000000604b6a       0x84 ./src_board/hal.o
 .text.EPWM_setDeadBandDelayMode
                0x0000000000604bee       0x58 ./src_board/hal.o
 .text.EPWM_setRisingEdgeDeadBandDelayInput
                0x0000000000604c46       0x54 ./src_board/hal.o
 .text.EPWM_setDeadBandDelayPolarity
                0x0000000000604c9a       0x50 ./src_board/hal.o
 .text.EPWM_setRisingEdgeDelayCount
                0x0000000000604cea       0x46 ./src_board/hal.o
 .text.EPWM_setFallingEdgeDelayCount
                0x0000000000604d30       0x46 ./src_board/hal.o
 .text.EPWM_disableChopper
                0x0000000000604d76       0x2c ./src_board/hal.o
 .text.EPWM_disableTripZoneSignals
                0x0000000000604da2       0x3e ./src_board/hal.o
 .text.EPWM_setInterruptSource
                0x0000000000604de0       0xd8 ./src_board/hal.o
 .text.EPWM_enableInterrupt
                0x0000000000604eb8       0x32 ./src_board/hal.o
 .text.EPWM_setADCTriggerSource
                0x0000000000604eea      0x134 ./src_board/hal.o
 .text.EPWM_enableADCTrigger
                0x000000000060501e       0x44 ./src_board/hal.o
 .text.EPWM_setInterruptEventCount
                0x0000000000605062       0x5e ./src_board/hal.o
 .text.EPWM_setADCTriggerEventPrescale
                0x00000000006050c0       0x82 ./src_board/hal.o
 .text.EPWM_clearEventTriggerInterruptFlag
                0x0000000000605142       0x30 ./src_board/hal.o
 .text.EPWM_clearADCTriggerFlag
                0x0000000000605172       0x3a ./src_board/hal.o
 .text.EPWM_setCounterCompareValue
                0x00000000006051ac       0x64 ./src_board/hal.o
 .text.SCI_clearOverflowStatus
                0x0000000000605210       0x2a ./src_board/hal.o
 .text.SCI_resetTxFIFO
                0x000000000060523a       0x36 ./src_board/hal.o
 .text.SCI_resetRxFIFO
                0x0000000000605270       0x36 ./src_board/hal.o
 .text.SCI_resetChannels
                0x00000000006052a6       0x36 ./src_board/hal.o
 .text.SCI_disableLoopback
                0x00000000006052dc       0x28 ./src_board/hal.o
 .text.SCI_performSoftwareReset
                0x0000000000605304       0x34 ./src_board/hal.o
 .text.SCI_enableFIFO
                0x0000000000605338       0x3e ./src_board/hal.o
 .text.SCI_setFIFOInterruptLevel
                0x0000000000605376       0x40 ./src_board/hal.o
 .text.SCI_enableModule
                0x00000000006053b6       0x2a ./src_board/hal.o
 .text.CPUTimer_setPreScaler
                0x00000000006053e0       0x28 ./src_board/hal.o
 .text.CPUTimer_setPeriod
                0x0000000000605408       0x28 ./src_board/hal.o
 .text.CPUTimer_startTimer
                0x0000000000605430       0x3e ./src_board/hal.o
 .text.DMA_initController
                0x000000000060546e       0x1a ./src_board/hal.o
 .text.DMA_setEmulationMode
                0x0000000000605488       0x2e ./src_board/hal.o
 .text.HAL_setMtrCMPSSDACValue
                0x00000000006054b6       0x58 ./src_board/hal.o
                0x00000000006054b6                HAL_setMtrCMPSSDACValue
 .text.HAL_setTriggerPrams
                0x000000000060550e       0x48 ./src_board/hal.o
                0x000000000060550e                HAL_setTriggerPrams
 .text.ADC_isBaseValid
                0x0000000000605556       0x22 ./src_board/hal.o
 .text.EQEP_isBaseValid
                0x0000000000605578       0x1e ./src_board/hal.o
 .text.CMPSS_isBaseValid
                0x0000000000605596       0x38 ./src_board/hal.o
 .text.SPI_isBaseValid
                0x00000000006055ce       0x1e ./src_board/hal.o
 .text.EPWM_isBaseValid
                0x00000000006055ec       0x5c ./src_board/hal.o
 .text.GPIO_isPinValid
                0x0000000000605648       0x2a ./src_board/hal.o
 .text.SCI_isBaseValid
                0x0000000000605672       0x18 ./src_board/hal.o
 .text.CPUTimer_isBaseValid
                0x000000000060568a       0x28 ./src_board/hal.o
 .text.USER_setMotor1Params
                0x00000000006056b2      0x462 ./src_board/user_mtr1.o
                0x00000000006056b2                USER_setMotor1Params
 .text.main     0x0000000000605b14      0x290 ./src/main.o
                0x0000000000605b14                main
 .text.HAL_initIntVectorTable
                0x0000000000605da4       0x2a ./src/main.o
 .text.HAL_getCPUTimerStatus
                0x0000000000605dce       0x1a ./src/main.o
 .text.HAL_clearCPUTimerFlag
                0x0000000000605de8       0x1a ./src/main.o
 .text.calcMotorOverCurrentThreshold
                0x0000000000605e02       0x54 ./src/main.o
 .text.HAL_disablePWM
                0x0000000000605e56       0x2a ./src/main.o
 .text.Interrupt_register
                0x0000000000605e80       0x3c ./src/main.o
 .text.CPUTimer_getTimerOverflowStatus
                0x0000000000605ebc       0x28 ./src/main.o
 .text.CPUTimer_isBaseValid
                0x0000000000605ee4       0x28 ./src/main.o
 .text.CPUTimer_clearOverflowFlag
                0x0000000000605f0c       0x2c ./src/main.o
 .text.GPIO_togglePin
                0x0000000000605f38       0x40 ./src/main.o
 .text.GPIO_isPinValid
                0x0000000000605f78       0x2a ./src/main.o
 .text.EPWM_forceTripZoneEvent
                0x0000000000605fa2       0x56 ./src/main.o
 .text.EPWM_isBaseValid
                0x0000000000605ff8       0x5c ./src/main.o
 .text.handle_trap
                0x0000000000606054        0xe ./haawking-drivers/haawking-dsc280025_edc-board/common/syscalls.o
                0x0000000000606054                handle_trap
 .text._clean_bss
                0x0000000000606062       0x2c ./haawking-drivers/haawking-dsc280025_edc-board/common/syscalls.o
                0x0000000000606062                _clean_bss
 .text._init_data_LS4567
                0x000000000060608e       0x44 ./haawking-drivers/haawking-dsc280025_edc-board/common/syscalls.o
                0x000000000060608e                _init_data_LS4567
 .text._init_data_gs0
                0x00000000006060d2       0x44 ./haawking-drivers/haawking-dsc280025_edc-board/common/syscalls.o
                0x00000000006060d2                _init_data_gs0
 .text._init    0x0000000000606116       0x1a ./haawking-drivers/haawking-dsc280025_edc-board/common/syscalls.o
                0x0000000000606116                _init
 .text.SysCtl_disableWatchdog
                0x0000000000606130       0x1e ./haawking-drivers/haawking-dsc280025_edc-board/common/syscalls.o
 .text.SysCtl_enableWatchdog
                0x000000000060614e       0x22 ./haawking-drivers/haawking-dsc280025_edc-board/common/syscalls.o
 .text.CMPSS_configFilterHigh
                0x0000000000606170       0xac ./haawking-drivers/haawking-dsc280025_edc-board/cmpss.o
                0x0000000000606170                CMPSS_configFilterHigh
 .text.CMPSS_isBaseValid
                0x000000000060621c       0x38 ./haawking-drivers/haawking-dsc280025_edc-board/cmpss.o
 .text.CMPSS_configFilterLow
                0x0000000000606254       0xb0 ./haawking-drivers/haawking-dsc280025_edc-board/cmpss.o
                0x0000000000606254                CMPSS_configFilterLow
 .text.CPUTimer_setEmulationMode
                0x0000000000606304       0x34 ./haawking-drivers/haawking-dsc280025_edc-board/cputimer.o
                0x0000000000606304                CPUTimer_setEmulationMode
 .text.CPUTimer_isBaseValid
                0x0000000000606338       0x28 ./haawking-drivers/haawking-dsc280025_edc-board/cputimer.o
 .text.EPWM_setEmulationMode
                0x0000000000606360       0x36 ./haawking-drivers/haawking-dsc280025_edc-board/epwm.o
                0x0000000000606360                EPWM_setEmulationMode
 .text.EPWM_isBaseValid
                0x0000000000606396       0x5c ./haawking-drivers/haawking-dsc280025_edc-board/epwm.o
 .text.EQEP_isBaseValid
                0x00000000006063f2       0x1e ./haawking-drivers/haawking-dsc280025_edc-board/eqep.o
 .text.EQEP_setInputPolarity
                0x0000000000606410       0xa2 ./haawking-drivers/haawking-dsc280025_edc-board/eqep.o
                0x0000000000606410                EQEP_setInputPolarity
 .text.Flash_isCtrlBaseValid
                0x00000000006064b2       0x14 ./haawking-drivers/haawking-dsc280025_edc-board/flash.o
 .text.Flash_isECCBaseValid
                0x00000000006064c6       0x18 ./haawking-drivers/haawking-dsc280025_edc-board/flash.o
 .text.GPIO_setDirectionMode
                0x00000000006064de       0x64 ./haawking-drivers/haawking-dsc280025_edc-board/gpio.o
                0x00000000006064de                GPIO_setDirectionMode
 .text.GPIO_isPinValid
                0x0000000000606542       0x2a ./haawking-drivers/haawking-dsc280025_edc-board/gpio.o
 .text.GPIO_setInterruptPin
                0x000000000060656c       0x6a ./haawking-drivers/haawking-dsc280025_edc-board/gpio.o
                0x000000000060656c                GPIO_setInterruptPin
 .text.XBAR_setInputPin
                0x00000000006065d6       0x74 ./haawking-drivers/haawking-dsc280025_edc-board/gpio.o
 .text.GPIO_setPadConfig
                0x000000000060664a       0xaa ./haawking-drivers/haawking-dsc280025_edc-board/gpio.o
                0x000000000060664a                GPIO_setPadConfig
 .text.GPIO_setQualificationMode
                0x00000000006066f4      0x1a0 ./haawking-drivers/haawking-dsc280025_edc-board/gpio.o
                0x00000000006066f4                GPIO_setQualificationMode
 .text.GPIO_setPinConfig
                0x0000000000606894       0x6c ./haawking-drivers/haawking-dsc280025_edc-board/gpio.o
                0x0000000000606894                GPIO_setPinConfig
 .text.XBAR_isBaseValid
                0x0000000000606900       0x3c ./haawking-drivers/haawking-dsc280025_edc-board/gpio.o
 .text.Interrupt_initModule
                0x000000000060693c       0x8a ./haawking-drivers/haawking-dsc280025_edc-board/interrupt.o
                0x000000000060693c                Interrupt_initModule
 .text.Interrupt_disableGlobal
                0x00000000006069c6       0x14 ./haawking-drivers/haawking-dsc280025_edc-board/interrupt.o
 .text.Interrupt_initVectorTable
                0x00000000006069da       0x4c ./haawking-drivers/haawking-dsc280025_edc-board/interrupt.o
                0x00000000006069da                Interrupt_initVectorTable
 .text.Interrupt_defaultHandler
                0x0000000000606a26        0xe ./haawking-drivers/haawking-dsc280025_edc-board/interrupt.o
 .text.Interrupt_nmiHandler
                0x0000000000606a34        0x6 ./haawking-drivers/haawking-dsc280025_edc-board/interrupt.o
 .text.Interrupt_enable
                0x0000000000606a3a       0x8c ./haawking-drivers/haawking-dsc280025_edc-board/interrupt.o
                0x0000000000606a3a                Interrupt_enable
 .text.Interrupt_enableGlobal
                0x0000000000606ac6       0x14 ./haawking-drivers/haawking-dsc280025_edc-board/interrupt.o
 .text.SCI_setConfig
                0x0000000000606ada       0x86 ./haawking-drivers/haawking-dsc280025_edc-board/sci.o
                0x0000000000606ada                SCI_setConfig
 .text.SCI_isBaseValid
                0x0000000000606b60       0x18 ./haawking-drivers/haawking-dsc280025_edc-board/sci.o
 .text.SCI_disableModule
                0x0000000000606b78       0x36 ./haawking-drivers/haawking-dsc280025_edc-board/sci.o
 .text.SCI_enableModule
                0x0000000000606bae       0x2c ./haawking-drivers/haawking-dsc280025_edc-board/sci.o
 .text.SCI_clearInterruptStatus
                0x0000000000606bda       0x78 ./haawking-drivers/haawking-dsc280025_edc-board/sci.o
                0x0000000000606bda                SCI_clearInterruptStatus
 .text.SCI_performSoftwareReset
                0x0000000000606c52       0x36 ./haawking-drivers/haawking-dsc280025_edc-board/sci.o
 .text.SPI_setConfig
                0x0000000000606c88       0xe4 ./haawking-drivers/haawking-dsc280025_edc-board/spi.o
                0x0000000000606c88                SPI_setConfig
 .text.SPI_isBaseValid
                0x0000000000606d6c       0x1e ./haawking-drivers/haawking-dsc280025_edc-board/spi.o
 .text.SPI_clearInterruptStatus
                0x0000000000606d8a       0x88 ./haawking-drivers/haawking-dsc280025_edc-board/spi.o
                0x0000000000606d8a                SPI_clearInterruptStatus
 .text.SysCtl_getClock
                0x0000000000606e12       0x9c ./haawking-drivers/haawking-dsc280025_edc-board/sysctl.o
                0x0000000000606e12                SysCtl_getClock
 .text.SysCtl_isMCDClockFailureDetected
                0x0000000000606eae        0xe ./haawking-drivers/haawking-dsc280025_edc-board/sysctl.o
 .text.SysCtl_setClock
                0x0000000000606ebc      0x298 ./haawking-drivers/haawking-dsc280025_edc-board/sysctl.o
                0x0000000000606ebc                SysCtl_setClock
 .text.SysCtl_selectOscSource
                0x0000000000607154       0x8c ./haawking-drivers/haawking-dsc280025_edc-board/sysctl.o
                0x0000000000607154                SysCtl_selectOscSource
 .text.SysCtl_setPLLSysClk
                0x00000000006071e0       0x20 ./haawking-drivers/haawking-dsc280025_edc-board/sysctl.o
 .text.SysCtl_isPLLValid
                0x0000000000607200      0x204 ./haawking-drivers/haawking-dsc280025_edc-board/sysctl.o
                0x0000000000607200                SysCtl_isPLLValid
 .text.SysCtl_selectXTAL
                0x0000000000607404       0x64 ./haawking-drivers/haawking-dsc280025_edc-board/sysctl.o
                0x0000000000607404                SysCtl_selectXTAL
 .text.SysCtl_pollX1Counter
                0x0000000000607468       0x54 ./haawking-drivers/haawking-dsc280025_edc-board/sysctl.o
 .text.SysCtl_resetMCD
                0x00000000006074bc       0x1a ./haawking-drivers/haawking-dsc280025_edc-board/sysctl.o
 .text.SysCtl_selectXTALSingleEnded
                0x00000000006074d6       0x4c ./haawking-drivers/haawking-dsc280025_edc-board/sysctl.o
                0x00000000006074d6                SysCtl_selectXTALSingleEnded
 .text.SysCtl_getLowSpeedClock
                0x0000000000607522       0x2c ./haawking-drivers/haawking-dsc280025_edc-board/sysctl.o
                0x0000000000607522                SysCtl_getLowSpeedClock
 .text.SysCtl_enablePeripheral
                0x000000000060754e       0x3e ./haawking-drivers/haawking-dsc280025_edc-board/sysctl.o
 .text.DCC_clearErrorFlag
                0x000000000060758c       0x30 ./haawking-drivers/haawking-dsc280025_edc-board/sysctl.o
 .text.DCC_clearDoneFlag
                0x00000000006075bc       0x30 ./haawking-drivers/haawking-dsc280025_edc-board/sysctl.o
 .text.DCC_disableModule
                0x00000000006075ec       0x34 ./haawking-drivers/haawking-dsc280025_edc-board/sysctl.o
 .text.DCC_disableErrorSignal
                0x0000000000607620       0x36 ./haawking-drivers/haawking-dsc280025_edc-board/sysctl.o
 .text.DCC_disableDoneSignal
                0x0000000000607656       0x38 ./haawking-drivers/haawking-dsc280025_edc-board/sysctl.o
 .text.DCC_setCounter0ClkSource
                0x000000000060768e       0x3e ./haawking-drivers/haawking-dsc280025_edc-board/sysctl.o
 .text.DCC_setCounter1ClkSource
                0x00000000006076cc       0x3e ./haawking-drivers/haawking-dsc280025_edc-board/sysctl.o
 .text.DCC_setCounterSeeds
                0x000000000060770a       0xc4 ./haawking-drivers/haawking-dsc280025_edc-board/sysctl.o
 .text.DCC_enableSingleShotMode
                0x00000000006077ce       0x60 ./haawking-drivers/haawking-dsc280025_edc-board/sysctl.o
 .text.DCC_enableModule
                0x000000000060782e       0x34 ./haawking-drivers/haawking-dsc280025_edc-board/sysctl.o
 .text.DCC_isBaseValid
                0x0000000000607862       0x20 ./haawking-drivers/haawking-dsc280025_edc-board/sysctl.o
 .text.Device_init
                0x0000000000607882       0x7e ./device/device.o
                0x0000000000607882                Device_init
 .text.SysCtl_disableWatchdog
                0x0000000000607900       0x1e ./device/device.o
 .text.SysCtl_deviceCal
                0x000000000060791e       0x1e ./device/device.o
 .text.SysCtl_setLowSpeedClock
                0x000000000060793c       0x1e ./device/device.o
 .text.__error__
                0x000000000060795a        0xc ./device/device.o
                0x000000000060795a                __error__
 .text.Device_enableAllPeripherals
                0x0000000000607966      0x100 ./device/device.o
                0x0000000000607966                Device_enableAllPeripherals
 .text.ASysCtl_lockVREG
                0x0000000000607a66       0x1a ./device/device.o
 .text.SysCtl_enablePeripheral
                0x0000000000607a80       0x3e ./device/device.o
 .text.Device_initGPIO
                0x0000000000607abe       0x1c ./device/device.o
                0x0000000000607abe                Device_initGPIO
 .text.GPIO_unlockPortConfig
                0x0000000000607ada       0x2e ./device/device.o
 .text.EST_setParams
                0x0000000000607b08       0x14 ../lib\libHXFASTLib_HX280025_libV2.0.a(estlib.o)
                0x0000000000607b08                EST_setParams
 .text.EST_computeTorque_Nm
                0x0000000000607b1c       0x16 ../lib\libHXFASTLib_HX280025_libV2.0.a(estlib.o)
                0x0000000000607b1c                EST_computeTorque_Nm
 .text.EST_disable
                0x0000000000607b32       0x16 ../lib\libHXFASTLib_HX280025_libV2.0.a(estlib.o)
                0x0000000000607b32                EST_disable
 .text.EST_disableTraj
                0x0000000000607b48       0x16 ../lib\libHXFASTLib_HX280025_libV2.0.a(estlib.o)
                0x0000000000607b48                EST_disableTraj
 .text.EST_getFlag_enableRsOnLine
                0x0000000000607b5e       0x16 ../lib\libHXFASTLib_HX280025_libV2.0.a(estlib.o)
                0x0000000000607b5e                EST_getFlag_enableRsOnLine
 .text.EST_getFlux_Wb
                0x0000000000607b74       0x16 ../lib\libHXFASTLib_HX280025_libV2.0.a(estlib.o)
                0x0000000000607b74                EST_getFlux_Wb
 .text.EST_getIdRated_A
                0x0000000000607b8a       0x16 ../lib\libHXFASTLib_HX280025_libV2.0.a(estlib.o)
                0x0000000000607b8a                EST_getIdRated_A
 .text.EST_getLs_d_H
                0x0000000000607ba0       0x16 ../lib\libHXFASTLib_HX280025_libV2.0.a(estlib.o)
                0x0000000000607ba0                EST_getLs_d_H
 .text.EST_getLs_q_H
                0x0000000000607bb6       0x16 ../lib\libHXFASTLib_HX280025_libV2.0.a(estlib.o)
                0x0000000000607bb6                EST_getLs_q_H
 .text.EST_getRoverL_rps
                0x0000000000607bcc       0x16 ../lib\libHXFASTLib_HX280025_libV2.0.a(estlib.o)
                0x0000000000607bcc                EST_getRoverL_rps
 .text.EST_getRr_Ohm
                0x0000000000607be2       0x16 ../lib\libHXFASTLib_HX280025_libV2.0.a(estlib.o)
                0x0000000000607be2                EST_getRr_Ohm
 .text.EST_getRs_Ohm
                0x0000000000607bf8       0x16 ../lib\libHXFASTLib_HX280025_libV2.0.a(estlib.o)
                0x0000000000607bf8                EST_getRs_Ohm
 .text.EST_getRsOnLine_Ohm
                0x0000000000607c0e       0x16 ../lib\libHXFASTLib_HX280025_libV2.0.a(estlib.o)
                0x0000000000607c0e                EST_getRsOnLine_Ohm
 .text.EST_getState
                0x0000000000607c24       0x16 ../lib\libHXFASTLib_HX280025_libV2.0.a(estlib.o)
                0x0000000000607c24                EST_getState
 .text.EST_getTrajState
                0x0000000000607c3a       0x16 ../lib\libHXFASTLib_HX280025_libV2.0.a(estlib.o)
                0x0000000000607c3a                EST_getTrajState
 .text.EST_setFlag_bypassLockRotor
                0x0000000000607c50       0x1a ../lib\libHXFASTLib_HX280025_libV2.0.a(estlib.o)
                0x0000000000607c50                EST_setFlag_bypassLockRotor
 .text.EST_setFlag_enableForceAngle
                0x0000000000607c6a       0x1a ../lib\libHXFASTLib_HX280025_libV2.0.a(estlib.o)
                0x0000000000607c6a                EST_setFlag_enableForceAngle
 .text.EST_setFlag_enablePowerWarp
                0x0000000000607c84       0x1a ../lib\libHXFASTLib_HX280025_libV2.0.a(estlib.o)
                0x0000000000607c84                EST_setFlag_enablePowerWarp
 .text.EST_setFlag_enableRsOnLine
                0x0000000000607c9e       0x1a ../lib\libHXFASTLib_HX280025_libV2.0.a(estlib.o)
                0x0000000000607c9e                EST_setFlag_enableRsOnLine
 .text.EST_setFlag_enableRsRecalc
                0x0000000000607cb8       0x1a ../lib\libHXFASTLib_HX280025_libV2.0.a(estlib.o)
                0x0000000000607cb8                EST_setFlag_enableRsRecalc
 .text.EST_setFlag_updateRs
                0x0000000000607cd2       0x1a ../lib\libHXFASTLib_HX280025_libV2.0.a(estlib.o)
                0x0000000000607cd2                EST_setFlag_updateRs
 .text.EST_setRsOnLine_Ohm
                0x0000000000607cec       0x18 ../lib\libHXFASTLib_HX280025_libV2.0.a(estlib.o)
                0x0000000000607cec                EST_setRsOnLine_Ohm
 .text.EST_setRsOnLineId_A
                0x0000000000607d04       0x18 ../lib\libHXFASTLib_HX280025_libV2.0.a(estlib.o)
                0x0000000000607d04                EST_setRsOnLineId_A
 .text.EST_setRsOnLineId_mag_A
                0x0000000000607d1c       0x18 ../lib\libHXFASTLib_HX280025_libV2.0.a(estlib.o)
                0x0000000000607d1c                EST_setRsOnLineId_mag_A
 .text.EST_updateId_ref_A
                0x0000000000607d34       0x18 ../lib\libHXFASTLib_HX280025_libV2.0.a(estlib.o)
                0x0000000000607d34                EST_updateId_ref_A
 .text.EST_setOneOverFluxGain_sf
                0x0000000000607d4c       0x1a ../lib\libHXFASTLib_HX280025_libV2.0.a(estlib.o)
                0x0000000000607d4c                EST_setOneOverFluxGain_sf
 .text.EST_setFreqLFP_sf
                0x0000000000607d66       0x1a ../lib\libHXFASTLib_HX280025_libV2.0.a(estlib.o)
                0x0000000000607d66                EST_setFreqLFP_sf
 .text.EST_setBemf_sf
                0x0000000000607d80       0x1a ../lib\libHXFASTLib_HX280025_libV2.0.a(estlib.o)
                0x0000000000607d80                EST_setBemf_sf
 .text.USER_setParams_priv
                0x0000000000607d9a       0x16 ../lib\libHXFASTLib_HX280025_libV2.0.a(estlib.o)
                0x0000000000607d9a                USER_setParams_priv
 .text.sqrtf    0x0000000000607db0        0x6 D:/Haawking-IDE_V2.3.3Pre/haawking-tools/segger_lib\libhaawking-segger_imfc.a(floatops.o)
                0x0000000000607db0                sqrtf
 *(.rodata .rodata.*)
 *fill*         0x0000000000607db6        0x2 
 .rodata.motor1CtrlISR
                0x0000000000607db8       0x30 ./src_control/motor1_drive.o
 .rodata.str1.1
                0x0000000000607de8      0x11b ./src_control/motor1_drive.o
 .rodata.str1.1
                0x0000000000607f03       0x38 ./src_control/motor_common.o
                                         0x70 (size before relaxing)
 .rodata.str1.1
                0x0000000000607f3b       0x6f ./src_board/drv8323s.o
 .rodata.str1.1
                0x0000000000607faa       0x73 ./src_board/hal.o
                                        0x235 (size before relaxing)
 .rodata.str1.1
                0x000000000060801d       0xac ./src/main.o
 .rodata.str1.1
                0x000000000060801d       0x39 ./haawking-drivers/haawking-dsc280025_edc-board/cmpss.o
 .rodata.str1.1
                0x0000000000608056       0x3c ./haawking-drivers/haawking-dsc280025_edc-board/cputimer.o
 .rodata.str1.1
                0x0000000000608092       0x38 ./haawking-drivers/haawking-dsc280025_edc-board/epwm.o
                                         0x70 (size before relaxing)
 .rodata.str1.1
                0x00000000006080ca       0x38 ./haawking-drivers/haawking-dsc280025_edc-board/eqep.o
 .rodata.str1.1
                0x0000000000608102       0x72 ./haawking-drivers/haawking-dsc280025_edc-board/flash.o
 .rodata.GPIO_setInterruptPin
                0x0000000000608174       0x44 ./haawking-drivers/haawking-dsc280025_edc-board/gpio.o
 .rodata.str1.1
                0x00000000006081b8       0x38 ./haawking-drivers/haawking-dsc280025_edc-board/gpio.o
                                         0x70 (size before relaxing)
 .rodata.str1.1
                0x00000000006081f0       0x6e ./haawking-drivers/haawking-dsc280025_edc-board/sci.o
 .rodata.str1.1
                0x000000000060825e       0x6e ./haawking-drivers/haawking-dsc280025_edc-board/spi.o
 .rodata.str1.1
                0x00000000006082cc       0x71 ./haawking-drivers/haawking-dsc280025_edc-board/sysctl.o
 .rodata.str1.1
                0x000000000060833d       0x4d ./device/device.o

.rela.dyn       0x000000000060838c        0x0
 .rela.text.init
                0x000000000060838c        0x0 ./src_control/motor1_drive.o
 .rela.text._clean_bss
                0x000000000060838c        0x0 ./src_control/motor1_drive.o
 .rela.text._init_data_LS4567
                0x000000000060838c        0x0 ./src_control/motor1_drive.o
 .rela.text._init_data_gs0
                0x000000000060838c        0x0 ./src_control/motor1_drive.o

.FLASH_LS4567_DATA
                0x0000000000608390        0x0
                0x0000000000608390                __flash_start = .

.FLASH_GS0_DATA
                0x0000000000608390        0x0
                0x000000000060a428                __gs_flash_start = (__flash_start + (__data_end - __data_start))
                0x00000000007a0000                . = 0x7a0000

.USER_OTP_TABLE
 *(.User_Otp_Table)
                0x00000000007a0000                _end = .
OUTPUT(Sanding_PMSMControl_HX0025EDC_v1.3.elf elf32-littleriscv)

.debug_abbrev   0x0000000000000000     0x1861
 .debug_abbrev  0x0000000000000000      0x2d6 ./src_control/motor1_drive.o
 .debug_abbrev  0x00000000000002d6      0x281 ./src_control/motor_common.o
 .debug_abbrev  0x0000000000000557      0x185 ./src_board/drv8323s.o
 .debug_abbrev  0x00000000000006dc      0x260 ./src_board/hal.o
 .debug_abbrev  0x000000000000093c       0xc0 ./src_board/user_mtr1.o
 .debug_abbrev  0x00000000000009fc      0x222 ./src/main.o
 .debug_abbrev  0x0000000000000c1e       0x1f ./haawking-drivers/haawking-dsc280025_edc-board/common/crt.o
 .debug_abbrev  0x0000000000000c3d      0x1a2 ./haawking-drivers/haawking-dsc280025_edc-board/common/syscalls.o
 .debug_abbrev  0x0000000000000ddf       0x21 ./haawking-drivers/haawking-dsc280025_edc-board/SysCtl_delay.o
 .debug_abbrev  0x0000000000000e00       0x21 ./haawking-drivers/haawking-dsc280025_edc-board/__disable_interrputs.o
 .debug_abbrev  0x0000000000000e21       0x21 ./haawking-drivers/haawking-dsc280025_edc-board/__enable_interrupts.o
 .debug_abbrev  0x0000000000000e42       0x82 ./haawking-drivers/haawking-dsc280025_edc-board/cmpss.o
 .debug_abbrev  0x0000000000000ec4       0x89 ./haawking-drivers/haawking-dsc280025_edc-board/cputimer.o
 .debug_abbrev  0x0000000000000f4d      0x104 ./haawking-drivers/haawking-dsc280025_edc-board/epwm.o
 .debug_abbrev  0x0000000000001051       0x91 ./haawking-drivers/haawking-dsc280025_edc-board/eqep.o
 .debug_abbrev  0x00000000000010e2       0xbe ./haawking-drivers/haawking-dsc280025_edc-board/flash.o
 .debug_abbrev  0x00000000000011a0      0x121 ./haawking-drivers/haawking-dsc280025_edc-board/gpio.o
 .debug_abbrev  0x00000000000012c1       0xce ./haawking-drivers/haawking-dsc280025_edc-board/interrupt.o
 .debug_abbrev  0x000000000000138f      0x111 ./haawking-drivers/haawking-dsc280025_edc-board/sci.o
 .debug_abbrev  0x00000000000014a0      0x146 ./haawking-drivers/haawking-dsc280025_edc-board/spi.o
 .debug_abbrev  0x00000000000015e6      0x161 ./haawking-drivers/haawking-dsc280025_edc-board/sysctl.o
 .debug_abbrev  0x0000000000001747      0x11a ./device/device.o

.debug_info     0x0000000000000000    0x144a4
 .debug_info    0x0000000000000000     0x4311 ./src_control/motor1_drive.o
 .debug_info    0x0000000000004311     0x3435 ./src_control/motor_common.o
 .debug_info    0x0000000000007746     0x1295 ./src_board/drv8323s.o
 .debug_info    0x00000000000089db     0x3f2e ./src_board/hal.o
 .debug_info    0x000000000000c909      0x7c7 ./src_board/user_mtr1.o
 .debug_info    0x000000000000d0d0     0x2a4e ./src/main.o
 .debug_info    0x000000000000fb1e      0x191 ./haawking-drivers/haawking-dsc280025_edc-board/common/crt.o
 .debug_info    0x000000000000fcaf     0x11df ./haawking-drivers/haawking-dsc280025_edc-board/common/syscalls.o
 .debug_info    0x0000000000010e8e      0x173 ./haawking-drivers/haawking-dsc280025_edc-board/SysCtl_delay.o
 .debug_info    0x0000000000011001      0x182 ./haawking-drivers/haawking-dsc280025_edc-board/__disable_interrputs.o
 .debug_info    0x0000000000011183      0x180 ./haawking-drivers/haawking-dsc280025_edc-board/__enable_interrupts.o
 .debug_info    0x0000000000011303      0x1ea ./haawking-drivers/haawking-dsc280025_edc-board/cmpss.o
 .debug_info    0x00000000000114ed       0xe8 ./haawking-drivers/haawking-dsc280025_edc-board/cputimer.o
 .debug_info    0x00000000000115d5      0x617 ./haawking-drivers/haawking-dsc280025_edc-board/epwm.o
 .debug_info    0x0000000000011bec      0x146 ./haawking-drivers/haawking-dsc280025_edc-board/eqep.o
 .debug_info    0x0000000000011d32      0x2af ./haawking-drivers/haawking-dsc280025_edc-board/flash.o
 .debug_info    0x0000000000011fe1      0x54d ./haawking-drivers/haawking-dsc280025_edc-board/gpio.o
 .debug_info    0x000000000001252e      0x1f8 ./haawking-drivers/haawking-dsc280025_edc-board/interrupt.o
 .debug_info    0x0000000000012726      0x519 ./haawking-drivers/haawking-dsc280025_edc-board/sci.o
 .debug_info    0x0000000000012c3f      0x9b1 ./haawking-drivers/haawking-dsc280025_edc-board/spi.o
 .debug_info    0x00000000000135f0      0xa4b ./haawking-drivers/haawking-dsc280025_edc-board/sysctl.o
 .debug_info    0x000000000001403b      0x469 ./device/device.o

.debug_ranges   0x0000000000000000      0xf58
 .debug_ranges  0x0000000000000000      0x1a8 ./src_control/motor1_drive.o
 .debug_ranges  0x00000000000001a8       0xb8 ./src_control/motor_common.o
 .debug_ranges  0x0000000000000260       0xf0 ./src_board/drv8323s.o
 .debug_ranges  0x0000000000000350      0x4c8 ./src_board/hal.o
 .debug_ranges  0x0000000000000818       0x78 ./src/main.o
 .debug_ranges  0x0000000000000890       0x28 ./haawking-drivers/haawking-dsc280025_edc-board/common/crt.o
 .debug_ranges  0x00000000000008b8      0x218 ./haawking-drivers/haawking-dsc280025_edc-board/common/syscalls.o
 .debug_ranges  0x0000000000000ad0       0x30 ./haawking-drivers/haawking-dsc280025_edc-board/cmpss.o
 .debug_ranges  0x0000000000000b00       0x18 ./haawking-drivers/haawking-dsc280025_edc-board/cputimer.o
 .debug_ranges  0x0000000000000b18       0x68 ./haawking-drivers/haawking-dsc280025_edc-board/epwm.o
 .debug_ranges  0x0000000000000b80       0x20 ./haawking-drivers/haawking-dsc280025_edc-board/eqep.o
 .debug_ranges  0x0000000000000ba0       0x28 ./haawking-drivers/haawking-dsc280025_edc-board/flash.o
 .debug_ranges  0x0000000000000bc8       0x70 ./haawking-drivers/haawking-dsc280025_edc-board/gpio.o
 .debug_ranges  0x0000000000000c38       0x50 ./haawking-drivers/haawking-dsc280025_edc-board/interrupt.o
 .debug_ranges  0x0000000000000c88       0x98 ./haawking-drivers/haawking-dsc280025_edc-board/sci.o
 .debug_ranges  0x0000000000000d20       0xd8 ./haawking-drivers/haawking-dsc280025_edc-board/spi.o
 .debug_ranges  0x0000000000000df8       0xe8 ./haawking-drivers/haawking-dsc280025_edc-board/sysctl.o
 .debug_ranges  0x0000000000000ee0       0x78 ./device/device.o

.debug_str      0x0000000000000000     0x92ce
 .debug_str     0x0000000000000000     0x35ff ./src_control/motor1_drive.o
                                       0x3733 (size before relaxing)
 .debug_str     0x00000000000035ff      0x2b5 ./src_control/motor_common.o
                                       0x303e (size before relaxing)
 .debug_str     0x00000000000038b4      0x599 ./src_board/drv8323s.o
                                       0x1684 (size before relaxing)
 .debug_str     0x0000000000003e4d     0x3343 ./src_board/hal.o
                                       0x5128 (size before relaxing)
 .debug_str     0x0000000000007190      0x2a3 ./src_board/user_mtr1.o
                                        0xc5e (size before relaxing)
 .debug_str     0x0000000000007433      0x2a4 ./src/main.o
                                       0x30c2 (size before relaxing)
 .debug_str     0x00000000000076d7      0x316 ./haawking-drivers/haawking-dsc280025_edc-board/common/syscalls.o
                                        0x58f (size before relaxing)
 .debug_str     0x00000000000079ed      0x104 ./haawking-drivers/haawking-dsc280025_edc-board/cmpss.o
                                        0x263 (size before relaxing)
 .debug_str     0x0000000000007af1       0x6d ./haawking-drivers/haawking-dsc280025_edc-board/cputimer.o
                                        0x236 (size before relaxing)
 .debug_str     0x0000000000007b5e      0x118 ./haawking-drivers/haawking-dsc280025_edc-board/epwm.o
                                        0xa49 (size before relaxing)
 .debug_str     0x0000000000007c76       0xa7 ./haawking-drivers/haawking-dsc280025_edc-board/eqep.o
                                        0x208 (size before relaxing)
 .debug_str     0x0000000000007d1d      0x1bf ./haawking-drivers/haawking-dsc280025_edc-board/flash.o
                                        0x31d (size before relaxing)
 .debug_str     0x0000000000007edc      0x1eb ./haawking-drivers/haawking-dsc280025_edc-board/gpio.o
                                        0x518 (size before relaxing)
 .debug_str     0x00000000000080c7      0x103 ./haawking-drivers/haawking-dsc280025_edc-board/interrupt.o
                                        0x289 (size before relaxing)
 .debug_str     0x00000000000081ca      0x179 ./haawking-drivers/haawking-dsc280025_edc-board/sci.o
                                        0x52f (size before relaxing)
 .debug_str     0x0000000000008343      0x3df ./haawking-drivers/haawking-dsc280025_edc-board/spi.o
                                        0x7f2 (size before relaxing)
 .debug_str     0x0000000000008722      0x976 ./haawking-drivers/haawking-dsc280025_edc-board/sysctl.o
                                        0xfbb (size before relaxing)
 .debug_str     0x0000000000009098      0x236 ./device/device.o
                                        0x9aa (size before relaxing)

.comment        0x0000000000000000       0xe3
 .comment       0x0000000000000000       0xa2 ./src_control/motor1_drive.o
                                         0xa3 (size before relaxing)
 .comment       0x00000000000000a2       0xa3 ./src_control/motor_common.o
 .comment       0x00000000000000a2       0xa3 ./src_board/drv8323s.o
 .comment       0x00000000000000a2       0xa3 ./src_board/hal.o
 .comment       0x00000000000000a2       0xa3 ./src_board/user_mtr1.o
 .comment       0x00000000000000a2       0xa3 ./src/main.o
 .comment       0x00000000000000a2       0xa3 ./haawking-drivers/haawking-dsc280025_edc-board/common/syscalls.o
 .comment       0x00000000000000a2       0xa3 ./haawking-drivers/haawking-dsc280025_edc-board/cmpss.o
 .comment       0x00000000000000a2       0xa3 ./haawking-drivers/haawking-dsc280025_edc-board/cputimer.o
 .comment       0x00000000000000a2       0xa3 ./haawking-drivers/haawking-dsc280025_edc-board/epwm.o
 .comment       0x00000000000000a2       0xa3 ./haawking-drivers/haawking-dsc280025_edc-board/eqep.o
 .comment       0x00000000000000a2       0xa3 ./haawking-drivers/haawking-dsc280025_edc-board/flash.o
 .comment       0x00000000000000a2       0xa3 ./haawking-drivers/haawking-dsc280025_edc-board/gpio.o
 .comment       0x00000000000000a2       0xa3 ./haawking-drivers/haawking-dsc280025_edc-board/interrupt.o
 .comment       0x00000000000000a2       0xa3 ./haawking-drivers/haawking-dsc280025_edc-board/sci.o
 .comment       0x00000000000000a2       0xa3 ./haawking-drivers/haawking-dsc280025_edc-board/spi.o
 .comment       0x00000000000000a2       0xa3 ./haawking-drivers/haawking-dsc280025_edc-board/sysctl.o
 .comment       0x00000000000000a2       0xa3 ./device/device.o
 .comment       0x00000000000000a2       0xa3 ../lib\libHXFASTLib_HX280025_libV2.0.a(estlib.o)
 .comment       0x00000000000000a2       0x41 D:/Haawking-IDE_V2.3.3Pre/haawking-tools/segger_lib\libhaawking-segger_imfc.a(floatops.o)
                                         0x42 (size before relaxing)

.note.GNU-stack
                0x0000000000000000        0x0
 .note.GNU-stack
                0x0000000000000000        0x0 ./src_control/motor1_drive.o
 .note.GNU-stack
                0x0000000000000000        0x0 ./src_control/motor_common.o
 .note.GNU-stack
                0x0000000000000000        0x0 ./src_board/drv8323s.o
 .note.GNU-stack
                0x0000000000000000        0x0 ./src_board/hal.o
 .note.GNU-stack
                0x0000000000000000        0x0 ./src_board/user_mtr1.o
 .note.GNU-stack
                0x0000000000000000        0x0 ./src/main.o
 .note.GNU-stack
                0x0000000000000000        0x0 ./haawking-drivers/haawking-dsc280025_edc-board/common/syscalls.o
 .note.GNU-stack
                0x0000000000000000        0x0 ./haawking-drivers/haawking-dsc280025_edc-board/cmpss.o
 .note.GNU-stack
                0x0000000000000000        0x0 ./haawking-drivers/haawking-dsc280025_edc-board/cputimer.o
 .note.GNU-stack
                0x0000000000000000        0x0 ./haawking-drivers/haawking-dsc280025_edc-board/epwm.o
 .note.GNU-stack
                0x0000000000000000        0x0 ./haawking-drivers/haawking-dsc280025_edc-board/eqep.o
 .note.GNU-stack
                0x0000000000000000        0x0 ./haawking-drivers/haawking-dsc280025_edc-board/flash.o
 .note.GNU-stack
                0x0000000000000000        0x0 ./haawking-drivers/haawking-dsc280025_edc-board/gpio.o
 .note.GNU-stack
                0x0000000000000000        0x0 ./haawking-drivers/haawking-dsc280025_edc-board/interrupt.o
 .note.GNU-stack
                0x0000000000000000        0x0 ./haawking-drivers/haawking-dsc280025_edc-board/sci.o
 .note.GNU-stack
                0x0000000000000000        0x0 ./haawking-drivers/haawking-dsc280025_edc-board/spi.o
 .note.GNU-stack
                0x0000000000000000        0x0 ./haawking-drivers/haawking-dsc280025_edc-board/sysctl.o
 .note.GNU-stack
                0x0000000000000000        0x0 ./device/device.o
 .note.GNU-stack
                0x0000000000000000        0x0 ../lib\libHXFASTLib_HX280025_libV2.0.a(estlib.o)

.riscv.attributes
                0x0000000000000000       0x2b
 .riscv.attributes
                0x0000000000000000       0x2b ./src_control/motor1_drive.o
 .riscv.attributes
                0x000000000000002b       0x2b ./src_control/motor_common.o
 .riscv.attributes
                0x0000000000000056       0x2b ./src_board/drv8323s.o
 .riscv.attributes
                0x0000000000000081       0x2b ./src_board/hal.o
 .riscv.attributes
                0x00000000000000ac       0x2b ./src_board/user_mtr1.o
 .riscv.attributes
                0x00000000000000d7       0x2b ./src/main.o
 .riscv.attributes
                0x0000000000000102       0x2b ./haawking-drivers/haawking-dsc280025_edc-board/common/syscalls.o
 .riscv.attributes
                0x000000000000012d       0x2b ./haawking-drivers/haawking-dsc280025_edc-board/cmpss.o
 .riscv.attributes
                0x0000000000000158       0x2b ./haawking-drivers/haawking-dsc280025_edc-board/cputimer.o
 .riscv.attributes
                0x0000000000000183       0x2b ./haawking-drivers/haawking-dsc280025_edc-board/epwm.o
 .riscv.attributes
                0x00000000000001ae       0x2b ./haawking-drivers/haawking-dsc280025_edc-board/eqep.o
 .riscv.attributes
                0x00000000000001d9       0x2b ./haawking-drivers/haawking-dsc280025_edc-board/flash.o
 .riscv.attributes
                0x0000000000000204       0x2b ./haawking-drivers/haawking-dsc280025_edc-board/gpio.o
 .riscv.attributes
                0x000000000000022f       0x2b ./haawking-drivers/haawking-dsc280025_edc-board/interrupt.o
 .riscv.attributes
                0x000000000000025a       0x2b ./haawking-drivers/haawking-dsc280025_edc-board/sci.o
 .riscv.attributes
                0x0000000000000285       0x2b ./haawking-drivers/haawking-dsc280025_edc-board/spi.o
 .riscv.attributes
                0x00000000000002b0       0x2b ./haawking-drivers/haawking-dsc280025_edc-board/sysctl.o
 .riscv.attributes
                0x00000000000002db       0x2b ./device/device.o
 .riscv.attributes
                0x0000000000000306       0x2b ../lib\libHXFASTLib_HX280025_libV2.0.a(estlib.o)
 .riscv.attributes
                0x0000000000000331       0x2b D:/Haawking-IDE_V2.3.3Pre/haawking-tools/segger_lib\libhaawking-segger_imfc.a(floatops.o)

.debug_frame    0x0000000000000000     0x29e0
 .debug_frame   0x0000000000000000      0x470 ./src_control/motor1_drive.o
 .debug_frame   0x0000000000000470      0x1fc ./src_control/motor_common.o
 .debug_frame   0x000000000000066c      0x2b0 ./src_board/drv8323s.o
 .debug_frame   0x000000000000091c      0xe00 ./src_board/hal.o
 .debug_frame   0x000000000000171c       0x24 ./src_board/user_mtr1.o
 .debug_frame   0x0000000000001740      0x164 ./src/main.o
 .debug_frame   0x00000000000018a4      0x3b0 ./haawking-drivers/haawking-dsc280025_edc-board/common/syscalls.o
 .debug_frame   0x0000000000001c54       0x84 ./haawking-drivers/haawking-dsc280025_edc-board/cmpss.o
 .debug_frame   0x0000000000001cd8       0x3c ./haawking-drivers/haawking-dsc280025_edc-board/cputimer.o
 .debug_frame   0x0000000000001d14      0x12c ./haawking-drivers/haawking-dsc280025_edc-board/epwm.o
 .debug_frame   0x0000000000001e40       0x54 ./haawking-drivers/haawking-dsc280025_edc-board/eqep.o
 .debug_frame   0x0000000000001e94      0x128 ./haawking-drivers/haawking-dsc280025_edc-board/flash.o
 .debug_frame   0x0000000000001fbc      0x13c ./haawking-drivers/haawking-dsc280025_edc-board/gpio.o
 .debug_frame   0x00000000000020f8       0xdc ./haawking-drivers/haawking-dsc280025_edc-board/interrupt.o
 .debug_frame   0x00000000000021d4      0x1b8 ./haawking-drivers/haawking-dsc280025_edc-board/sci.o
 .debug_frame   0x000000000000238c      0x280 ./haawking-drivers/haawking-dsc280025_edc-board/spi.o
 .debug_frame   0x000000000000260c      0x290 ./haawking-drivers/haawking-dsc280025_edc-board/sysctl.o
 .debug_frame   0x000000000000289c      0x144 ./device/device.o

.debug_line     0x0000000000000000    0x1a540
 .debug_line    0x0000000000000000     0x5844 ./src_control/motor1_drive.o
 .debug_line    0x0000000000005844     0x2834 ./src_control/motor_common.o
 .debug_line    0x0000000000008078     0x118f ./src_board/drv8323s.o
 .debug_line    0x0000000000009207     0x5664 ./src_board/hal.o
 .debug_line    0x000000000000e86b      0xc39 ./src_board/user_mtr1.o
 .debug_line    0x000000000000f4a4      0xd40 ./src/main.o
 .debug_line    0x00000000000101e4      0x12f ./haawking-drivers/haawking-dsc280025_edc-board/common/crt.o
 .debug_line    0x0000000000010313     0x2e37 ./haawking-drivers/haawking-dsc280025_edc-board/common/syscalls.o
 .debug_line    0x000000000001314a       0x80 ./haawking-drivers/haawking-dsc280025_edc-board/SysCtl_delay.o
 .debug_line    0x00000000000131ca       0x78 ./haawking-drivers/haawking-dsc280025_edc-board/__disable_interrputs.o
 .debug_line    0x0000000000013242       0x77 ./haawking-drivers/haawking-dsc280025_edc-board/__enable_interrupts.o
 .debug_line    0x00000000000132b9      0x5b2 ./haawking-drivers/haawking-dsc280025_edc-board/cmpss.o
 .debug_line    0x000000000001386b      0x1fc ./haawking-drivers/haawking-dsc280025_edc-board/cputimer.o
 .debug_line    0x0000000000013a67      0xd98 ./haawking-drivers/haawking-dsc280025_edc-board/epwm.o
 .debug_line    0x00000000000147ff      0x3cc ./haawking-drivers/haawking-dsc280025_edc-board/eqep.o
 .debug_line    0x0000000000014bcb      0x56f ./haawking-drivers/haawking-dsc280025_edc-board/flash.o
 .debug_line    0x000000000001513a      0xe82 ./haawking-drivers/haawking-dsc280025_edc-board/gpio.o
 .debug_line    0x0000000000015fbc      0x782 ./haawking-drivers/haawking-dsc280025_edc-board/interrupt.o
 .debug_line    0x000000000001673e      0xc16 ./haawking-drivers/haawking-dsc280025_edc-board/sci.o
 .debug_line    0x0000000000017354     0x13ea ./haawking-drivers/haawking-dsc280025_edc-board/spi.o
 .debug_line    0x000000000001873e     0x17c6 ./haawking-drivers/haawking-dsc280025_edc-board/sysctl.o
 .debug_line    0x0000000000019f04      0x63c ./device/device.o

.debug_loc      0x0000000000000000       0x28
 .debug_loc     0x0000000000000000       0x28 ./src_board/hal.o

.debug_aranges  0x0000000000000000       0x88
 .debug_aranges
                0x0000000000000000       0x28 ./haawking-drivers/haawking-dsc280025_edc-board/common/crt.o
 .debug_aranges
                0x0000000000000028       0x20 ./haawking-drivers/haawking-dsc280025_edc-board/SysCtl_delay.o
 .debug_aranges
                0x0000000000000048       0x20 ./haawking-drivers/haawking-dsc280025_edc-board/__disable_interrputs.o
 .debug_aranges
                0x0000000000000068       0x20 ./haawking-drivers/haawking-dsc280025_edc-board/__enable_interrupts.o
00000000 00000000 A IDE_VERSION_2_3_3Pre
00001000 00000000 T __global_sp$
00010000 00000000 T __data_start
00010000 00000024 T cpuTime
00010024 00000004 T cpuTimeHandle
00010028 000002d0 T motorVars_M1
000102f8 00000004 T motorHandle_M1
000102fc 00000214 T userParams_M1
00010510 00000010 T systemVars
00010520 000000a4 T motorSetVars_M1
000105c4 00000044 T halMtr_M1
00010608 00000024 T drvicVars_M1
0001062c 0000000c T clarke_V_M1
00010638 0000000c T clarke_I_M1
00010644 00000008 T ipark_V_M1
0001064c 00000008 T park_I_M1
00010654 00000008 T park_V_M1
0001065c 00000030 T svgen_M1
0001068c 00000024 T pi_Id_M1
000106b0 00000024 T pi_Iq_M1
000106d4 00000024 T pi_spd_M1
000106f8 00000024 T pi_pos_M1
0001071c 00000014 T traj_spd_M1
000107d4 00000004 T speedSampleCount
000107d8 00000004 T speedSampleTime
000107dc 00000004 T testDelta_rad
00010800 00000000 T __global_pointer$
00010848 00001542 T motor1CtrlISR
00011d8c 00000026 T SysCtl_delay
00011db4 00000094 T Flash_initModule
00011e48 00000056 t Flash_setBankPowerMode
00011e9e 0000003a t Flash_disableCache
00011ed8 0000003a t Flash_disablePrefetch
00011f12 00000064 t Flash_setWaitstates
00011f76 0000003c t Flash_enableCache
00011fb2 0000003c t Flash_enablePrefetch
00011fee 00000040 t Flash_enableECC
0001202e 00000032 T Flash_powerDown
00012060 00000032 T Flash_wakeFromLPM
00012098 00000000 T __data_end
00012100 00000000 B __bss_start
00012100 00000004 B xint3Count
00012104 00000005 B receivedChar
0001210c 00000004 B testFoc_rad
00012110 00000004 B eqep_count
00012114 00000004 B eqep_lastCount
00012118 00000004 B halHandle
00012120 00000044 B hal
00012164 00000528 B est_motor_1
00012690 00000000 B __bss_end
00018000 00000000 B __gs_data_end
00018000 00000000 B __gs_data_start
00100c10 00000004 B IER
00100d10 00000004 B IFR
00600000 00000004 T _start
00600000 00000004 T haawking_start@VERS_DSC280025_EDC_V1.0.0
00600010 00000000 T _ENTRY
00600130 00000000 t trap_entry
006001e0 00000006 T __disable_interrupts
006001e8 00000006 T __enable_interrupts
006001ee 00000048 T initMotor1Handles
00600236 00000520 T initMotor1CtrlParameters
00600756 0000000e t TRAJ_setTargetValue
00600764 0000000e t TRAJ_setMinValue
00600772 0000000e t TRAJ_setMaxValue
00600780 0000000e t TRAJ_setMaxDelta
0060078e 00000030 t HAL_disablePWM
006007be 000005cc T runMotor1OffsetsCalculation
00600d8a 00000054 t calcMotorOverCurrentThreshold
00600dde 0000003c t ADC_setPPBReferenceOffset
00600e1a 00000068 t HAL_enablePWM
00600e82 0000002e t ADC_clearInterruptStatus
00600eb0 0000002e t ADC_getInterruptStatus
00600ede 0000027a T runMotor1Control
00601158 0000004e t HAL_clearMtrFaultStatus
006011a6 00000166 t updateControllers
0060130c 00000170 T xint3ISR
0060147c 00000040 t SCI_readCharBlockingFIFO
006014bc 0000000e t Interrupt_clearACKGroup
006014ca 0000001a t HAL_readTimerCnt
006014e4 00000056 t EPWM_forceTripZoneEvent
0060153a 0000005c t EPWM_isBaseValid
00601596 00000022 t ADC_isBaseValid
006015b8 00000028 t EPWM_getTimeBasePeriod
006015e0 00000064 t EPWM_setCounterCompareValue
00601644 00000032 t CMPSS_clearFilterLatchHigh
00601676 00000032 t CMPSS_clearFilterLatchLow
006016a8 00000056 t EPWM_clearTripZoneFlag
006016fe 00000038 t CMPSS_isBaseValid
00601736 0000003c t ADC_readResult
00601772 00000018 t SCI_isBaseValid
0060178a 0000002e t SCI_getRxFIFOStatus
006017b8 00000024 t SCI_getRxStatus
006017dc 00000024 t CPUTimer_getTimerCount
00601800 00000028 t CPUTimer_isBaseValid
00601828 0000000c t TRAJ_getTargetValue
00601834 0000000c t TRAJ_getMaxDelta
00601840 0000000c t TRAJ_getMinValue
0060184c 0000000c t TRAJ_getMaxValue
00601858 00000040 T setupClarke_V
00601898 00000018 t CLARKE_setScaleFactors
006018b0 00000012 t CLARKE_setNumSensors
006018c2 00000050 T setupClarke_I
00601912 000000ec T resetMotorControl
006019fe 0000000e t TRAJ_setTargetValue
00601a0c 00000030 t HAL_disablePWM
00601a3c 00000322 T setupControllers
00601d5e 000000ac t getControllers
00601e0a 00000060 T CPU_TIME_reset
00601e6a 0000022a T runMotorMonitor
00602094 0000021c T calculateRMSData
006022b0 00000042 T restartMotorControl
006022f2 00000026 T stopMotorControl
00602318 000000d2 T runRsOnLine
006023ea 0000012a T updateGlobalVariables
00602514 00000114 T collectRMSData
00602628 00000056 t EPWM_forceTripZoneEvent
0060267e 0000005c t EPWM_isBaseValid
006026da 00000016 T DRV8323_init
006026f0 0000000e t DRV8323_resetRxTimeout
006026fe 0000000e t DRV8323_resetEnableTimeout
0060270c 000000b6 T DRV8323_enable
006027c2 00000050 t GPIO_writePin
00602812 000000f2 T DRV8323_readSPI
00602904 0000000e T DRV8323_setSPIHandle
00602912 0000000e T DRV8323_setGPIOCSNumber
00602920 0000000e T DRV8323_setGPIOENNumber
0060292e 000000ca T DRV8323_setupSPI
006029f8 0000001c t DRV8323_buildCtrlWord
00602a14 00000036 t SPI_resetRxFIFO
00602a4a 00000034 t SPI_enableFIFO
00602a7e 00000036 t SPI_writeDataBlockingNonFIFO
00602ab4 0000002e t SPI_getRxFIFOStatus
00602ae2 0000002a t SPI_readDataNonBlocking
00602b0c 0000009c T DRV8323_writeSPI
00602ba8 000000be T DRV8323_writeData
00602c66 0000002a t GPIO_isPinValid
00602c90 0000001e t SPI_isBaseValid
00602cae 00000014 t Interrupt_disableGlobal
00602cc2 0000001e t SysCtl_disableWatchdog
00602ce0 00000036 T HAL_enableCtrlInts
00602d16 0000000e t Interrupt_clearACKGroup
00602d24 00000054 t ADC_enableInterrupt
00602d78 00000016 t Interrupt_enableInCPU
00602d8e 00000008 T HAL_enableDebugInt
00602d96 0000000e T HAL_enableGlobalInts
00602da4 00000014 t Interrupt_enableGlobal
00602db8 0000007c T HAL_init
00602e34 0000007e T HAL_MTR1_init
00602eb2 00000030 T HAL_setParams
00602ee2 00000446 T HAL_setupGPIOs
00603328 000001e4 T HAL_setupADCs
0060350c 00000046 T HAL_setupTimeBaseTimer
00603552 00000036 T HAL_setupCPUUsageTimer
00603588 0000007a T HAL_setupSCIA
00603602 00000014 T HAL_setupDMA
00603616 00000034 T HAL_MTR_setParams
0060364a 00000012 t HAL_setNumCurrentSensors
0060365c 00000012 t HAL_setNumVoltageSensors
0060366e 00000370 T HAL_setupPWMs
006039de 00000190 T HAL_setupCMPSSs
00603b6e 000000cc T HAL_setupQEP
00603c3a 00000068 T HAL_setupSPI
00603ca2 0000002c T HAL_setupGate
00603cce 00000036 t EQEP_disableInterrupt
00603d04 0000002e t EQEP_clearInterruptStatus
00603d32 00000044 t EQEP_selectSource
00603d76 00000034 t EQEP_setStrobeSource
00603daa 0000003c t EQEP_setDecoderConfig
00603de6 0000003c t EQEP_setEmulationMode
00603e22 00000040 t EQEP_setPositionCounterConfig
00603e62 0000002a t EQEP_setPosition
00603e8c 0000002a t EQEP_loadUnitTimer
00603eb6 0000002a t EQEP_disableUnitTimer
00603ee0 0000002a t EQEP_disableWatchdog
00603f0a 00000034 t EQEP_setLatchMode
00603f3e 00000034 t EQEP_setQMAModuleMode
00603f72 0000002a t EQEP_disableDirectionChangeDuringIndex
00603f9c 0000003c t EQEP_setPositionInitMode
00603fd8 00000042 t EQEP_setSWPositionInit
0060401a 0000002a t EQEP_setInitialPosition
00604044 0000002c t EQEP_enableModule
00604070 00000018 t ASysCtl_disableTemperatureSensor
00604088 0000003a t ADC_setPrescaler
006040c2 0000003a t ADC_setInterruptPulseMode
006040fc 0000003a t ADC_setSOCPriority
00604136 00000034 t ADC_enableConverter
0060416a 00000062 t ADC_setInterruptSource
006041cc 00000074 t ADC_setupSOC
00604240 0000004a t ASysCtl_selectCMPHPMux
0060428a 0000004a t ASysCtl_selectCMPLPMux
006042d4 0000003e t CMPSS_enableModule
00604312 0000003c t CMPSS_configHighComparator
0060434e 00000044 t CMPSS_configLowComparator
00604392 0000003c t CMPSS_configOutputsHigh
006043ce 00000044 t CMPSS_configOutputsLow
00604412 00000034 t CMPSS_initFilterHigh
00604446 00000034 t CMPSS_initFilterLow
0060447a 00000056 t CMPSS_setHysteresis
006044d0 0000003c t CMPSS_configDAC
0060450c 00000040 t CMPSS_setDACValueHigh
0060454c 00000040 t CMPSS_setDACValueLow
0060458c 00000034 t CMPSS_clearFilterLatchHigh
006045c0 00000034 t CMPSS_clearFilterLatchLow
006045f4 00000014 T HAL_enableDRV
00604608 00000016 T HAL_writeDRVData
0060461e 00000016 T HAL_setupDRVSPI
00604634 0000002c t SPI_disableModule
00604660 0000002a t SPI_disableLoopback
0060468a 00000036 t SPI_setEmulationMode
006046c0 00000036 t SPI_enableFIFO
006046f6 0000004a t SPI_setTxFifoTransmitDelay
00604740 0000002c t SPI_enableModule
0060476c 00000052 t GPIO_writePin
006047be 00000024 t GPIO_setInterruptType
006047e2 0000001e t GPIO_enableInterrupt
00604800 0000003e t SysCtl_enablePeripheral
0060483e 00000042 t SysCtl_disablePeripheral
00604880 00000058 t EPWM_forceTripZoneEvent
006048d8 00000032 t EPWM_setTimeBaseCounterMode
0060490a 0000002a t EPWM_disablePhaseShiftLoad
00604934 0000003a t EPWM_setPeriodLoadMode
0060496e 0000004a t EPWM_enableSyncOutPulseSource
006049b8 00000044 t EPWM_setClockPrescaler
006049fc 00000042 t EPWM_setCountModeAfterSync
00604a3e 00000040 t EPWM_setPhaseShift
00604a7e 0000002a t EPWM_setTimeBaseCounter
00604aa8 0000002e t EPWM_setTimeBasePeriod
00604ad6 00000094 t EPWM_setCounterCompareShadowLoadMode
00604b6a 00000084 t EPWM_setActionQualifierAction
00604bee 00000058 t EPWM_setDeadBandDelayMode
00604c46 00000054 t EPWM_setRisingEdgeDeadBandDelayInput
00604c9a 00000050 t EPWM_setDeadBandDelayPolarity
00604cea 00000046 t EPWM_setRisingEdgeDelayCount
00604d30 00000046 t EPWM_setFallingEdgeDelayCount
00604d76 0000002c t EPWM_disableChopper