Archive member included to satisfy reference by file (symbol)

../lib\libHXFASTLib_HX280025_libV2.0.a(estlib.o)
                              ./src_control/motor1_drive.o (EST_setParams)
D:/Haawking-IDE_v2.2.11Pre/haawking-tools/segger_lib\libhaawking-segger_imfc.a(floatops.o)
                              ./src_control/motor_common.o (sqrtf)
D:/Haawking-IDE_v2.2.11Pre/haawking-tools/segger_lib\libhaawking-segger_imfc.a(intops.o)
                              ./haawking-drivers/haawking-dsc280025_edc-board/common/syscalls.o (__udivdi3)
D:/Haawking-IDE_v2.2.11Pre/haawking-tools/segger_lib\libhaawking-segger_imfc.a(floatasmops_rv.o)
                              ./haawking-drivers/haawking-dsc280025_edc-board/common/syscalls.o (__subdf3)
D:/Haawking-IDE_v2.2.11Pre/haawking-tools/segger_lib\libhaawking-segger_imfc.a(intasmops_rv.o)
                              D:/Haawking-IDE_v2.2.11Pre/haawking-tools/segger_lib\libhaawking-segger_imfc.a(floatops.o) (__ashldi3)

Discarded input sections

 .text          0x0000000000000000        0x2 ./src_control/motor1_drive.o
 .bss.debug2    0x0000000000000000      0x320 ./src_control/motor1_drive.o
 .bss.debug3    0x0000000000000000      0x320 ./src_control/motor1_drive.o
 .llvm_addrsig  0x0000000000000000       0xd4 ./src_control/motor1_drive.o
 .text          0x0000000000000000        0x2 ./src_control/motor_common.o
 .llvm_addrsig  0x0000000000000000       0x36 ./src_control/motor_common.o
 .text          0x0000000000000000        0x2 ./src_board/drv8323s.o
 .text.DRV8323_getPeakSourCurHS
                0x0000000000000000       0x1e ./src_board/drv8323s.o
 .text.DRV8323_getPeakSinkCurHS
                0x0000000000000000       0x1c ./src_board/drv8323s.o
 .text.DRV8323_getPeakSourTime
                0x0000000000000000       0x1a ./src_board/drv8323s.o
 .text.DRV8323_getPeakSourCurLS
                0x0000000000000000       0x1a ./src_board/drv8323s.o
 .text.DRV8323_getPeakSinkCurLS
                0x0000000000000000       0x18 ./src_board/drv8323s.o
 .text.DRV8323_getVDSDeglitch
                0x0000000000000000       0x1e ./src_board/drv8323s.o
 .text.DRV8323_getDeadTime
                0x0000000000000000       0x1e ./src_board/drv8323s.o
 .text.DRV8323_getPWMMode
                0x0000000000000000       0x1a ./src_board/drv8323s.o
 .text.DRV8323_readData
                0x0000000000000000      0x102 ./src_board/drv8323s.o
 .llvm_addrsig  0x0000000000000000       0x14 ./src_board/drv8323s.o
 .text          0x0000000000000000        0x2 ./src_board/hal.o
 .text.HAL_disableGlobalInts
                0x0000000000000000       0x14 ./src_board/hal.o
 .text.HAL_disableWdog
                0x0000000000000000       0x12 ./src_board/hal.o
 .text.HAL_readDRVData
                0x0000000000000000       0x1a ./src_board/hal.o
 .text.HAL_setupMtrFaults
                0x0000000000000000      0x27c ./src_board/hal.o
 .text.XBAR_disableEPWMMux
                0x0000000000000000       0x2a ./src_board/hal.o
 .text.XBAR_enableEPWMMux
                0x0000000000000000       0x26 ./src_board/hal.o
 .text.XBAR_setInputPin
                0x0000000000000000       0x82 ./src_board/hal.o
 .text.XBAR_lockInput
                0x0000000000000000       0x40 ./src_board/hal.o
 .text.EPWM_enableTripZoneSignals
                0x0000000000000000       0x44 ./src_board/hal.o
 .text.EPWM_enableDigitalCompareTripCombinationInput
                0x0000000000000000       0x70 ./src_board/hal.o
 .text.EPWM_setTripZoneDigitalCompareEventCondition
                0x0000000000000000       0x5a ./src_board/hal.o
 .text.EPWM_setDigitalCompareEventSource
                0x0000000000000000       0x74 ./src_board/hal.o
 .text.EPWM_setDigitalCompareEventSyncMode
                0x0000000000000000       0x76 ./src_board/hal.o
 .text.EPWM_setTripZoneAction
                0x0000000000000000       0x5a ./src_board/hal.o
 .text.EPWM_clearTripZoneFlag
                0x0000000000000000       0x64 ./src_board/hal.o
 .text.HAL_setupPeripheralClks
                0x0000000000000000      0x18e ./src_board/hal.o
 .text.HAL_setupI2CA
                0x0000000000000000       0xe0 ./src_board/hal.o
 .text.I2C_disableModule
                0x0000000000000000       0x34 ./src_board/hal.o
 .text.I2C_setConfig
                0x0000000000000000       0x3c ./src_board/hal.o
 .text.I2C_setTargetAddress
                0x0000000000000000       0x50 ./src_board/hal.o
 .text.I2C_disableLoopback
                0x0000000000000000       0x34 ./src_board/hal.o
 .text.I2C_setBitCount
                0x0000000000000000       0x3a ./src_board/hal.o
 .text.I2C_setDataCount
                0x0000000000000000       0x32 ./src_board/hal.o
 .text.I2C_setAddressMode
                0x0000000000000000       0x3c ./src_board/hal.o
 .text.I2C_enableFIFO
                0x0000000000000000       0x3e ./src_board/hal.o
 .text.I2C_setFIFOInterruptLevel
                0x0000000000000000       0x4a ./src_board/hal.o
 .text.I2C_setEmulationMode
[...]
Memory Configuration

Name             Origin             Length             Attributes
AdcaRegs_FILE    0x0000000000001800 0x0000000000000110 xrw
AdcaResultRegs_FILE 0x0000000000001940 0x0000000000000050 xrw
AdccRegs_FILE    0x0000000000001c00 0x0000000000000110 xrw
AdccResultRegs_FILE 0x0000000000001d40 0x0000000000000050 xrw
HicRegs_FILE     0x0000000000002800 0x0000000000000100 xrw
DmaRegs_FILE     0x0000000000003000 0x0000000000000380 xrw
BgcrcCpuRegs_FILE 0x0000000000003400 0x0000000000000110 xrw
MemCfgRegs_FILE  0x0000000000003800 0x000000000000005c xrw
MemoryErrorRegs_FILE 0x000000000000385c 0x0000000000000040 xrw
AccessProtectionRegs_FILE 0x000000000000389c 0x0000000000000050 xrw
CpuTimer0Regs_FILE 0x0000000000005000 0x0000000000000010 xrw
CpuTimer1Regs_FILE 0x0000000000005010 0x0000000000000010 xrw
CpuTimer2Regs_FILE 0x0000000000005020 0x0000000000000010 xrw
PieCtrlRegs_FILE 0x0000000000005100 0x0000000000000068 xrw
XintRegs_FILE    0x0000000000005200 0x0000000000000020 xrw
NmiIntruptRegs_FILE 0x0000000000005300 0x0000000000000030 xrw
PieVectTable_FILE 0x0000000000005800 0x0000000000000400 xrw
CanaRegs_FILE    0x0000000000006000 0x0000000000000164 xrw
EPwm1Regs_FILE   0x000000000000a000 0x00000000000003fc xrw
EPwm2Regs_FILE   0x000000000000a400 0x00000000000003fc xrw
EPwm3Regs_FILE   0x000000000000a800 0x00000000000003fc xrw
EPwm4Regs_FILE   0x000000000000ac00 0x00000000000003fc xrw
EPwm5Regs_FILE   0x000000000000b000 0x00000000000003fc xrw
EPwm6Regs_FILE   0x000000000000b400 0x00000000000003fc xrw
EPwm7Regs_FILE   0x000000000000b800 0x00000000000003fc xrw
Clb1LogicCfgRegs_FILE 0x000000000000c000 0x00000000000000ac xrw
Clb1LogicCtrlRegs_FILE 0x000000000000c100 0x0000000000000080 xrw
Clb1DataExchRegs_FILE 0x000000000000c180 0x0000000000000084 xrw
Clb2LogicCfgRegs_FILE 0x000000000000c400 0x00000000000000ac xrw
Clb2LogicCtrlRegs_FILE 0x000000000000c500 0x0000000000000080 xrw
Clb2DataExchRegs_FILE 0x000000000000c580 0x0000000000000084 xrw
EQep1Regs_FILE   0x000000000000d000 0x0000000000000070 xrw
EQep2Regs_FILE   0x000000000000d140 0x0000000000000070 xrw
ECap1Regs_FILE   0x000000000000d400 0x0000000000000040 xrw
ECap2Regs_FILE   0x000000000000d480 0x0000000000000040 xrw
ECap3Regs_FILE   0x000000000000d500 0x0000000000000040 xrw
HRCap3Regs_FILE  0x000000000000d780 0x000000000000006c xrw
Cmpss1Regs_FILE  0x000000000000d800 0x0000000000000058 xrw
Cmpss2Regs_FILE  0x000000000000d880 0x0000000000000058 xrw
Cmpss3Regs_FILE  0x000000000000d900 0x0000000000000058 xrw
Cmpss4Regs_FILE  0x000000000000d980 0x0000000000000058 xrw
SpiaRegs_FILE    0x000000000000e000 0x000000000000003c xrw
SpibRegs_FILE    0x000000000000e080 0x000000000000003c xrw
PmbusaRegs_FILE  0x000000000000e400 0x000000000000003c xrw
FsiRxaRegs_FILE  0x000000000000e800 0x0000000000000200 xrw
FsiTxaRegs_FILE  0x000000000000ea00 0x0000000000000200 xrw
I2saRegs_FILE    0x000000000000ec00 0x0000000000000038 xrw
InputXbarRegs_FILE 0x0000000000031000 0x000000000000007c xrw
XbarRegs_FILE    0x0000000000031080 0x0000000000000020 xrw
ClbInputXbarRegs_FILE 0x0000000000031180 0x000000000000007c xrw
EPwmXbarRegs_FILE 0x0000000000031400 0x0000000000000078 xrw
ClbXbarRegs_FILE 0x0000000000031500 0x0000000000000080 xrw
OutputXbarRegs_FILE 0x0000000000031600 0x0000000000000080 xrw
ClbOutputXbarRegs_FILE 0x0000000000031b00 0x0000000000000080 xrw
EradGlobalRegs_FILE 0x0000000000032800 0x00000000000000fc xrw
EradHWBP1Regs_FILE 0x00000000000328fc 0x0000000000000014 xrw
EradHWBP2Regs_FILE 0x0000000000032910 0x0000000000000014 xrw
EradHWBP3Regs_FILE 0x0000000000032924 0x0000000000000014 xrw
EradHWBP4Regs_FILE 0x0000000000032938 0x0000000000000014 xrw
EradHWBP5Regs_FILE 0x000000000003294c 0x0000000000000014 xrw
EradHWBP6Regs_FILE 0x0000000000032960 0x0000000000000014 xrw
EradHWBP7Regs_FILE 0x0000000000032974 0x0000000000000014 xrw
EradHWBP8Regs_FILE 0x0000000000032988 0x0000000000000014 xrw
EradCounter1Regs_FILE 0x000000000003299c 0x0000000000000024 xrw
EradCounter2Regs_FILE 0x00000000000329c0 0x0000000000000024 xrw
EradCounter3Regs_FILE 0x00000000000329e4 0x0000000000000024 xrw
EradCounter4Regs_FILE 0x0000000000032a08 0x0000000000000024 xrw
EradCRCGlobalRegs_FILE 0x0000000000032a2c 0x0000000000000004 xrw
EradCRC1Regs_FILE 0x0000000000032a30 0x000000000000000c xrw
EradCRC2Regs_FILE 0x0000000000032a3c 0x000000000000000c xrw
EradCRC3Regs_FILE 0x0000000000032a48 0x000000000000000c xrw
EradCRC4Regs_FILE 0x0000000000032a54 0x000000000000000c xrw
EradCRC5Regs_FILE 0x0000000000032a60 0x000000000000000c xrw
EradCRC6Regs_FILE 0x0000000000032a6c 0x000000000000000c xrw
EradCRC7Regs_FILE 0x0000000000032a78 0x000000000000000c xrw
EradCRC8Regs_FILE 0x0000000000032a84 0x000000000000000c xrw
Dcc0Regs_FILE    0x0000000000033000 0x000000000000003c xrw
Dcc1Regs_FILE    0x0000000000033080 0x000000000000003c xrw
GpioCtrlRegs_FILE 0x0000000000033800 0x0000000000000600 xrw
GpioDataRegs_FILE 0x0000000000033e00 0x0000000000000100 xrw
GpioDataReadRegs_FILE 0x0000000000033f00 0x0000000000000074 xrw
LinaRegs_FILE    0x0000000000034000 0x0000000000000074 xrw
LinbRegs_FILE    0x0000000000034080 0x0000000000000074 xrw
SciaRegs_FILE    0x0000000000034400 0x000000000000003c xrw
I2caRegs_FILE    0x0000000000034800 0x000000000000003c xrw
I2cbRegs_FILE    0x0000000000034880 0x000000000000003c xrw
ClkCfgRegs_FILE  0x0000000000038000 0x0000000000000080 xrw
CpuSysRegs_FILE  0x0000000000038200 0x0000000000000108 xrw
DevCfgRegs_FILE  0x0000000000038400 0x000000000000033c xrw
SysPeriphAcRegs_FILE 0x0000000000038800 0x0000000000000400 xrw
SyncSocRegs_FILE 0x0000000000038c00 0x000000000000003c xrw
DmaClaSrcSelRegs_FILE 0x0000000000038d00 0x0000000000000034 xrw
WdRegs_FILE      0x0000000000038e00 0x0000000000000058 xrw
AnalogSubsysRegs_FILE 0x0000000000039000 0x0000000000000024 xrw
DcsmBank0Z1Regs_FILE 0x0000000000039400 0x0000000000000048 xrw
DcsmBank0Z2Regs_FILE 0x0000000000039450 0x0000000000000048 xrw
DcsmCommonRegs_FILE 0x00000000000394a0 0x0000000000000020 xrw
DcsmBank0Z1OtpRegs_FILE 0x00000000007a0000 0x0000000000000400 xrw
DcsmBank0Z2OtpRegs_FILE 0x00000000007a0400 0x0000000000000400 xrw
Flash0CtrlRegs_FILE 0x00000000007af000 0x0000000000000200 xrw
Flash0EccRegs_FILE 0x00000000007af200 0x0000000000000050 xrw
BOOTROM_FILE     0x00000000007e0000 0x0000000000020000 xr
BOOT_RSVD        0x0000000000000000 0x0000000000000200 xrw
PRAMM0           0x0000000000000200 0x0000000000000600 xrw
PRAMM1           0x0000000000000800 0x0000000000000800 xrw
PRAMLS4567       0x0000000000010000 0x0000000000008000 xrw
RAMGS0           0x0000000000018000 0x0000000000002000 xrw
BEGIN            0x0000000000600000 0x0000000000000010 xrw
FLASH            0x0000000000600010 0x000000000003fff0 xrw
USER_OTP_FILE    0x00000000007a0000 0x0000000000000800 rw
IER_REGISTER_FILE 0x0000000000100c10 0x0000000000000004 rw
IFR_REGISTER_FILE 0x0000000000100d10 0x0000000000000004 rw
*default*        0x0000000000000000 0xffffffffffffffff

Linker script and memory map

                0x0000000000000000                IDE_VERSION_2_2_11Pre = 0x0
LOAD ./src_control/motor1_drive.o
LOAD ./src_control/motor_common.o
LOAD ./src_board/drv8323s.o
LOAD ./src_board/hal.o
LOAD ./src_board/user_mtr1.o
LOAD ./src/main.o
LOAD ./haawking-drivers/haawking-dsc280025_edc-board/common/crt.o
LOAD ./haawking-drivers/haawking-dsc280025_edc-board/common/hx_fintdiv.o
LOAD ./haawking-drivers/haawking-dsc280025_edc-board/common/hx_intrinsics.o
LOAD ./haawking-drivers/haawking-dsc280025_edc-board/common/syscalls.o
LOAD ./haawking-drivers/haawking-dsc280025_edc-board/SysCtl_delay.o
LOAD ./haawking-drivers/haawking-dsc280025_edc-board/__disable_interrputs.o
LOAD ./haawking-drivers/haawking-dsc280025_edc-board/__enable_interrupts.o
LOAD ./haawking-drivers/haawking-dsc280025_edc-board/adc.o
LOAD ./haawking-drivers/haawking-dsc280025_edc-board/asysctl.o
LOAD ./haawking-drivers/haawking-dsc280025_edc-board/bgcrc.o
LOAD ./haawking-drivers/haawking-dsc280025_edc-board/can.o
LOAD ./haawking-drivers/haawking-dsc280025_edc-board/clb.o
LOAD ./haawking-drivers/haawking-dsc280025_edc-board/cmpss.o
LOAD ./haawking-drivers/haawking-dsc280025_edc-board/cputimer.o
LOAD ./haawking-drivers/haawking-dsc280025_edc-board/dcc.o
LOAD ./haawking-drivers/haawking-dsc280025_edc-board/dcsm.o
LOAD ./haawking-drivers/haawking-dsc280025_edc-board/dma.o
LOAD ./haawking-drivers/haawking-dsc280025_edc-board/ecap.o
LOAD ./haawking-drivers/haawking-dsc280025_edc-board/epwm.o
LOAD ./haawking-drivers/haawking-dsc280025_edc-board/eqep.o
LOAD ./haawking-drivers/haawking-dsc280025_edc-board/erad.o
LOAD ./haawking-drivers/haawking-dsc280025_edc-board/flash.o
LOAD ./haawking-drivers/haawking-dsc280025_edc-board/fsi.o
LOAD ./haawking-drivers/haawking-dsc280025_edc-board/gpio.o
LOAD ./haawking-drivers/haawking-dsc280025_edc-board/hic.o
LOAD ./haawking-drivers/haawking-dsc280025_edc-board/hrpwm.o
LOAD ./haawking-drivers/haawking-dsc280025_edc-board/i2c.o
LOAD ./haawking-drivers/haawking-dsc280025_edc-board/interrupt.o
LOAD ./haawking-drivers/haawking-dsc280025_edc-board/lin.o
LOAD ./haawking-drivers/haawking-dsc280025_edc-board/memcfg.o
LOAD ./haawking-drivers/haawking-dsc280025_edc-board/pmbus.o
LOAD ./haawking-drivers/haawking-dsc280025_edc-board/sci.o
LOAD ./haawking-drivers/haawking-dsc280025_edc-board/spi.o
LOAD ./haawking-drivers/haawking-dsc280025_edc-board/sysctl.o
LOAD ./haawking-drivers/haawking-dsc280025_edc-board/userotp.o
LOAD ./haawking-drivers/haawking-dsc280025_edc-board/version.o
LOAD ./haawking-drivers/haawking-dsc280025_edc-board/xbar.o
LOAD ./device/device.o
LOAD ../lib\libIQmath_fpu32.a
LOAD ../lib\libHXFASTLib_HX280025_libV2.0.a
LOAD D:/Haawking-IDE_v2.2.11Pre/haawking-tools/segger_lib\libhaawking-segger_imfc.a

.AdcaRegs
 *(.AdcaRegs)

.AdcaResultRegs
 *(.AdcaResultRegs)

.AdccRegs
 *(.AdccRegs)

.AdccResultRegs
 *(.AdccResultRegs)

.HicRegs
 *(.HicRegs)

.DmaRegs
 *(.DmaRegs)

.BgcrcCpuRegs
 *(.BgcrcCpuRegs)

.MemCfgRegs
 *(.MemCfgRegs)

.MemoryErrorRegs
 *(.MemoryErrorRegs)

.AccessProtectionRegs
 *(.AccessProtectionRegs)

.CpuTimer0Regs
 *(.CpuTimer0Regs)

.CpuTimer1Regs
 *(.CpuTimer1Regs)

.CpuTimer2Regs
 *(.CpuTimer2Regs)

.PieCtrlRegs
 *(.PieCtrlRegs)

.XintRegs
 *(.XintRegs)

.NmiIntruptRegs
 *(.NmiIntruptRegs)

.PieVectTable
 *(.PieVectTable)

.CanaRegs
 *(.CanaRegs)

.EPwm1Regs
 *(.EPwm1Regs)

.EPwm2Regs
 *(.EPwm2Regs)

.EPwm3Regs
 *(.EPwm3Regs)

.EPwm4Regs
 *(.EPwm4Regs)

.EPwm5Regs
 *(.EPwm5Regs)

.EPwm6Regs
 *(.EPwm6Regs)

.EPwm7Regs
 *(.EPwm7Regs)

.Clb1LogicCfgRegs
 *(.Clb1LogicCfgRegs)

.Clb1LogicCtrlRegs
 *(.Clb1LogicCtrlRegs)

.Clb1DataExchRegs
 *(.Clb1DataExchRegs)

.Clb2LogicCfgRegs
 *(.Clb2LogicCfgRegs)

.Clb2LogicCtrlRegs
 *(.Clb2LogicCtrlRegs)

.Clb2DataExchRegs
 *(.Clb2DataExchRegs)

.EQep1Regs
 *(.EQep1Regs)

.EQep2Regs
 *(.EQep2Regs)

.ECap1Regs
 *(.ECap1Regs)

.ECap2Regs
 *(.ECap2Regs)

.ECap3Regs
 *(.ECap3Regs)

.HRCap3Regs
 *(.HRCap3Regs)

.Cmpss1Regs
 *(.Cmpss1Regs)

.Cmpss2Regs
 *(.Cmpss2Regs)

.Cmpss3Regs
 *(.Cmpss3Regs)

.Cmpss4Regs
 *(.Cmpss4Regs)

.SpiaRegs
 *(.SpiaRegs)

.SpibRegs
 *(.SpibRegs)

.PmbusaRegs
 *(.PmbusaRegs)

.FsiRxaRegs
 *(.FsiRxaRegs)

.FsiTxaRegs
 *(.FsiTxaRegs)

.I2saRegs
 *(.I2saRegs)

.InputXbarRegs
 *(.InputXbarRegs)

.XbarRegs
 *(.XbarRegs)

.ClbInputXbarRegs
 *(.ClbInputXbarRegs)

.EPwmXbarRegs
 *(.EPwmXbarRegs)

.ClbXbarRegs
 *(.ClbXbarRegs)

.OutputXbarRegs
 *(.OutputXbarRegs)

.ClbOutputXbarRegs
 *(.ClbOutputXbarRegs)

.EradGlobalRegs
 *(.EradGlobalRegs)

.EradHWBP1Regs
 *(.EradHWBP1Regs)

.EradHWBP2Regs
 *(.EradHWBP2Regs)

.EradHWBP3Regs
 *(.EradHWBP3Regs)

.EradHWBP4Regs
 *(.EradHWBP4Regs)

.EradHWBP5Regs
 *(.EradHWBP5Regs)

.EradHWBP6Regs
 *(.EradHWBP6Regs)

.EradHWBP7Regs
 *(.EradHWBP7Regs)

.EradHWBP8Regs
 *(.EradHWBP8Regs)

.EradCounter1Regs
 *(.EradCounter1Regs)

.EradCounter2Regs
 *(.EradCounter2Regs)

.EradCounter3Regs
 *(.EradCounter3Regs)

.EradCounter4Regs
 *(.EradCounter4Regs)

.EradCRCGlobalRegs
 *(.EradCRCGlobalRegs)

.EradCRC1Regs
 *(.EradCRC1Regs)

.EradCRC2Regs
 *(.EradCRC2Regs)

.EradCRC3Regs
 *(.EradCRC3Regs)

.EradCRC4Regs
 *(.EradCRC4Regs)

.EradCRC5Regs
 *(.EradCRC5Regs)

.EradCRC6Regs
 *(.EradCRC6Regs)

.EradCRC7Regs
 *(.EradCRC7Regs)

.EradCRC8Regs
 *(.EradCRC8Regs)

.Dcc0Regs
 *(.Dcc0Regs)

.Dcc1Regs
 *(.Dcc1Regs)

.GpioCtrlRegs
 *(.GpioCtrlRegs)

.GpioDataRegs
 *(.GpioDataRegs)

.GpioDataReadRegs
 *(.GpioDataReadRegs)

.LinaRegs
 *(.LinaRegs)

.LinbRegs
 *(.LinbRegs)

.SciaRegs
 *(.SciaRegs)

.I2caRegs
 *(.I2caRegs)

.I2cbRegs
 *(.I2cbRegs)

.ClkCfgRegs
 *(.ClkCfgRegs)

.CpuSysRegs
 *(.CpuSysRegs)

.DevCfgRegs
 *(.DevCfgRegs)

.SysPeriphAcRegs
 *(.SysPeriphAcRegs)

.SyncSocRegs
 *(.SyncSocRegs)

.DmaClaSrcSelRegs
 *(.DmaClaSrcSelRegs)

.WdRegs
 *(.WdRegs)

.AnalogSubsysRegs
 *(.AnalogSubsysRegs)

.DcsmBank0Z1Regs
 *(.DcsmBank0Z1Regs)

.DcsmBank0Z2Regs
 *(.DcsmBank0Z2Regs)

.DcsmCommonRegs
 *(.DcsmCommonRegs)

.DcsmBank0Z1OtpRegs
 *(.DcsmBank0Z1OtpRegs)

.DcsmBank0Z2OtpRegs
 *(.DcsmBank0Z2OtpRegs)

.Flash0CtrlRegs
 *(.Flash0CtrlRegs)

.Flash0EccRegs
 *(.Flash0EccRegs)

_IQsinTable     0x00000000007e2804        0x0
                0x00000000007e2804                IQsinTable = .
                0x00000000007e2a04                IQcosTable = (. + 0x200)

_IQdivRoundSatTable
                0x00000000007e3208        0x0
                0x00000000007e3208                IQdivRoundSatTable = .

_IQdivTable     0x00000000007e3224        0x0
                0x00000000007e3224                IQdivTable = .

_IQisqrtRoundSatTable
                0x00000000007e3628        0x0
                0x00000000007e3628                IQisqrtRoundSatTable = .

_IQisqrtTable   0x00000000007e3648        0x0
                0x00000000007e3648                IQisqrtTable = .

_IQatan2HalfPITable
                0x00000000007e384c        0x0
                0x00000000007e384c                IQatan2HalfPITable = .

_IQatan2Table   0x00000000007e38c8        0x0
                0x00000000007e38c8                IQatan2Table = .

_IQexpTableMinMax
                0x00000000007e3ea4        0x0
                0x00000000007e3ea4                IQexpTableMinMax = .

_IQexpTableCoeff
                0x00000000007e3f94        0x0
                0x00000000007e3f94                IQexpTableCoeff = .

_IQasinTable    0x00000000007e3fbc        0x0
                0x00000000007e3fbc                IQasinTable = .
                0x0000000000000800                . = 0x800

.M1             0x0000000000000800        0x0
                0x0000000000001000                __global_sp$ = (. + 0x800)
                0x0000000000010000                . = 0x10000

.sdata          0x0000000000010000     0x1d6a load address 0x0000000000608630
                0x0000000000010000                __data_start = .
                0x0000000000010800                __global_pointer$ = (. + 0x800)
 *(.data)
 .data          0x0000000000010000      0x6f0 ./src_control/motor1_drive.o
                0x0000000000010000                motorSetVars_M1
                0x00000000000100b4                userParams_M1
                0x00000000000102c4                halMtr_M1
                0x0000000000010308                drvicVars_M1
                0x000000000001032c                clarke_V_M1
                0x0000000000010338                clarke_I_M1
                0x0000000000010344                ipark_V_M1
                0x000000000001034c                park_I_M1
                0x0000000000010354                park_V_M1
                0x000000000001035c                pi_Id_M1
                0x0000000000010380                pi_Iq_M1
                0x00000000000103a4                pi_spd_M1
                0x00000000000103c8                pi_pos_M1
                0x00000000000103ec                svgen_M1
                0x00000000000103f8                traj_spd_M1
                0x000000000001040c                motorVars_M1
                0x00000000000106ec                motorHandle_M1
 *(.data.*)
 *(.srodata.cst16)
 *(.srodata.cst8)
 *(.srodata.cst4)
 *(.srodata.cst2)
 *(.srodata*)
 *(.sdata .sdata.* .gnu.linkonce.s.*)
 .sdata         0x00000000000106f0       0xa4 ./src_control/motor1_drive.o
                0x0000000000010784                speedSampleCount
                0x0000000000010788                dbLoop
                0x000000000001078c                testRefIq
                0x0000000000010790                testDelta_rad
 .sdata         0x0000000000010794       0x1c ./src_control/motor_common.o
 .sdata         0x00000000000107b0        0xc ./src_board/hal.o
 .sdata         0x00000000000107bc       0x10 ./src_board/user_mtr1.o
 .sdata         0x00000000000107cc        0x4 ./src/main.o
 .sdata         0x00000000000107d0       0x14 ./haawking-drivers/haawking-dsc280025_edc-board/sysctl.o
 *(LS4567)
 *(ramfuncs)
 ramfuncs       0x00000000000107e4     0x1280 ./src_control/motor1_drive.o
                0x00000000000107e4                motor1CtrlISR
 *fill*         0x0000000000011a64        0x0 
 ramfuncs       0x0000000000011a64       0x26 ./haawking-drivers/haawking-dsc280025_edc-board/SysCtl_delay.o
                0x0000000000011a64                SysCtl_delay
 *fill*         0x0000000000011a8a        0x2 
 ramfuncs       0x0000000000011a8c      0x2de ./haawking-drivers/haawking-dsc280025_edc-board/flash.o
                0x0000000000011a8c                Flash_initModule
                0x0000000000011d06                Flash_powerDown
                0x0000000000011d38                Flash_wakeFromLPM
                0x0000000000011d70                __data_end = ALIGN (0x8)

.sbss           0x0000000000011d80       0x24 load address 0x000000000060a3b0
                0x0000000000011d80                __bss_start = .
 *(.sbss .sbss.* .gnu.linkonce.sb.*)
 .sbss          0x0000000000011d80       0x18 ./src_control/motor1_drive.o
                0x0000000000011d80                el_angleOffset
                0x0000000000011d84                xint1Count
                0x0000000000011d88                receivedChar
                0x0000000000011d90                dbCount
                0x0000000000011d94                testFoc_rad
 .sbss          0x0000000000011d98        0x4 ./src_control/motor_common.o
                0x0000000000011d98                halHandle
 .sbss          0x0000000000011d9c        0x8 ./src/main.o
                0x0000000000011d9c                eqep_count
                0x0000000000011da0                cpuTimeHandle
 *(.scommon)

.bss            0x0000000000011da8      0x8d4 load address 0x000000000060a3d8
 *(.bss)
 *(.bss.*)
 .bss.debug1    0x0000000000011da8      0x320 ./src_control/motor1_drive.o
                0x0000000000011da8                debug1
 .bss.hal       0x00000000000120c8       0x50 ./src_control/motor_common.o
                0x00000000000120c8                hal
 .bss.cpuTime   0x0000000000012118       0x24 ./src/main.o
                0x0000000000012118                cpuTime
 .bss.systemVars
                0x000000000001213c       0x18 ./src/main.o
                0x000000000001213c                systemVars
 .bss.est_motor_1
                0x0000000000012154      0x528 ../lib\libHXFASTLib_HX280025_libV2.0.a(estlib.o)
                0x0000000000012154                est_motor_1
 *(COMMON)
                0x0000000000012680                __bss_end = ALIGN (0x8)
                0x0000000000018000                . = 0x18000

.ramgs0         0x0000000000018000        0x0 load address 0x000000000060a3a0
                0x0000000000018000                __gs_data_start = .
 *(ramgs0)
                0x0000000000018000                __gs_data_end = ALIGN (0x8)
                0x0000000000100c10                . = 0x100c10

.IER_REGISTER   0x0000000000100c10        0x4
 *(.ier_register)
 .ier_register  0x0000000000100c10        0x4 ./haawking-drivers/haawking-dsc280025_edc-board/interrupt.o
                0x0000000000100c10                IER
                0x0000000000100d10                . = 0x100d10

.IFR_REGISTER   0x0000000000100d10        0x4
 *(.ifr_register)
 .ifr_register  0x0000000000100d10        0x4 ./haawking-drivers/haawking-dsc280025_edc-board/interrupt.o
                0x0000000000100d10                IFR
                0x0000000000600000                . = 0x600000

.codestart      0x0000000000600000        0x4
 *(codestart)
 codestart      0x0000000000600000        0x4 ./haawking-drivers/haawking-dsc280025_edc-board/common/crt.o
                0x0000000000600000                _start
                0x0000000000600000                haawking_start@VERS_DSC280025_EDC_V1.0.0
                0x0000000000600010                . = 0x600010

.text.init      0x0000000000600010      0x1c2
 *(.text.init)
 .text.init     0x0000000000600010      0x1c2 ./haawking-drivers/haawking-dsc280025_edc-board/common/crt.o
                0x0000000000600010                _ENTRY

.text           0x00000000006001e0     0x8442
 *(.text)
 .text          0x00000000006001e0        0x6 ./haawking-drivers/haawking-dsc280025_edc-board/__disable_interrputs.o
                0x00000000006001e0                __disable_interrupts
 *fill*         0x00000000006001e6        0x2 
 .text          0x00000000006001e8        0x6 ./haawking-drivers/haawking-dsc280025_edc-board/__enable_interrupts.o
                0x00000000006001e8                __enable_interrupts
 *(.IQmath.*)
 *(.text*)
 .text.initMotor1Handles
                0x00000000006001ee       0x4c ./src_control/motor1_drive.o
                0x00000000006001ee                initMotor1Handles
 .text.initMotor1CtrlParameters
                0x000000000060023a      0x54a ./src_control/motor1_drive.o
                0x000000000060023a                initMotor1CtrlParameters
 .text.SVGEN_setMode
                0x0000000000600784        0xe ./src_control/motor1_drive.o
 .text.TRAJ_setTargetValue
                0x0000000000600792        0xe ./src_control/motor1_drive.o
 .text.TRAJ_setMinValue
                0x00000000006007a0        0xe ./src_control/motor1_drive.o
 .text.TRAJ_setMaxValue
                0x00000000006007ae        0xe ./src_control/motor1_drive.o
 .text.TRAJ_setMaxDelta
                0x00000000006007bc        0xe ./src_control/motor1_drive.o
 .text.HAL_disablePWM
                0x00000000006007ca       0x30 ./src_control/motor1_drive.o
 .text.runMotor1OffsetsCalculation
                0x00000000006007fa      0x5cc ./src_control/motor1_drive.o
                0x00000000006007fa                runMotor1OffsetsCalculation
 .text.calcMotorOverCurrentThreshold
                0x0000000000600dc6       0x54 ./src_control/motor1_drive.o
 .text.ADC_setPPBReferenceOffset
                0x0000000000600e1a       0x3c ./src_control/motor1_drive.o
 .text.HAL_enablePWM
                0x0000000000600e56       0x68 ./src_control/motor1_drive.o
 .text.ADC_clearInterruptStatus
                0x0000000000600ebe       0x30 ./src_control/motor1_drive.o
 .text.ADC_getInterruptStatus
                0x0000000000600eee       0x30 ./src_control/motor1_drive.o
 .text.runMotor1Control
                0x0000000000600f1e      0x4a0 ./src_control/motor1_drive.o
                0x0000000000600f1e                runMotor1Control
 .text.HAL_clearMtrFaultStatus
                0x00000000006013be       0x4e ./src_control/motor1_drive.o
 .text.updateControllers
                0x000000000060140c       0xb4 ./src_control/motor1_drive.o
 .text.Interrupt_clearACKGroup
                0x00000000006014c0        0xe ./src_control/motor1_drive.o
 .text.xint3ISR
                0x00000000006014ce      0x140 ./src_control/motor1_drive.o
                0x00000000006014ce                xint3ISR
 .text.SCI_readCharBlockingNonFIFO
                0x000000000060160e       0x2e ./src_control/motor1_drive.o
 .text.EPWM_forceTripZoneEvent
                0x000000000060163c       0x56 ./src_control/motor1_drive.o
 .text.EPWM_isBaseValid
                0x0000000000601692       0x5c ./src_control/motor1_drive.o
 .text.ADC_isBaseValid
                0x00000000006016ee       0x22 ./src_control/motor1_drive.o
 .text.EPWM_getTimeBasePeriod
                0x0000000000601710       0x28 ./src_control/motor1_drive.o
 .text.EPWM_setCounterCompareValue
                0x0000000000601738       0x64 ./src_control/motor1_drive.o
 .text.CMPSS_clearFilterLatchHigh
                0x000000000060179c       0x32 ./src_control/motor1_drive.o
 .text.CMPSS_clearFilterLatchLow
                0x00000000006017ce       0x32 ./src_control/motor1_drive.o
 .text.EPWM_clearTripZoneFlag
                0x0000000000601800       0x56 ./src_control/motor1_drive.o
 .text.CMPSS_isBaseValid
                0x0000000000601856       0x38 ./src_control/motor1_drive.o
 .text.ADC_readResult
                0x000000000060188e       0x3c ./src_control/motor1_drive.o
 .text.SCI_isBaseValid
                0x00000000006018ca       0x18 ./src_control/motor1_drive.o
 .text.SCI_isDataAvailableNonFIFO
                0x00000000006018e2       0x2a ./src_control/motor1_drive.o
 .text.TRAJ_getTargetValue
                0x000000000060190c        0xc ./src_control/motor1_drive.o
 .text.TRAJ_getMaxDelta
                0x0000000000601918        0xc ./src_control/motor1_drive.o
 .text.TRAJ_getMinValue
                0x0000000000601924        0xc ./src_control/motor1_drive.o
 .text.TRAJ_getMaxValue
                0x0000000000601930        0xc ./src_control/motor1_drive.o
 .text.SVGEN_setOneOverDcBus_invV
                0x000000000060193c        0xe ./src_control/motor1_drive.o
 .text.SVGEN_getOneOverDcBus_invV
                0x000000000060194a        0xc ./src_control/motor1_drive.o
 .text.SVGEN_getMode
                0x0000000000601956        0xc ./src_control/motor1_drive.o
 .text.setupClarke_V
                0x0000000000601962       0x40 ./src_control/motor_common.o
                0x0000000000601962                setupClarke_V
 .text.CLARKE_setScaleFactors
                0x00000000006019a2       0x18 ./src_control/motor_common.o
 .text.CLARKE_setNumSensors
                0x00000000006019ba       0x12 ./src_control/motor_common.o
 .text.setupClarke_I
                0x00000000006019cc       0x50 ./src_control/motor_common.o
                0x00000000006019cc                setupClarke_I
 .text.resetMotorControl
                0x0000000000601a1c      0x122 ./src_control/motor_common.o
                0x0000000000601a1c                resetMotorControl
 .text.TRAJ_setTargetValue
                0x0000000000601b3e        0xe ./src_control/motor_common.o
 .text.HAL_disablePWM
                0x0000000000601b4c       0x30 ./src_control/motor_common.o
 .text.SVGEN_setMode
                0x0000000000601b7c        0xe ./src_control/motor_common.o
 .text.setupControllers
                0x0000000000601b8a      0x31a ./src_control/motor_common.o
                0x0000000000601b8a                setupControllers
 .text.getControllers
                0x0000000000601ea4       0xac ./src_control/motor_common.o
 .text.CPU_TIME_reset
                0x0000000000601f50       0x60 ./src_control/motor_common.o
                0x0000000000601f50                CPU_TIME_reset
 .text.runMotorMonitor
                0x0000000000601fb0      0x3c2 ./src_control/motor_common.o
                0x0000000000601fb0                runMotorMonitor
 .text.calculateRMSData
                0x0000000000602372      0x21c ./src_control/motor_common.o
                0x0000000000602372                calculateRMSData
 .text.restartMotorControl
                0x000000000060258e       0x6c ./src_control/motor_common.o
                0x000000000060258e                restartMotorControl
 .text.stopMotorControl
                0x00000000006025fa       0x38 ./src_control/motor_common.o
                0x00000000006025fa                stopMotorControl
 .text.runRsOnLine
                0x0000000000602632       0xd2 ./src_control/motor_common.o
                0x0000000000602632                runRsOnLine
 .text.updateGlobalVariables
                0x0000000000602704      0x126 ./src_control/motor_common.o
                0x0000000000602704                updateGlobalVariables
 .text.collectRMSData
                0x000000000060282a      0x114 ./src_control/motor_common.o
                0x000000000060282a                collectRMSData
 .text.EPWM_forceTripZoneEvent
                0x000000000060293e       0x56 ./src_control/motor_common.o
 .text.EPWM_isBaseValid
                0x0000000000602994       0x5c ./src_control/motor_common.o
 .text.DRV8323_init
                0x00000000006029f0       0x16 ./src_board/drv8323s.o
                0x00000000006029f0                DRV8323_init
 .text.DRV8323_resetRxTimeout
                0x0000000000602a06        0xe ./src_board/drv8323s.o
 .text.DRV8323_resetEnableTimeout
                0x0000000000602a14        0xe ./src_board/drv8323s.o
 .text.DRV8323_enable
                0x0000000000602a22       0x6e ./src_board/drv8323s.o
                0x0000000000602a22                DRV8323_enable
 .text.GPIO_writePin
                0x0000000000602a90       0x50 ./src_board/drv8323s.o
 .text.DRV8323_readSPI
                0x0000000000602ae0       0x8a ./src_board/drv8323s.o
                0x0000000000602ae0                DRV8323_readSPI
 .text.DRV8323_setSPIHandle
                0x0000000000602b6a        0xe ./src_board/drv8323s.o
                0x0000000000602b6a                DRV8323_setSPIHandle
 .text.DRV8323_setGPIOCSNumber
                0x0000000000602b78        0xe ./src_board/drv8323s.o
                0x0000000000602b78                DRV8323_setGPIOCSNumber
 .text.DRV8323_setGPIOENNumber
                0x0000000000602b86        0xe ./src_board/drv8323s.o
                0x0000000000602b86                DRV8323_setGPIOENNumber
 .text.DRV8323_setupSPI
                0x0000000000602b94       0xca ./src_board/drv8323s.o
                0x0000000000602b94                DRV8323_setupSPI
 .text.DRV8323_buildCtrlWord
                0x0000000000602c5e       0x1c ./src_board/drv8323s.o
 .text.SPI_resetRxFIFO
                0x0000000000602c7a       0x36 ./src_board/drv8323s.o
 .text.SPI_enableFIFO
                0x0000000000602cb0       0x34 ./src_board/drv8323s.o
 .text.SPI_writeDataBlockingNonFIFO
                0x0000000000602ce4       0x36 ./src_board/drv8323s.o
 .text.SPI_getRxFIFOStatus
                0x0000000000602d1a       0x2e ./src_board/drv8323s.o
 .text.SPI_readDataNonBlocking
                0x0000000000602d48       0x2a ./src_board/drv8323s.o
 .text.DRV8323_writeSPI
                0x0000000000602d72       0x32 ./src_board/drv8323s.o
                0x0000000000602d72                DRV8323_writeSPI
 .text.DRV8323_writeData
                0x0000000000602da4       0xbe ./src_board/drv8323s.o
                0x0000000000602da4                DRV8323_writeData
 .text.GPIO_isPinValid
                0x0000000000602e62       0x2a ./src_board/drv8323s.o
 .text.SPI_isBaseValid
                0x0000000000602e8c       0x1e ./src_board/drv8323s.o
 .text.Interrupt_disableGlobal
                0x0000000000602eaa       0x14 ./src_board/hal.o
 .text.SysCtl_disableWatchdog
                0x0000000000602ebe       0x1e ./src_board/hal.o
 .text.HAL_enableCtrlInts
                0x0000000000602edc       0x3e ./src_board/hal.o
                0x0000000000602edc                HAL_enableCtrlInts
 .text.Interrupt_clearACKGroup
                0x0000000000602f1a        0xe ./src_board/hal.o
 .text.ADC_enableInterrupt
                0x0000000000602f28       0x54 ./src_board/hal.o
 .text.Interrupt_enableInCPU
                0x0000000000602f7c       0x16 ./src_board/hal.o
 .text.HAL_enableDebugInt
                0x0000000000602f92        0x8 ./src_board/hal.o
                0x0000000000602f92                HAL_enableDebugInt
 .text.HAL_enableGlobalInts
                0x0000000000602f9a        0xe ./src_board/hal.o
                0x0000000000602f9a                HAL_enableGlobalInts
 .text.Interrupt_enableGlobal
                0x0000000000602fa8       0x14 ./src_board/hal.o
 .text.HAL_init
                0x0000000000602fbc       0x84 ./src_board/hal.o
                0x0000000000602fbc                HAL_init
 .text.HAL_MTR1_init
                0x0000000000603040       0x7e ./src_board/hal.o
                0x0000000000603040                HAL_MTR1_init
 .text.HAL_setParams
                0x00000000006030be       0x30 ./src_board/hal.o
                0x00000000006030be                HAL_setParams
 .text.HAL_setupGPIOs
                0x00000000006030ee      0x446 ./src_board/hal.o
                0x00000000006030ee                HAL_setupGPIOs
 .text.HAL_setupADCs
                0x0000000000603534      0x1e4 ./src_board/hal.o
                0x0000000000603534                HAL_setupADCs
 .text.HAL_setupTimeBaseTimer
                0x0000000000603718       0x46 ./src_board/hal.o
                0x0000000000603718                HAL_setupTimeBaseTimer
 .text.HAL_setupCPUUsageTimer
                0x000000000060375e       0x36 ./src_board/hal.o
                0x000000000060375e                HAL_setupCPUUsageTimer
 .text.HAL_setupSCIA
                0x0000000000603794       0x6e ./src_board/hal.o
                0x0000000000603794                HAL_setupSCIA
 .text.HAL_setupDMA
                0x0000000000603802       0x14 ./src_board/hal.o
                0x0000000000603802                HAL_setupDMA
 .text.HAL_MTR_setParams
                0x0000000000603816       0x34 ./src_board/hal.o
                0x0000000000603816                HAL_MTR_setParams
 .text.HAL_setNumCurrentSensors
                0x000000000060384a       0x12 ./src_board/hal.o
 .text.HAL_setNumVoltageSensors
                0x000000000060385c       0x12 ./src_board/hal.o
 .text.HAL_setupPWMs
                0x000000000060386e      0x370 ./src_board/hal.o
                0x000000000060386e                HAL_setupPWMs
 .text.HAL_setupCMPSSs
                0x0000000000603bde      0x190 ./src_board/hal.o
                0x0000000000603bde                HAL_setupCMPSSs
 .text.HAL_setupQEP
                0x0000000000603d6e       0xce ./src_board/hal.o
                0x0000000000603d6e                HAL_setupQEP
 .text.HAL_setupSPI
                0x0000000000603e3c       0x68 ./src_board/hal.o
                0x0000000000603e3c                HAL_setupSPI
 .text.HAL_setupGate
                0x0000000000603ea4       0x2c ./src_board/hal.o
                0x0000000000603ea4                HAL_setupGate
 .text.EQEP_disableInterrupt
                0x0000000000603ed0       0x36 ./src_board/hal.o
 .text.EQEP_clearInterruptStatus
                0x0000000000603f06       0x2e ./src_board/hal.o
 .text.EQEP_selectSource
                0x0000000000603f34       0x44 ./src_board/hal.o
 .text.EQEP_setStrobeSource
                0x0000000000603f78       0x34 ./src_board/hal.o
 .text.EQEP_setDecoderConfig
                0x0000000000603fac       0x3c ./src_board/hal.o
 .text.EQEP_setEmulationMode
                0x0000000000603fe8       0x3c ./src_board/hal.o
 .text.EQEP_setPositionCounterConfig
                0x0000000000604024       0x40 ./src_board/hal.o
 .text.EQEP_setPosition
                0x0000000000604064       0x2a ./src_board/hal.o
 .text.EQEP_loadUnitTimer
                0x000000000060408e       0x2a ./src_board/hal.o
 .text.EQEP_disableUnitTimer
                0x00000000006040b8       0x2a ./src_board/hal.o
 .text.EQEP_disableWatchdog
                0x00000000006040e2       0x2a ./src_board/hal.o
 .text.EQEP_setLatchMode
                0x000000000060410c       0x34 ./src_board/hal.o
 .text.EQEP_setQMAModuleMode
                0x0000000000604140       0x34 ./src_board/hal.o
 .text.EQEP_disableDirectionChangeDuringIndex
                0x0000000000604174       0x2a ./src_board/hal.o
 .text.EQEP_setPositionInitMode
                0x000000000060419e       0x3c ./src_board/hal.o
 .text.EQEP_setSWPositionInit
                0x00000000006041da       0x42 ./src_board/hal.o
 .text.EQEP_setInitialPosition
                0x000000000060421c       0x2a ./src_board/hal.o
 .text.EQEP_enableModule
                0x0000000000604246       0x2c ./src_board/hal.o
 .text.ASysCtl_disableTemperatureSensor
                0x0000000000604272       0x18 ./src_board/hal.o
 .text.ADC_setPrescaler
                0x000000000060428a       0x3a ./src_board/hal.o
 .text.ADC_setInterruptPulseMode
                0x00000000006042c4       0x3a ./src_board/hal.o
 .text.ADC_setSOCPriority
                0x00000000006042fe       0x3a ./src_board/hal.o
 .text.ADC_enableConverter
                0x0000000000604338       0x34 ./src_board/hal.o
 .text.ADC_setInterruptSource
                0x000000000060436c       0x62 ./src_board/hal.o
 .text.ADC_setupSOC
                0x00000000006043ce       0x74 ./src_board/hal.o
 .text.ASysCtl_selectCMPHPMux
                0x0000000000604442       0x4a ./src_board/hal.o
 .text.ASysCtl_selectCMPLPMux
                0x000000000060448c       0x4a ./src_board/hal.o
 .text.CMPSS_enableModule
                0x00000000006044d6       0x3e ./src_board/hal.o
 .text.CMPSS_configHighComparator
                0x0000000000604514       0x3c ./src_board/hal.o
 .text.CMPSS_configLowComparator
                0x0000000000604550       0x44 ./src_board/hal.o
 .text.CMPSS_configOutputsHigh
                0x0000000000604594       0x3c ./src_board/hal.o
 .text.CMPSS_configOutputsLow
                0x00000000006045d0       0x44 ./src_board/hal.o
 .text.CMPSS_initFilterHigh
                0x0000000000604614       0x34 ./src_board/hal.o
 .text.CMPSS_initFilterLow
                0x0000000000604648       0x34 ./src_board/hal.o
 .text.CMPSS_setHysteresis
                0x000000000060467c       0x56 ./src_board/hal.o
 .text.CMPSS_configDAC
                0x00000000006046d2       0x3c ./src_board/hal.o
 .text.CMPSS_setDACValueHigh
                0x000000000060470e       0x40 ./src_board/hal.o
 .text.CMPSS_setDACValueLow
                0x000000000060474e       0x40 ./src_board/hal.o
 .text.CMPSS_clearFilterLatchHigh
                0x000000000060478e       0x34 ./src_board/hal.o
 .text.CMPSS_clearFilterLatchLow
                0x00000000006047c2       0x34 ./src_board/hal.o
 .text.HAL_enableDRV
                0x00000000006047f6       0x14 ./src_board/hal.o
                0x00000000006047f6                HAL_enableDRV
 .text.HAL_writeDRVData
                0x000000000060480a       0x16 ./src_board/hal.o
                0x000000000060480a                HAL_writeDRVData
 .text.HAL_setupDRVSPI
                0x0000000000604820       0x16 ./src_board/hal.o
                0x0000000000604820                HAL_setupDRVSPI
 .text.SPI_disableModule
                0x0000000000604836       0x2c ./src_board/hal.o
 .text.SPI_disableLoopback
                0x0000000000604862       0x2a ./src_board/hal.o
 .text.SPI_setEmulationMode
                0x000000000060488c       0x36 ./src_board/hal.o
 .text.SPI_enableFIFO
                0x00000000006048c2       0x36 ./src_board/hal.o
 .text.SPI_setTxFifoTransmitDelay
                0x00000000006048f8       0x4a ./src_board/hal.o
 .text.SPI_enableModule
                0x0000000000604942       0x2c ./src_board/hal.o
 .text.GPIO_writePin
                0x000000000060496e       0x52 ./src_board/hal.o
 .text.GPIO_setInterruptType
                0x00000000006049c0       0x24 ./src_board/hal.o
 .text.GPIO_enableInterrupt
                0x00000000006049e4       0x1e ./src_board/hal.o
 .text.SysCtl_enablePeripheral
                0x0000000000604a02       0x3e ./src_board/hal.o
 .text.SysCtl_disablePeripheral
                0x0000000000604a40       0x42 ./src_board/hal.o
 .text.EPWM_forceTripZoneEvent
                0x0000000000604a82       0x58 ./src_board/hal.o
 .text.EPWM_setTimeBaseCounterMode
                0x0000000000604ada       0x32 ./src_board/hal.o
 .text.EPWM_disablePhaseShiftLoad
                0x0000000000604b0c       0x2a ./src_board/hal.o
 .text.EPWM_setPeriodLoadMode
                0x0000000000604b36       0x3a ./src_board/hal.o
 .text.EPWM_enableSyncOutPulseSource
                0x0000000000604b70       0x4a ./src_board/hal.o
 .text.EPWM_setClockPrescaler
                0x0000000000604bba       0x44 ./src_board/hal.o
 .text.EPWM_setCountModeAfterSync
                0x0000000000604bfe       0x42 ./src_board/hal.o
 .text.EPWM_setPhaseShift
                0x0000000000604c40       0x40 ./src_board/hal.o
 .text.EPWM_setTimeBaseCounter
                0x0000000000604c80       0x2a ./src_board/hal.o
 .text.EPWM_setTimeBasePeriod
                0x0000000000604caa       0x2e ./src_board/hal.o
 .text.EPWM_setCounterCompareShadowLoadMode
                0x0000000000604cd8       0x94 ./src_board/hal.o
 .text.EPWM_setActionQualifierAction
                0x0000000000604d6c       0x84 ./src_board/hal.o
 .text.EPWM_setDeadBandDelayMode
                0x0000000000604df0       0x58 ./src_board/hal.o
 .text.EPWM_setRisingEdgeDeadBandDelayInput
                0x0000000000604e48       0x54 ./src_board/hal.o
 .text.EPWM_setDeadBandDelayPolarity
                0x0000000000604e9c       0x50 ./src_board/hal.o
 .text.EPWM_setRisingEdgeDelayCount
                0x0000000000604eec       0x46 ./src_board/hal.o
 .text.EPWM_setFallingEdgeDelayCount
                0x0000000000604f32       0x46 ./src_board/hal.o
 .text.EPWM_disableChopper
                0x0000000000604f78       0x2c ./src_board/hal.o
 .text.EPWM_disableTripZoneSignals
                0x0000000000604fa4       0x3e ./src_board/hal.o
 .text.EPWM_setInterruptSource
                0x0000000000604fe2       0xd8 ./src_board/hal.o
 .text.EPWM_enableInterrupt
                0x00000000006050ba       0x30 ./src_board/hal.o
 .text.EPWM_setADCTriggerSource
                0x00000000006050ea      0x134 ./src_board/hal.o
 .text.EPWM_enableADCTrigger
                0x000000000060521e       0x44 ./src_board/hal.o
 .text.EPWM_setInterruptEventCount
                0x0000000000605262       0x5e ./src_board/hal.o
 .text.EPWM_setADCTriggerEventPrescale
                0x00000000006052c0       0x82 ./src_board/hal.o
 .text.EPWM_clearEventTriggerInterruptFlag
                0x0000000000605342       0x30 ./src_board/hal.o
 .text.EPWM_clearADCTriggerFlag
                0x0000000000605372       0x3a ./src_board/hal.o
 .text.EPWM_setCounterCompareValue
                0x00000000006053ac       0x64 ./src_board/hal.o
 .text.SCI_clearOverflowStatus
                0x0000000000605410       0x2a ./src_board/hal.o
 .text.SCI_resetTxFIFO
                0x000000000060543a       0x36 ./src_board/hal.o
 .text.SCI_resetRxFIFO
                0x0000000000605470       0x36 ./src_board/hal.o
 .text.SCI_resetChannels
                0x00000000006054a6       0x36 ./src_board/hal.o
 .text.SCI_disableLoopback
                0x00000000006054dc       0x28 ./src_board/hal.o
 .text.SCI_performSoftwareReset
                0x0000000000605504       0x34 ./src_board/hal.o
 .text.SCI_disableFIFO
                0x0000000000605538       0x2c ./src_board/hal.o
 .text.SCI_enableModule
                0x0000000000605564       0x2a ./src_board/hal.o
 .text.CPUTimer_setPreScaler
                0x000000000060558e       0x28 ./src_board/hal.o
 .text.CPUTimer_setPeriod
                0x00000000006055b6       0x28 ./src_board/hal.o
 .text.CPUTimer_startTimer
                0x00000000006055de       0x3e ./src_board/hal.o
 .text.DMA_initController
                0x000000000060561c       0x1a ./src_board/hal.o
 .text.DMA_setEmulationMode
                0x0000000000605636       0x2e ./src_board/hal.o
 .text.HAL_setMtrCMPSSDACValue
                0x0000000000605664       0x58 ./src_board/hal.o
                0x0000000000605664                HAL_setMtrCMPSSDACValue
 .text.HAL_setTriggerPrams
                0x00000000006056bc       0x48 ./src_board/hal.o
                0x00000000006056bc                HAL_setTriggerPrams
 .text.ADC_isBaseValid
                0x0000000000605704       0x22 ./src_board/hal.o
 .text.EQEP_isBaseValid
                0x0000000000605726       0x1e ./src_board/hal.o
 .text.CMPSS_isBaseValid
                0x0000000000605744       0x38 ./src_board/hal.o
 .text.SPI_isBaseValid
                0x000000000060577c       0x1e ./src_board/hal.o
 .text.EPWM_isBaseValid
                0x000000000060579a       0x5c ./src_board/hal.o
 .text.GPIO_isPinValid
                0x00000000006057f6       0x2a ./src_board/hal.o
 .text.SCI_isBaseValid
                0x0000000000605820       0x18 ./src_board/hal.o
 .text.CPUTimer_isBaseValid
                0x0000000000605838       0x28 ./src_board/hal.o
 .text.USER_setMotor1Params
                0x0000000000605860      0x45c ./src_board/user_mtr1.o
                0x0000000000605860                USER_setMotor1Params
 .text.main     0x0000000000605cbc      0x1e2 ./src/main.o
                0x0000000000605cbc                main
 .text.HAL_initIntVectorTable
                0x0000000000605e9e       0x2a ./src/main.o
 .text.HAL_getCPUTimerStatus
                0x0000000000605ec8       0x1a ./src/main.o
 .text.HAL_clearCPUTimerFlag
                0x0000000000605ee2       0x1a ./src/main.o
 .text.EQEP_getPosition
                0x0000000000605efc       0x24 ./src/main.o
 .text.calcMotorOverCurrentThreshold
                0x0000000000605f20       0x54 ./src/main.o
 .text.HAL_disablePWM
                0x0000000000605f74       0x2a ./src/main.o
 .text.Interrupt_register
                0x0000000000605f9e       0x3c ./src/main.o
 .text.CPUTimer_getTimerOverflowStatus
                0x0000000000605fda       0x28 ./src/main.o
 .text.CPUTimer_isBaseValid
                0x0000000000606002       0x28 ./src/main.o
 .text.CPUTimer_clearOverflowFlag
                0x000000000060602a       0x2c ./src/main.o
 .text.GPIO_togglePin
                0x0000000000606056       0x40 ./src/main.o
 .text.GPIO_isPinValid
                0x0000000000606096       0x2a ./src/main.o
 .text.EQEP_isBaseValid
                0x00000000006060c0       0x1e ./src/main.o
 .text.EPWM_forceTripZoneEvent
                0x00000000006060de       0x56 ./src/main.o
 .text.EPWM_isBaseValid
                0x0000000000606134       0x5c ./src/main.o
 .text.handle_trap
                0x0000000000606190        0xe ./haawking-drivers/haawking-dsc280025_edc-board/common/syscalls.o
                0x0000000000606190                handle_trap
 .text._clean_bss
                0x000000000060619e       0x2c ./haawking-drivers/haawking-dsc280025_edc-board/common/syscalls.o
                0x000000000060619e                _clean_bss
 .text._init_data_LS4567
                0x00000000006061ca       0x44 ./haawking-drivers/haawking-dsc280025_edc-board/common/syscalls.o
                0x00000000006061ca                _init_data_LS4567
 .text._init_data_gs0
                0x000000000060620e       0x44 ./haawking-drivers/haawking-dsc280025_edc-board/common/syscalls.o
                0x000000000060620e                _init_data_gs0
 .text._init    0x0000000000606252       0x1a ./haawking-drivers/haawking-dsc280025_edc-board/common/syscalls.o
                0x0000000000606252                _init
 .text.SysCtl_disableWatchdog
                0x000000000060626c       0x1e ./haawking-drivers/haawking-dsc280025_edc-board/common/syscalls.o
 .text.SysCtl_enableWatchdog
                0x000000000060628a       0x22 ./haawking-drivers/haawking-dsc280025_edc-board/common/syscalls.o
 .text.CMPSS_configFilterHigh
                0x00000000006062ac       0xac ./haawking-drivers/haawking-dsc280025_edc-board/cmpss.o
                0x00000000006062ac                CMPSS_configFilterHigh
 .text.CMPSS_isBaseValid
                0x0000000000606358       0x38 ./haawking-drivers/haawking-dsc280025_edc-board/cmpss.o
 .text.CMPSS_configFilterLow
                0x0000000000606390       0xb0 ./haawking-drivers/haawking-dsc280025_edc-board/cmpss.o
                0x0000000000606390                CMPSS_configFilterLow
 .text.CPUTimer_setEmulationMode
                0x0000000000606440       0x34 ./haawking-drivers/haawking-dsc280025_edc-board/cputimer.o
                0x0000000000606440                CPUTimer_setEmulationMode
 .text.CPUTimer_isBaseValid
                0x0000000000606474       0x28 ./haawking-drivers/haawking-dsc280025_edc-board/cputimer.o
 .text.EPWM_setEmulationMode
                0x000000000060649c       0x36 ./haawking-drivers/haawking-dsc280025_edc-board/epwm.o
                0x000000000060649c                EPWM_setEmulationMode
 .text.EPWM_isBaseValid
                0x00000000006064d2       0x5c ./haawking-drivers/haawking-dsc280025_edc-board/epwm.o
 .text.EQEP_isBaseValid
                0x000000000060652e       0x1e ./haawking-drivers/haawking-dsc280025_edc-board/eqep.o
 .text.EQEP_setInputPolarity
                0x000000000060654c       0xa2 ./haawking-drivers/haawking-dsc280025_edc-board/eqep.o
                0x000000000060654c                EQEP_setInputPolarity
 .text.Flash_isCtrlBaseValid
                0x00000000006065ee       0x14 ./haawking-drivers/haawking-dsc280025_edc-board/flash.o
 .text.Flash_isECCBaseValid
                0x0000000000606602       0x18 ./haawking-drivers/haawking-dsc280025_edc-board/flash.o
 .text.GPIO_setDirectionMode
                0x000000000060661a       0x64 ./haawking-drivers/haawking-dsc280025_edc-board/gpio.o
                0x000000000060661a                GPIO_setDirectionMode
 .text.GPIO_isPinValid
                0x000000000060667e       0x2a ./haawking-drivers/haawking-dsc280025_edc-board/gpio.o
 .text.GPIO_setInterruptPin
                0x00000000006066a8       0x6a ./haawking-drivers/haawking-dsc280025_edc-board/gpio.o
                0x00000000006066a8                GPIO_setInterruptPin
 .text.XBAR_setInputPin
                0x0000000000606712       0x74 ./haawking-drivers/haawking-dsc280025_edc-board/gpio.o
 .text.GPIO_setPadConfig
                0x0000000000606786       0xaa ./haawking-drivers/haawking-dsc280025_edc-board/gpio.o
                0x0000000000606786                GPIO_setPadConfig
 .text.GPIO_setQualificationMode
                0x0000000000606830      0x1a0 ./haawking-drivers/haawking-dsc280025_edc-board/gpio.o
                0x0000000000606830                GPIO_setQualificationMode
 .text.GPIO_setPinConfig
                0x00000000006069d0       0x6c ./haawking-drivers/haawking-dsc280025_edc-board/gpio.o
                0x00000000006069d0                GPIO_setPinConfig
 .text.XBAR_isBaseValid
                0x0000000000606a3c       0x3c ./haawking-drivers/haawking-dsc280025_edc-board/gpio.o
 .text.Interrupt_initModule
                0x0000000000606a78       0x8a ./haawking-drivers/haawking-dsc280025_edc-board/interrupt.o
                0x0000000000606a78                Interrupt_initModule
 .text.Interrupt_disableGlobal
                0x0000000000606b02       0x14 ./haawking-drivers/haawking-dsc280025_edc-board/interrupt.o
 .text.Interrupt_initVectorTable
                0x0000000000606b16       0x4c ./haawking-drivers/haawking-dsc280025_edc-board/interrupt.o
                0x0000000000606b16                Interrupt_initVectorTable
 .text.Interrupt_defaultHandler
                0x0000000000606b62        0xe ./haawking-drivers/haawking-dsc280025_edc-board/interrupt.o
 .text.Interrupt_nmiHandler
                0x0000000000606b70        0x6 ./haawking-drivers/haawking-dsc280025_edc-board/interrupt.o
 .text.Interrupt_enable
                0x0000000000606b76       0x8c ./haawking-drivers/haawking-dsc280025_edc-board/interrupt.o
                0x0000000000606b76                Interrupt_enable
 .text.Interrupt_enableGlobal
                0x0000000000606c02       0x14 ./haawking-drivers/haawking-dsc280025_edc-board/interrupt.o
 .text.SCI_setConfig
                0x0000000000606c16       0x86 ./haawking-drivers/haawking-dsc280025_edc-board/sci.o
                0x0000000000606c16                SCI_setConfig
 .text.SCI_isBaseValid
                0x0000000000606c9c       0x18 ./haawking-drivers/haawking-dsc280025_edc-board/sci.o
 .text.SCI_disableModule
                0x0000000000606cb4       0x36 ./haawking-drivers/haawking-dsc280025_edc-board/sci.o
 .text.SCI_enableModule
                0x0000000000606cea       0x2c ./haawking-drivers/haawking-dsc280025_edc-board/sci.o
 .text.SCI_clearInterruptStatus
                0x0000000000606d16       0x78 ./haawking-drivers/haawking-dsc280025_edc-board/sci.o
                0x0000000000606d16                SCI_clearInterruptStatus
 .text.SCI_performSoftwareReset
                0x0000000000606d8e       0x36 ./haawking-drivers/haawking-dsc280025_edc-board/sci.o
 .text.SPI_setConfig
                0x0000000000606dc4       0xe4 ./haawking-drivers/haawking-dsc280025_edc-board/spi.o
                0x0000000000606dc4                SPI_setConfig
 .text.SPI_isBaseValid
                0x0000000000606ea8       0x1e ./haawking-drivers/haawking-dsc280025_edc-board/spi.o
 .text.SPI_clearInterruptStatus
                0x0000000000606ec6       0x88 ./haawking-drivers/haawking-dsc280025_edc-board/spi.o
                0x0000000000606ec6                SPI_clearInterruptStatus
 .text.SysCtl_getClock
                0x0000000000606f4e       0x9c ./haawking-drivers/haawking-dsc280025_edc-board/sysctl.o
                0x0000000000606f4e                SysCtl_getClock
 .text.SysCtl_isMCDClockFailureDetected
                0x0000000000606fea        0xe ./haawking-drivers/haawking-dsc280025_edc-board/sysctl.o
 .text.SysCtl_setClock
                0x0000000000606ff8      0x298 ./haawking-drivers/haawking-dsc280025_edc-board/sysctl.o
                0x0000000000606ff8                SysCtl_setClock
 .text.SysCtl_selectOscSource
                0x0000000000607290       0x8c ./haawking-drivers/haawking-dsc280025_edc-board/sysctl.o
                0x0000000000607290                SysCtl_selectOscSource
 .text.SysCtl_setPLLSysClk
                0x000000000060731c       0x20 ./haawking-drivers/haawking-dsc280025_edc-board/sysctl.o
 .text.SysCtl_isPLLValid
                0x000000000060733c      0x204 ./haawking-drivers/haawking-dsc280025_edc-board/sysctl.o
                0x000000000060733c                SysCtl_isPLLValid
 .text.SysCtl_selectXTAL
                0x0000000000607540       0x64 ./haawking-drivers/haawking-dsc280025_edc-board/sysctl.o
                0x0000000000607540                SysCtl_selectXTAL
 .text.SysCtl_pollX1Counter
                0x00000000006075a4       0x54 ./haawking-drivers/haawking-dsc280025_edc-board/sysctl.o
 .text.SysCtl_resetMCD
                0x00000000006075f8       0x1a ./haawking-drivers/haawking-dsc280025_edc-board/sysctl.o
 .text.SysCtl_selectXTALSingleEnded
                0x0000000000607612       0x4c ./haawking-drivers/haawking-dsc280025_edc-board/sysctl.o
                0x0000000000607612                SysCtl_selectXTALSingleEnded
 .text.SysCtl_getLowSpeedClock
                0x000000000060765e       0x2c ./haawking-drivers/haawking-dsc280025_edc-board/sysctl.o
                0x000000000060765e                SysCtl_getLowSpeedClock
 .text.SysCtl_enablePeripheral
                0x000000000060768a       0x3e ./haawking-drivers/haawking-dsc280025_edc-board/sysctl.o
 .text.DCC_clearErrorFlag
                0x00000000006076c8       0x30 ./haawking-drivers/haawking-dsc280025_edc-board/sysctl.o
 .text.DCC_clearDoneFlag
                0x00000000006076f8       0x30 ./haawking-drivers/haawking-dsc280025_edc-board/sysctl.o
 .text.DCC_disableModule
                0x0000000000607728       0x34 ./haawking-drivers/haawking-dsc280025_edc-board/sysctl.o
 .text.DCC_disableErrorSignal
                0x000000000060775c       0x36 ./haawking-drivers/haawking-dsc280025_edc-board/sysctl.o
 .text.DCC_disableDoneSignal
                0x0000000000607792       0x38 ./haawking-drivers/haawking-dsc280025_edc-board/sysctl.o
 .text.DCC_setCounter0ClkSource
                0x00000000006077ca       0x3e ./haawking-drivers/haawking-dsc280025_edc-board/sysctl.o
 .text.DCC_setCounter1ClkSource
                0x0000000000607808       0x3e ./haawking-drivers/haawking-dsc280025_edc-board/sysctl.o
 .text.DCC_setCounterSeeds
                0x0000000000607846       0xc4 ./haawking-drivers/haawking-dsc280025_edc-board/sysctl.o
 .text.DCC_enableSingleShotMode
                0x000000000060790a       0x60 ./haawking-drivers/haawking-dsc280025_edc-board/sysctl.o
 .text.DCC_enableModule
                0x000000000060796a       0x34 ./haawking-drivers/haawking-dsc280025_edc-board/sysctl.o
 .text.DCC_isBaseValid
                0x000000000060799e       0x20 ./haawking-drivers/haawking-dsc280025_edc-board/sysctl.o
 .text.Device_init
                0x00000000006079be       0x7e ./device/device.o
                0x00000000006079be                Device_init
 .text.SysCtl_disableWatchdog
                0x0000000000607a3c       0x1e ./device/device.o
 .text.SysCtl_deviceCal
                0x0000000000607a5a       0x1e ./device/device.o
 .text.SysCtl_setLowSpeedClock
                0x0000000000607a78       0x1e ./device/device.o
 .text.__error__
                0x0000000000607a96        0xc ./device/device.o
                0x0000000000607a96                __error__
 .text.Device_enableAllPeripherals
                0x0000000000607aa2      0x100 ./device/device.o
                0x0000000000607aa2                Device_enableAllPeripherals
 .text.ASysCtl_lockVREG
                0x0000000000607ba2       0x1a ./device/device.o
 .text.SysCtl_enablePeripheral
                0x0000000000607bbc       0x3e ./device/device.o
 .text.Device_initGPIO
                0x0000000000607bfa       0x1c ./device/device.o
                0x0000000000607bfa                Device_initGPIO
 .text.GPIO_unlockPortConfig
                0x0000000000607c16       0x2e ./device/device.o
 .text.EST_setParams
                0x0000000000607c44       0x14 ../lib\libHXFASTLib_HX280025_libV2.0.a(estlib.o)
                0x0000000000607c44                EST_setParams
 .text.EST_computeTorque_Nm
                0x0000000000607c58       0x16 ../lib\libHXFASTLib_HX280025_libV2.0.a(estlib.o)
                0x0000000000607c58                EST_computeTorque_Nm
 .text.EST_disable
                0x0000000000607c6e       0x16 ../lib\libHXFASTLib_HX280025_libV2.0.a(estlib.o)
                0x0000000000607c6e                EST_disable
 .text.EST_disableTraj
                0x0000000000607c84       0x16 ../lib\libHXFASTLib_HX280025_libV2.0.a(estlib.o)
                0x0000000000607c84                EST_disableTraj
 .text.EST_enable
                0x0000000000607c9a       0x16 ../lib\libHXFASTLib_HX280025_libV2.0.a(estlib.o)
                0x0000000000607c9a                EST_enable
 .text.EST_enableTraj
                0x0000000000607cb0       0x16 ../lib\libHXFASTLib_HX280025_libV2.0.a(estlib.o)
                0x0000000000607cb0                EST_enableTraj
 .text.EST_getFlag_enableRsOnLine
                0x0000000000607cc6       0x16 ../lib\libHXFASTLib_HX280025_libV2.0.a(estlib.o)
                0x0000000000607cc6                EST_getFlag_enableRsOnLine
 .text.EST_getFlux_Wb
                0x0000000000607cdc       0x16 ../lib\libHXFASTLib_HX280025_libV2.0.a(estlib.o)
                0x0000000000607cdc                EST_getFlux_Wb
 .text.EST_getFm_lp_Hz
                0x0000000000607cf2       0x16 ../lib\libHXFASTLib_HX280025_libV2.0.a(estlib.o)
                0x0000000000607cf2                EST_getFm_lp_Hz
 .text.EST_getIdRated_A
                0x0000000000607d08       0x16 ../lib\libHXFASTLib_HX280025_libV2.0.a(estlib.o)
                0x0000000000607d08                EST_getIdRated_A
 .text.EST_getIntValue_Id_A
                0x0000000000607d1e       0x16 ../lib\libHXFASTLib_HX280025_libV2.0.a(estlib.o)
                0x0000000000607d1e                EST_getIntValue_Id_A
 .text.EST_getLs_d_H
                0x0000000000607d34       0x16 ../lib\libHXFASTLib_HX280025_libV2.0.a(estlib.o)
                0x0000000000607d34                EST_getLs_d_H
 .text.EST_getLs_q_H
                0x0000000000607d4a       0x16 ../lib\libHXFASTLib_HX280025_libV2.0.a(estlib.o)
                0x0000000000607d4a                EST_getLs_q_H
 .text.EST_getRoverL_rps
                0x0000000000607d60       0x16 ../lib\libHXFASTLib_HX280025_libV2.0.a(estlib.o)
                0x0000000000607d60                EST_getRoverL_rps
 .text.EST_getRr_Ohm
                0x0000000000607d76       0x16 ../lib\libHXFASTLib_HX280025_libV2.0.a(estlib.o)
                0x0000000000607d76                EST_getRr_Ohm
 .text.EST_getRs_Ohm
                0x0000000000607d8c       0x16 ../lib\libHXFASTLib_HX280025_libV2.0.a(estlib.o)
                0x0000000000607d8c                EST_getRs_Ohm
 .text.EST_getRsOnLine_Ohm
                0x0000000000607da2       0x16 ../lib\libHXFASTLib_HX280025_libV2.0.a(estlib.o)
                0x0000000000607da2                EST_getRsOnLine_Ohm
 .text.EST_getState
                0x0000000000607db8       0x16 ../lib\libHXFASTLib_HX280025_libV2.0.a(estlib.o)
                0x0000000000607db8                EST_getState
 .text.EST_getTrajState
                0x0000000000607dce       0x16 ../lib\libHXFASTLib_HX280025_libV2.0.a(estlib.o)
                0x0000000000607dce                EST_getTrajState
 .text.EST_isError
                0x0000000000607de4       0x16 ../lib\libHXFASTLib_HX280025_libV2.0.a(estlib.o)
                0x0000000000607de4                EST_isError
 .text.EST_isIdle
                0x0000000000607dfa       0x16 ../lib\libHXFASTLib_HX280025_libV2.0.a(estlib.o)
                0x0000000000607dfa                EST_isIdle
 .text.EST_isLockRotor
                0x0000000000607e10       0x16 ../lib\libHXFASTLib_HX280025_libV2.0.a(estlib.o)
                0x0000000000607e10                EST_isLockRotor
 .text.EST_isMotorIdentified
                0x0000000000607e26       0x16 ../lib\libHXFASTLib_HX280025_libV2.0.a(estlib.o)
                0x0000000000607e26                EST_isMotorIdentified
 .text.EST_isTrajError
                0x0000000000607e3c       0x16 ../lib\libHXFASTLib_HX280025_libV2.0.a(estlib.o)
                0x0000000000607e3c                EST_isTrajError
 .text.EST_setFlag_bypassLockRotor
                0x0000000000607e52       0x1a ../lib\libHXFASTLib_HX280025_libV2.0.a(estlib.o)
                0x0000000000607e52                EST_setFlag_bypassLockRotor
 .text.EST_setFlag_enableForceAngle
                0x0000000000607e6c       0x1a ../lib\libHXFASTLib_HX280025_libV2.0.a(estlib.o)
                0x0000000000607e6c                EST_setFlag_enableForceAngle
 .text.EST_setFlag_enablePowerWarp
                0x0000000000607e86       0x1a ../lib\libHXFASTLib_HX280025_libV2.0.a(estlib.o)
                0x0000000000607e86                EST_setFlag_enablePowerWarp
 .text.EST_setFlag_enableRsOnLine
                0x0000000000607ea0       0x1a ../lib\libHXFASTLib_HX280025_libV2.0.a(estlib.o)
                0x0000000000607ea0                EST_setFlag_enableRsOnLine
 .text.EST_setFlag_enableRsRecalc
                0x0000000000607eba       0x1a ../lib\libHXFASTLib_HX280025_libV2.0.a(estlib.o)
                0x0000000000607eba                EST_setFlag_enableRsRecalc
 .text.EST_setFlag_updateRs
                0x0000000000607ed4       0x1a ../lib\libHXFASTLib_HX280025_libV2.0.a(estlib.o)
                0x0000000000607ed4                EST_setFlag_updateRs
 .text.EST_setRsOnLine_Ohm
                0x0000000000607eee       0x18 ../lib\libHXFASTLib_HX280025_libV2.0.a(estlib.o)
                0x0000000000607eee                EST_setRsOnLine_Ohm
 .text.EST_setRsOnLineId_A
                0x0000000000607f06       0x18 ../lib\libHXFASTLib_HX280025_libV2.0.a(estlib.o)
                0x0000000000607f06                EST_setRsOnLineId_A
 .text.EST_setRsOnLineId_mag_A
                0x0000000000607f1e       0x18 ../lib\libHXFASTLib_HX280025_libV2.0.a(estlib.o)
                0x0000000000607f1e                EST_setRsOnLineId_mag_A
 .text.EST_updateId_ref_A
                0x0000000000607f36       0x18 ../lib\libHXFASTLib_HX280025_libV2.0.a(estlib.o)
                0x0000000000607f36                EST_updateId_ref_A
 .text.EST_setOneOverFluxGain_sf
                0x0000000000607f4e       0x1a ../lib\libHXFASTLib_HX280025_libV2.0.a(estlib.o)
                0x0000000000607f4e                EST_setOneOverFluxGain_sf
 .text.EST_setFreqLFP_sf
                0x0000000000607f68       0x1a ../lib\libHXFASTLib_HX280025_libV2.0.a(estlib.o)
                0x0000000000607f68                EST_setFreqLFP_sf
 .text.EST_setBemf_sf
                0x0000000000607f82       0x1a ../lib\libHXFASTLib_HX280025_libV2.0.a(estlib.o)
                0x0000000000607f82                EST_setBemf_sf
 .text.EST_configureTraj
                0x0000000000607f9c       0x16 ../lib\libHXFASTLib_HX280025_libV2.0.a(estlib.o)
                0x0000000000607f9c                EST_configureTraj
 .text.EST_configureTrajState
                0x0000000000607fb2       0x1e ../lib\libHXFASTLib_HX280025_libV2.0.a(estlib.o)
                0x0000000000607fb2                EST_configureTrajState
 .text.EST_run  0x0000000000607fd0       0x1a ../lib\libHXFASTLib_HX280025_libV2.0.a(estlib.o)
                0x0000000000607fd0                EST_run
 .text.EST_updateTrajState
                0x0000000000607fea       0x16 ../lib\libHXFASTLib_HX280025_libV2.0.a(estlib.o)
                0x0000000000607fea                EST_updateTrajState
 .text.EST_updateState
                0x0000000000608000       0x18 ../lib\libHXFASTLib_HX280025_libV2.0.a(estlib.o)
                0x0000000000608000                EST_updateState
 .text.USER_setParams_priv
                0x0000000000608018       0x16 ../lib\libHXFASTLib_HX280025_libV2.0.a(estlib.o)
                0x0000000000608018                USER_setParams_priv
 .text.sqrtf    0x000000000060802e        0x6 D:/Haawking-IDE_v2.2.11Pre/haawking-tools/segger_lib\libhaawking-segger_imfc.a(floatops.o)
                0x000000000060802e                sqrtf
 *(.rodata .rodata.*)
 .rodata.str1.1
                0x0000000000608034       0xdf ./src_control/motor1_drive.o
 .rodata.str1.1
                0x0000000000608113       0x38 ./src_control/motor_common.o
 .rodata.str1.1
                0x0000000000608113       0x6f ./src_board/drv8323s.o
 .rodata.str1.1
                0x0000000000608182      0x11e ./src_board/hal.o
                                        0x26c (size before relaxing)
 *fill*         0x00000000006082a0        0x0 
 .rodata.main   0x00000000006082a0       0x14 ./src/main.o
 .rodata.str1.1
                0x00000000006082b4       0xe4 ./src/main.o
 .rodata.str1.1
                0x00000000006082b4       0x39 ./haawking-drivers/haawking-dsc280025_edc-board/cmpss.o
 .rodata.str1.1
                0x00000000006082ed       0x3c ./haawking-drivers/haawking-dsc280025_edc-board/cputimer.o
 .rodata.str1.1
                0x0000000000608329       0x38 ./haawking-drivers/haawking-dsc280025_edc-board/epwm.o
                                         0x70 (size before relaxing)
 .rodata.str1.1
                0x0000000000608361       0x38 ./haawking-drivers/haawking-dsc280025_edc-board/eqep.o
 .rodata.str1.1
                0x0000000000608399       0x72 ./haawking-drivers/haawking-dsc280025_edc-board/flash.o
 *fill*         0x000000000060840b        0x1 
 .rodata.GPIO_setInterruptPin
                0x000000000060840c       0x44 ./haawking-drivers/haawking-dsc280025_edc-board/gpio.o
 .rodata.str1.1
                0x0000000000608450       0x38 ./haawking-drivers/haawking-dsc280025_edc-board/gpio.o
                                         0x70 (size before relaxing)
 .rodata.str1.1
                0x0000000000608488       0x6e ./haawking-drivers/haawking-dsc280025_edc-board/sci.o
 .rodata.str1.1
                0x00000000006084f6       0x6e ./haawking-drivers/haawking-dsc280025_edc-board/spi.o
 .rodata.str1.1
                0x0000000000608564       0x71 ./haawking-drivers/haawking-dsc280025_edc-board/sysctl.o
 .rodata.str1.1
                0x00000000006085d5       0x4d ./device/device.o

.rela.dyn       0x0000000000608624        0x0
 .rela.text.init
                0x0000000000608624        0x0 ./src_control/motor1_drive.o
 .rela.text._clean_bss
                0x0000000000608624        0x0 ./src_control/motor1_drive.o
 .rela.text._init_data_LS4567
                0x0000000000608624        0x0 ./src_control/motor1_drive.o
 .rela.text._init_data_gs0
                0x0000000000608624        0x0 ./src_control/motor1_drive.o

.FLASH_LS4567_DATA
                0x0000000000608630        0x0
                0x0000000000608630                __flash_start = .

.FLASH_GS0_DATA
                0x0000000000608630        0x0
                0x000000000060a3a0                __gs_flash_start = (__flash_start + (__data_end - __data_start))
                0x00000000007a0000                . = 0x7a0000

.USER_OTP_TABLE
 *(.User_Otp_Table)
                0x00000000007a0000                _end = .
OUTPUT(Sanding_PMSMControl_HX0025EDC_v1.0.elf elf32-littleriscv)

.debug_abbrev   0x0000000000000000     0x184f
 .debug_abbrev  0x0000000000000000      0x2e2 ./src_control/motor1_drive.o
 .debug_abbrev  0x00000000000002e2      0x270 ./src_control/motor_common.o
 .debug_abbrev  0x0000000000000552      0x178 ./src_board/drv8323s.o
 .debug_abbrev  0x00000000000006ca      0x260 ./src_board/hal.o
 .debug_abbrev  0x000000000000092a       0xc0 ./src_board/user_mtr1.o
 .debug_abbrev  0x00000000000009ea      0x222 ./src/main.o
 .debug_abbrev  0x0000000000000c0c       0x1f ./haawking-drivers/haawking-dsc280025_edc-board/common/crt.o
 .debug_abbrev  0x0000000000000c2b      0x1a2 ./haawking-drivers/haawking-dsc280025_edc-board/common/syscalls.o
 .debug_abbrev  0x0000000000000dcd       0x21 ./haawking-drivers/haawking-dsc280025_edc-board/SysCtl_delay.o
 .debug_abbrev  0x0000000000000dee       0x21 ./haawking-drivers/haawking-dsc280025_edc-board/__disable_interrputs.o
 .debug_abbrev  0x0000000000000e0f       0x21 ./haawking-drivers/haawking-dsc280025_edc-board/__enable_interrupts.o
 .debug_abbrev  0x0000000000000e30       0x82 ./haawking-drivers/haawking-dsc280025_edc-board/cmpss.o
 .debug_abbrev  0x0000000000000eb2       0x89 ./haawking-drivers/haawking-dsc280025_edc-board/cputimer.o
 .debug_abbrev  0x0000000000000f3b      0x104 ./haawking-drivers/haawking-dsc280025_edc-board/epwm.o
 .debug_abbrev  0x000000000000103f       0x91 ./haawking-drivers/haawking-dsc280025_edc-board/eqep.o
 .debug_abbrev  0x00000000000010d0       0xbe ./haawking-drivers/haawking-dsc280025_edc-board/flash.o
 .debug_abbrev  0x000000000000118e      0x121 ./haawking-drivers/haawking-dsc280025_edc-board/gpio.o
 .debug_abbrev  0x00000000000012af       0xce ./haawking-drivers/haawking-dsc280025_edc-board/interrupt.o
 .debug_abbrev  0x000000000000137d      0x111 ./haawking-drivers/haawking-dsc280025_edc-board/sci.o
 .debug_abbrev  0x000000000000148e      0x146 ./haawking-drivers/haawking-dsc280025_edc-board/spi.o
 .debug_abbrev  0x00000000000015d4      0x161 ./haawking-drivers/haawking-dsc280025_edc-board/sysctl.o
 .debug_abbrev  0x0000000000001735      0x11a ./device/device.o

.debug_info     0x0000000000000000    0x14853
 .debug_info    0x0000000000000000     0x4545 ./src_control/motor1_drive.o
 .debug_info    0x0000000000004545     0x33e1 ./src_control/motor_common.o
 .debug_info    0x0000000000007926     0x1294 ./src_board/drv8323s.o
 .debug_info    0x0000000000008bba     0x420e ./src_board/hal.o
 .debug_info    0x000000000000cdc8      0x7b9 ./src_board/user_mtr1.o
 .debug_info    0x000000000000d581     0x2948 ./src/main.o
 .debug_info    0x000000000000fec9      0x192 ./haawking-drivers/haawking-dsc280025_edc-board/common/crt.o
 .debug_info    0x000000000001005b     0x11df ./haawking-drivers/haawking-dsc280025_edc-board/common/syscalls.o
 .debug_info    0x000000000001123a      0x174 ./haawking-drivers/haawking-dsc280025_edc-board/SysCtl_delay.o
 .debug_info    0x00000000000113ae      0x183 ./haawking-drivers/haawking-dsc280025_edc-board/__disable_interrputs.o
 .debug_info    0x0000000000011531      0x181 ./haawking-drivers/haawking-dsc280025_edc-board/__enable_interrupts.o
 .debug_info    0x00000000000116b2      0x1ea ./haawking-drivers/haawking-dsc280025_edc-board/cmpss.o
 .debug_info    0x000000000001189c       0xe8 ./haawking-drivers/haawking-dsc280025_edc-board/cputimer.o
 .debug_info    0x0000000000011984      0x617 ./haawking-drivers/haawking-dsc280025_edc-board/epwm.o
 .debug_info    0x0000000000011f9b      0x146 ./haawking-drivers/haawking-dsc280025_edc-board/eqep.o
 .debug_info    0x00000000000120e1      0x2af ./haawking-drivers/haawking-dsc280025_edc-board/flash.o
 .debug_info    0x0000000000012390      0x54d ./haawking-drivers/haawking-dsc280025_edc-board/gpio.o
 .debug_info    0x00000000000128dd      0x1f8 ./haawking-drivers/haawking-dsc280025_edc-board/interrupt.o
 .debug_info    0x0000000000012ad5      0x519 ./haawking-drivers/haawking-dsc280025_edc-board/sci.o
 .debug_info    0x0000000000012fee      0x9b1 ./haawking-drivers/haawking-dsc280025_edc-board/spi.o
 .debug_info    0x000000000001399f      0xa4b ./haawking-drivers/haawking-dsc280025_edc-board/sysctl.o
 .debug_info    0x00000000000143ea      0x469 ./device/device.o

.debug_ranges   0x0000000000000000      0xfd0
 .debug_ranges  0x0000000000000000      0x1c0 ./src_control/motor1_drive.o
 .debug_ranges  0x00000000000001c0       0xa8 ./src_control/motor_common.o
 .debug_ranges  0x0000000000000268       0xf0 ./src_board/drv8323s.o
 .debug_ranges  0x0000000000000358      0x528 ./src_board/hal.o
 .debug_ranges  0x0000000000000880       0x88 ./src/main.o
 .debug_ranges  0x0000000000000908       0x28 ./haawking-drivers/haawking-dsc280025_edc-board/common/crt.o
 .debug_ranges  0x0000000000000930      0x218 ./haawking-drivers/haawking-dsc280025_edc-board/common/syscalls.o
 .debug_ranges  0x0000000000000b48       0x30 ./haawking-drivers/haawking-dsc280025_edc-board/cmpss.o
 .debug_ranges  0x0000000000000b78       0x18 ./haawking-drivers/haawking-dsc280025_edc-board/cputimer.o
 .debug_ranges  0x0000000000000b90       0x68 ./haawking-drivers/haawking-dsc280025_edc-board/epwm.o
 .debug_ranges  0x0000000000000bf8       0x20 ./haawking-drivers/haawking-dsc280025_edc-board/eqep.o
 .debug_ranges  0x0000000000000c18       0x28 ./haawking-drivers/haawking-dsc280025_edc-board/flash.o
 .debug_ranges  0x0000000000000c40       0x70 ./haawking-drivers/haawking-dsc280025_edc-board/gpio.o
 .debug_ranges  0x0000000000000cb0       0x50 ./haawking-drivers/haawking-dsc280025_edc-board/interrupt.o
 .debug_ranges  0x0000000000000d00       0x98 ./haawking-drivers/haawking-dsc280025_edc-board/sci.o
 .debug_ranges  0x0000000000000d98       0xd8 ./haawking-drivers/haawking-dsc280025_edc-board/spi.o
 .debug_ranges  0x0000000000000e70       0xe8 ./haawking-drivers/haawking-dsc280025_edc-board/sysctl.o
 .debug_ranges  0x0000000000000f58       0x78 ./device/device.o

.debug_str      0x0000000000000000     0x982c
 .debug_str     0x0000000000000000     0x3663 ./src_control/motor1_drive.o
                                       0x3793 (size before relaxing)
 .debug_str     0x0000000000003663      0x2ee ./src_control/motor_common.o
                                       0x30c3 (size before relaxing)
 .debug_str     0x0000000000003951      0x58b ./src_board/drv8323s.o
                                       0x1686 (size before relaxing)
 .debug_str     0x0000000000003edc     0x36a0 ./src_board/hal.o
                                       0x5378 (size before relaxing)
 .debug_str     0x000000000000757c      0x2a4 ./src_board/user_mtr1.o
                                        0xc49 (size before relaxing)
 .debug_str     0x0000000000007820      0x238 ./src/main.o
                                       0x30b0 (size before relaxing)
 .debug_str     0x0000000000007a58      0x312 ./haawking-drivers/haawking-dsc280025_edc-board/common/syscalls.o
                                        0x590 (size before relaxing)
 .debug_str     0x0000000000007d6a      0x104 ./haawking-drivers/haawking-dsc280025_edc-board/cmpss.o
                                        0x264 (size before relaxing)
 .debug_str     0x0000000000007e6e       0x6d ./haawking-drivers/haawking-dsc280025_edc-board/cputimer.o
                                        0x237 (size before relaxing)
 .debug_str     0x0000000000007edb      0x118 ./haawking-drivers/haawking-dsc280025_edc-board/epwm.o
                                        0xa4a (size before relaxing)
 .debug_str     0x0000000000007ff3       0xa7 ./haawking-drivers/haawking-dsc280025_edc-board/eqep.o
                                        0x209 (size before relaxing)
 .debug_str     0x000000000000809a      0x1bf ./haawking-drivers/haawking-dsc280025_edc-board/flash.o
                                        0x31e (size before relaxing)
 .debug_str     0x0000000000008259      0x1eb ./haawking-drivers/haawking-dsc280025_edc-board/gpio.o
                                        0x519 (size before relaxing)
 .debug_str     0x0000000000008444      0x103 ./haawking-drivers/haawking-dsc280025_edc-board/interrupt.o
                                        0x28a (size before relaxing)
 .debug_str     0x0000000000008547      0x35a ./haawking-drivers/haawking-dsc280025_edc-board/sci.o
                                        0x530 (size before relaxing)
 .debug_str     0x00000000000088a1      0x3df ./haawking-drivers/haawking-dsc280025_edc-board/spi.o
                                        0x7f3 (size before relaxing)
 .debug_str     0x0000000000008c80      0x976 ./haawking-drivers/haawking-dsc280025_edc-board/sysctl.o
                                        0xfbc (size before relaxing)
 .debug_str     0x00000000000095f6      0x236 ./device/device.o
                                        0x9ab (size before relaxing)

.comment        0x0000000000000000      0x185
 .comment       0x0000000000000000       0xa2 ./src_control/motor1_drive.o
                                         0xa3 (size before relaxing)
 .comment       0x00000000000000a2       0xa3 ./src_control/motor_common.o
 .comment       0x00000000000000a2       0xa3 ./src_board/drv8323s.o
 .comment       0x00000000000000a2       0xa3 ./src_board/hal.o
 .comment       0x00000000000000a2       0xa3 ./src_board/user_mtr1.o
 .comment       0x00000000000000a2       0xa3 ./src/main.o
 .comment       0x00000000000000a2       0xa3 ./haawking-drivers/haawking-dsc280025_edc-board/common/syscalls.o
 .comment       0x00000000000000a2       0xa3 ./haawking-drivers/haawking-dsc280025_edc-board/cmpss.o
 .comment       0x00000000000000a2       0xa3 ./haawking-drivers/haawking-dsc280025_edc-board/cputimer.o
 .comment       0x00000000000000a2       0xa3 ./haawking-drivers/haawking-dsc280025_edc-board/epwm.o
 .comment       0x00000000000000a2       0xa3 ./haawking-drivers/haawking-dsc280025_edc-board/eqep.o
 .comment       0x00000000000000a2       0xa3 ./haawking-drivers/haawking-dsc280025_edc-board/flash.o
 .comment       0x00000000000000a2       0xa3 ./haawking-drivers/haawking-dsc280025_edc-board/gpio.o
 .comment       0x00000000000000a2       0xa3 ./haawking-drivers/haawking-dsc280025_edc-board/interrupt.o
 .comment       0x00000000000000a2       0xa3 ./haawking-drivers/haawking-dsc280025_edc-board/sci.o
 .comment       0x00000000000000a2       0xa3 ./haawking-drivers/haawking-dsc280025_edc-board/spi.o
 .comment       0x00000000000000a2       0xa3 ./haawking-drivers/haawking-dsc280025_edc-board/sysctl.o
 .comment       0x00000000000000a2       0xa3 ./device/device.o
 .comment       0x00000000000000a2       0xa2 ../lib\libHXFASTLib_HX280025_libV2.0.a(estlib.o)
                                         0xa3 (size before relaxing)
 .comment       0x0000000000000144       0x41 D:/Haawking-IDE_v2.2.11Pre/haawking-tools/segger_lib\libhaawking-segger_imfc.a(floatops.o)
                                         0x42 (size before relaxing)

.note.GNU-stack
                0x0000000000000000        0x0
 .note.GNU-stack
                0x0000000000000000        0x0 ./src_control/motor1_drive.o
 .note.GNU-stack
                0x0000000000000000        0x0 ./src_control/motor_common.o
 .note.GNU-stack
                0x0000000000000000        0x0 ./src_board/drv8323s.o
 .note.GNU-stack
                0x0000000000000000        0x0 ./src_board/hal.o
 .note.GNU-stack
                0x0000000000000000        0x0 ./src_board/user_mtr1.o
 .note.GNU-stack
                0x0000000000000000        0x0 ./src/main.o
 .note.GNU-stack
                0x0000000000000000        0x0 ./haawking-drivers/haawking-dsc280025_edc-board/common/syscalls.o
 .note.GNU-stack
                0x0000000000000000        0x0 ./haawking-drivers/haawking-dsc280025_edc-board/cmpss.o
 .note.GNU-stack
                0x0000000000000000        0x0 ./haawking-drivers/haawking-dsc280025_edc-board/cputimer.o
 .note.GNU-stack
                0x0000000000000000        0x0 ./haawking-drivers/haawking-dsc280025_edc-board/epwm.o
 .note.GNU-stack
                0x0000000000000000        0x0 ./haawking-drivers/haawking-dsc280025_edc-board/eqep.o
 .note.GNU-stack
                0x0000000000000000        0x0 ./haawking-drivers/haawking-dsc280025_edc-board/flash.o
 .note.GNU-stack
                0x0000000000000000        0x0 ./haawking-drivers/haawking-dsc280025_edc-board/gpio.o
 .note.GNU-stack
                0x0000000000000000        0x0 ./haawking-drivers/haawking-dsc280025_edc-board/interrupt.o
 .note.GNU-stack
                0x0000000000000000        0x0 ./haawking-drivers/haawking-dsc280025_edc-board/sci.o
 .note.GNU-stack
                0x0000000000000000        0x0 ./haawking-drivers/haawking-dsc280025_edc-board/spi.o
 .note.GNU-stack
                0x0000000000000000        0x0 ./haawking-drivers/haawking-dsc280025_edc-board/sysctl.o
 .note.GNU-stack
                0x0000000000000000        0x0 ./device/device.o
 .note.GNU-stack
                0x0000000000000000        0x0 ../lib\libHXFASTLib_HX280025_libV2.0.a(estlib.o)

.riscv.attributes
                0x0000000000000000       0x2b
 .riscv.attributes
                0x0000000000000000       0x2b ./src_control/motor1_drive.o
 .riscv.attributes
                0x000000000000002b       0x2b ./src_control/motor_common.o
 .riscv.attributes
                0x0000000000000056       0x2b ./src_board/drv8323s.o
 .riscv.attributes
                0x0000000000000081       0x2b ./src_board/hal.o
 .riscv.attributes
                0x00000000000000ac       0x2b ./src_board/user_mtr1.o
 .riscv.attributes
                0x00000000000000d7       0x2b ./src/main.o
 .riscv.attributes
                0x0000000000000102       0x2b ./haawking-drivers/haawking-dsc280025_edc-board/common/syscalls.o
 .riscv.attributes
                0x000000000000012d       0x2b ./haawking-drivers/haawking-dsc280025_edc-board/cmpss.o
 .riscv.attributes
                0x0000000000000158       0x2b ./haawking-drivers/haawking-dsc280025_edc-board/cputimer.o
 .riscv.attributes
                0x0000000000000183       0x2b ./haawking-drivers/haawking-dsc280025_edc-board/epwm.o
 .riscv.attributes
                0x00000000000001ae       0x2b ./haawking-drivers/haawking-dsc280025_edc-board/eqep.o
 .riscv.attributes
                0x00000000000001d9       0x2b ./haawking-drivers/haawking-dsc280025_edc-board/flash.o
 .riscv.attributes
                0x0000000000000204       0x2b ./haawking-drivers/haawking-dsc280025_edc-board/gpio.o
 .riscv.attributes
                0x000000000000022f       0x2b ./haawking-drivers/haawking-dsc280025_edc-board/interrupt.o
 .riscv.attributes
                0x000000000000025a       0x2b ./haawking-drivers/haawking-dsc280025_edc-board/sci.o
 .riscv.attributes
                0x0000000000000285       0x2b ./haawking-drivers/haawking-dsc280025_edc-board/spi.o
 .riscv.attributes
                0x00000000000002b0       0x2b ./haawking-drivers/haawking-dsc280025_edc-board/sysctl.o
 .riscv.attributes
                0x00000000000002db       0x2b ./device/device.o
 .riscv.attributes
                0x0000000000000306       0x2b ../lib\libHXFASTLib_HX280025_libV2.0.a(estlib.o)
 .riscv.attributes
                0x0000000000000331       0x2b D:/Haawking-IDE_v2.2.11Pre/haawking-tools/segger_lib\libhaawking-segger_imfc.a(floatops.o)

.debug_frame    0x0000000000000000     0x2ac0
 .debug_frame   0x0000000000000000      0x434 ./src_control/motor1_drive.o
 .debug_frame   0x0000000000000434      0x1d4 ./src_control/motor_common.o
 .debug_frame   0x0000000000000608      0x2b0 ./src_board/drv8323s.o
 .debug_frame   0x00000000000008b8      0xf1c ./src_board/hal.o
 .debug_frame   0x00000000000017d4       0x24 ./src_board/user_mtr1.o
 .debug_frame   0x00000000000017f8      0x18c ./src/main.o
 .debug_frame   0x0000000000001984      0x3b0 ./haawking-drivers/haawking-dsc280025_edc-board/common/syscalls.o
 .debug_frame   0x0000000000001d34       0x84 ./haawking-drivers/haawking-dsc280025_edc-board/cmpss.o
 .debug_frame   0x0000000000001db8       0x3c ./haawking-drivers/haawking-dsc280025_edc-board/cputimer.o
 .debug_frame   0x0000000000001df4      0x12c ./haawking-drivers/haawking-dsc280025_edc-board/epwm.o
 .debug_frame   0x0000000000001f20       0x54 ./haawking-drivers/haawking-dsc280025_edc-board/eqep.o
 .debug_frame   0x0000000000001f74      0x128 ./haawking-drivers/haawking-dsc280025_edc-board/flash.o
 .debug_frame   0x000000000000209c      0x13c ./haawking-drivers/haawking-dsc280025_edc-board/gpio.o
 .debug_frame   0x00000000000021d8       0xdc ./haawking-drivers/haawking-dsc280025_edc-board/interrupt.o
 .debug_frame   0x00000000000022b4      0x1b8 ./haawking-drivers/haawking-dsc280025_edc-board/sci.o
 .debug_frame   0x000000000000246c      0x280 ./haawking-drivers/haawking-dsc280025_edc-board/spi.o
 .debug_frame   0x00000000000026ec      0x290 ./haawking-drivers/haawking-dsc280025_edc-board/sysctl.o
 .debug_frame   0x000000000000297c      0x144 ./device/device.o

.debug_line     0x0000000000000000    0x1a9c1
 .debug_line    0x0000000000000000     0x5938 ./src_control/motor1_drive.o
 .debug_line    0x0000000000005938     0x294b ./src_control/motor_common.o
 .debug_line    0x0000000000008283      0xfaa ./src_board/drv8323s.o
 .debug_line    0x000000000000922d     0x5b68 ./src_board/hal.o
 .debug_line    0x000000000000ed95      0xc2b ./src_board/user_mtr1.o
 .debug_line    0x000000000000f9c0      0xc8b ./src/main.o
 .debug_line    0x000000000001064b      0x12f ./haawking-drivers/haawking-dsc280025_edc-board/common/crt.o
 .debug_line    0x000000000001077a     0x2e3b ./haawking-drivers/haawking-dsc280025_edc-board/common/syscalls.o
 .debug_line    0x00000000000135b5       0x80 ./haawking-drivers/haawking-dsc280025_edc-board/SysCtl_delay.o
 .debug_line    0x0000000000013635       0x78 ./haawking-drivers/haawking-dsc280025_edc-board/__disable_interrputs.o
 .debug_line    0x00000000000136ad       0x77 ./haawking-drivers/haawking-dsc280025_edc-board/__enable_interrupts.o
 .debug_line    0x0000000000013724      0x5b4 ./haawking-drivers/haawking-dsc280025_edc-board/cmpss.o
 .debug_line    0x0000000000013cd8      0x1fe ./haawking-drivers/haawking-dsc280025_edc-board/cputimer.o
 .debug_line    0x0000000000013ed6      0xd9a ./haawking-drivers/haawking-dsc280025_edc-board/epwm.o
 .debug_line    0x0000000000014c70      0x3ce ./haawking-drivers/haawking-dsc280025_edc-board/eqep.o
 .debug_line    0x000000000001503e      0x571 ./haawking-drivers/haawking-dsc280025_edc-board/flash.o
 .debug_line    0x00000000000155af      0xe84 ./haawking-drivers/haawking-dsc280025_edc-board/gpio.o
 .debug_line    0x0000000000016433      0x784 ./haawking-drivers/haawking-dsc280025_edc-board/interrupt.o
 .debug_line    0x0000000000016bb7      0xc18 ./haawking-drivers/haawking-dsc280025_edc-board/sci.o
 .debug_line    0x00000000000177cf     0x13ec ./haawking-drivers/haawking-dsc280025_edc-board/spi.o
 .debug_line    0x0000000000018bbb     0x17c8 ./haawking-drivers/haawking-dsc280025_edc-board/sysctl.o
 .debug_line    0x000000000001a383      0x63e ./device/device.o

.debug_loc      0x0000000000000000       0x28
 .debug_loc     0x0000000000000000       0x28 ./src_board/hal.o

.debug_aranges  0x0000000000000000       0x88
 .debug_aranges
                0x0000000000000000       0x28 ./haawking-drivers/haawking-dsc280025_edc-board/common/crt.o
 .debug_aranges
                0x0000000000000028       0x20 ./haawking-drivers/haawking-dsc280025_edc-board/SysCtl_delay.o
 .debug_aranges
                0x0000000000000048       0x20 ./haawking-drivers/haawking-dsc280025_edc-board/__disable_interrputs.o
 .debug_aranges
                0x0000000000000068       0x20 ./haawking-drivers/haawking-dsc280025_edc-board/__enable_interrupts.o
00000000 00000000 A IDE_VERSION_2_2_11Pre
00001000 00000000 T __global_sp$
00010000 00000000 T __data_start
00010000 000000b4 T motorSetVars_M1
000100b4 00000210 T userParams_M1
000102c4 00000044 T halMtr_M1
00010308 00000024 T drvicVars_M1
0001032c 0000000c T clarke_V_M1
00010338 0000000c T clarke_I_M1
00010344 00000008 T ipark_V_M1
0001034c 00000008 T park_I_M1
00010354 00000008 T park_V_M1
0001035c 00000024 T pi_Id_M1
00010380 00000024 T pi_Iq_M1
000103a4 00000024 T pi_spd_M1
000103c8 00000024 T pi_pos_M1
000103ec 0000000c T svgen_M1
000103f8 00000014 T traj_spd_M1
0001040c 000002e0 T motorVars_M1
000106ec 00000004 T motorHandle_M1
00010784 00000004 T speedSampleCount
00010788 00000004 T dbLoop
0001078c 00000004 T testRefIq
00010790 00000004 T testDelta_rad
000107e4 00001280 T motor1CtrlISR
00010800 00000000 T __global_pointer$
00011a64 00000026 T SysCtl_delay
00011a8c 00000094 T Flash_initModule
00011b20 00000056 t Flash_setBankPowerMode
00011b76 0000003a t Flash_disableCache
00011bb0 0000003a t Flash_disablePrefetch
00011bea 00000064 t Flash_setWaitstates
00011c4e 0000003c t Flash_enableCache
00011c8a 0000003c t Flash_enablePrefetch
00011cc6 00000040 t Flash_enableECC
00011d06 00000032 T Flash_powerDown
00011d38 00000032 T Flash_wakeFromLPM
00011d70 00000000 T __data_end
00011d80 00000000 B __bss_start
00011d80 00000004 B el_angleOffset
00011d84 00000004 B xint1Count
00011d88 00000005 B receivedChar
00011d90 00000004 B dbCount
00011d94 00000004 B testFoc_rad
00011d98 00000004 B halHandle
00011d9c 00000004 B eqep_count
00011da0 00000004 B cpuTimeHandle
00011da8 00000320 B debug1
000120c8 00000050 B hal
00012118 00000024 B cpuTime
0001213c 00000018 B systemVars
00012154 00000528 B est_motor_1
00012680 00000000 B __bss_end
00018000 00000000 B __gs_data_end
00018000 00000000 B __gs_data_start
00100c10 00000004 B IER
00100d10 00000004 B IFR
00600000 00000004 T _start
00600000 00000004 T haawking_start@VERS_DSC280025_EDC_V1.0.0
00600010 00000000 T _ENTRY
00600130 00000000 t trap_entry
006001e0 00000006 T __disable_interrupts
006001e8 00000006 T __enable_interrupts
006001ee 0000004c T initMotor1Handles
0060023a 0000054a T initMotor1CtrlParameters
00600784 0000000e t SVGEN_setMode
00600792 0000000e t TRAJ_setTargetValue
006007a0 0000000e t TRAJ_setMinValue
006007ae 0000000e t TRAJ_setMaxValue
006007bc 0000000e t TRAJ_setMaxDelta
006007ca 00000030 t HAL_disablePWM
006007fa 000005cc T runMotor1OffsetsCalculation
00600dc6 00000054 t calcMotorOverCurrentThreshold
00600e1a 0000003c t ADC_setPPBReferenceOffset
00600e56 00000068 t HAL_enablePWM
00600ebe 00000030 t ADC_clearInterruptStatus
00600eee 00000030 t ADC_getInterruptStatus
00600f1e 000004a0 T runMotor1Control
006013be 0000004e t HAL_clearMtrFaultStatus
0060140c 000000b4 t updateControllers
006014c0 0000000e t Interrupt_clearACKGroup
006014ce 00000140 T xint3ISR
0060160e 0000002e t SCI_readCharBlockingNonFIFO
0060163c 00000056 t EPWM_forceTripZoneEvent
00601692 0000005c t EPWM_isBaseValid
006016ee 00000022 t ADC_isBaseValid
00601710 00000028 t EPWM_getTimeBasePeriod
00601738 00000064 t EPWM_setCounterCompareValue
0060179c 00000032 t CMPSS_clearFilterLatchHigh
006017ce 00000032 t CMPSS_clearFilterLatchLow
00601800 00000056 t EPWM_clearTripZoneFlag
00601856 00000038 t CMPSS_isBaseValid
0060188e 0000003c t ADC_readResult
006018ca 00000018 t SCI_isBaseValid
006018e2 0000002a t SCI_isDataAvailableNonFIFO
0060190c 0000000c t TRAJ_getTargetValue
00601918 0000000c t TRAJ_getMaxDelta
00601924 0000000c t TRAJ_getMinValue
00601930 0000000c t TRAJ_getMaxValue
0060193c 0000000e t SVGEN_setOneOverDcBus_invV
0060194a 0000000c t SVGEN_getOneOverDcBus_invV
00601956 0000000c t SVGEN_getMode
00601962 00000040 T setupClarke_V
006019a2 00000018 t CLARKE_setScaleFactors
006019ba 00000012 t CLARKE_setNumSensors
006019cc 00000050 T setupClarke_I
00601a1c 00000122 T resetMotorControl
00601b3e 0000000e t TRAJ_setTargetValue
00601b4c 00000030 t HAL_disablePWM
00601b7c 0000000e t SVGEN_setMode
00601b8a 0000031a T setupControllers
00601ea4 000000ac t getControllers
00601f50 00000060 T CPU_TIME_reset
00601fb0 000003c2 T runMotorMonitor
00602372 0000021c T calculateRMSData
0060258e 0000006c T restartMotorControl
006025fa 00000038 T stopMotorControl
00602632 000000d2 T runRsOnLine
00602704 00000126 T updateGlobalVariables
0060282a 00000114 T collectRMSData
0060293e 00000056 t EPWM_forceTripZoneEvent
00602994 0000005c t EPWM_isBaseValid
006029f0 00000016 T DRV8323_init
00602a06 0000000e t DRV8323_resetRxTimeout
00602a14 0000000e t DRV8323_resetEnableTimeout
00602a22 0000006e T DRV8323_enable
00602a90 00000050 t GPIO_writePin
00602ae0 0000008a T DRV8323_readSPI
00602b6a 0000000e T DRV8323_setSPIHandle
00602b78 0000000e T DRV8323_setGPIOCSNumber
00602b86 0000000e T DRV8323_setGPIOENNumber
00602b94 000000ca T DRV8323_setupSPI
00602c5e 0000001c t DRV8323_buildCtrlWord
00602c7a 00000036 t SPI_resetRxFIFO
00602cb0 00000034 t SPI_enableFIFO
00602ce4 00000036 t SPI_writeDataBlockingNonFIFO
00602d1a 0000002e t SPI_getRxFIFOStatus
00602d48 0000002a t SPI_readDataNonBlocking
00602d72 00000032 T DRV8323_writeSPI
00602da4 000000be T DRV8323_writeData
00602e62 0000002a t GPIO_isPinValid
00602e8c 0000001e t SPI_isBaseValid
00602eaa 00000014 t Interrupt_disableGlobal
00602ebe 0000001e t SysCtl_disableWatchdog
00602edc 0000003e T HAL_enableCtrlInts
00602f1a 0000000e t Interrupt_clearACKGroup
00602f28 00000054 t ADC_enableInterrupt
00602f7c 00000016 t Interrupt_enableInCPU
00602f92 00000008 T HAL_enableDebugInt
00602f9a 0000000e T HAL_enableGlobalInts
00602fa8 00000014 t Interrupt_enableGlobal
00602fbc 00000084 T HAL_init
00603040 0000007e T HAL_MTR1_init
006030be 00000030 T HAL_setParams
006030ee 00000446 T HAL_setupGPIOs
00603534 000001e4 T HAL_setupADCs
00603718 00000046 T HAL_setupTimeBaseTimer
0060375e 00000036 T HAL_setupCPUUsageTimer
00603794 0000006e T HAL_setupSCIA
00603802 00000014 T HAL_setupDMA
00603816 00000034 T HAL_MTR_setParams